D:\MYF\SPH\GeoDualSPHysics_redevelop_f66777b\bin\windows\DualSPHysics5.2_GEO_win64.exe -gpu out/CaseCryerProblem_PR out -dirdataout data -svres -svextraparts:1 -tmax:0.00910928571429 -tout:9.10928571429e-05



 <DUALSPHYSICS5> Copyright (c) 2023 by
 Dr Jose M. Dominguez Alonso, Dr Alejandro Crespo,
 Prof. Moncho Gomez Gesteira, Prof. Benedict Rogers,
 Dr Georgios Fourtakas, Prof. Peter Stansby,
 Dr Renato Vacondio, Dr Corrado Altomare, Dr Angelo Tafuni,
 Dr Orlando Garcia Feal, Ivan Martinez Estevez,
 Dr Joseph O'Connor, Dr Aaron English

 EPHYSLAB Environmental Physics Laboratory, Universidade de Vigo
 School of Mechanical, Aerospace and Civil Engineering, University of Manchester

 DualSPHysics is free software: you can redistribute it and/or
 modify it under the terms of the GNU Lesser General Public License
 as published by the Free Software Foundation, either version 2.1 of
 the License, or (at your option) any later version.

 DualSPHysics is distributed in the hope that it will be useful,
 but WITHOUT ANY WARRANTY; without even the implied warranty of
 MERCHANTABILITY or FITNESS FOR A PARTICULAR PURPOSE.  See the
 GNU Lesser General Public License for more details.

 You should have received a copy of the GNU Lesser General Public License
 along with DualSPHysics. If not, see <http://www.gnu.org/licenses/>.

 Free download source files and documentation from DualSPHysics website (http://dual.sphysics.org).
 Full list of developers and contributors is available at https://dual.sphysics.org/developers
 Properly cite the use of DualSPHysics (Dominguez et al., 2022) (https://dual.sphysics.org/references).


DualSPHysics5 v5.2.274 (02-02-2024)
====================================
LoadDsphConfig> .../bin/windows/DsphConfig.xml
[CUDA Capable device(s)]
  Detected 1 CUDA Capable device(s)
  CUDA Driver Version / Runtime Version: 13.1 / 11.7
 
Device 0: "NVIDIA GeForce RTX 3050"
  CUDA Capability Major....: 8.6
  Global memory............: 8192 MBytes
  CUDA Cores...............: 2560 (20 Multiprocessors, 128 CUDA Cores/MP)
  GPU Max Clock rate.......: 1777 MHz (1.78 GHz)
  Memory Clock rate........: 7001 Mhz
  Memory Bus Width.........: 128-bit
  L2 Cache Size............: 1536 KBytes
  Constant memory..........: 64 KBytes
  Shared memory per block..: 48 KBytes
  Registers per block......: 65536
  Maximum threads per MP...: 1536
  Maximum threads per block: 1024
  Concurrent copy and kernel execution....: Yes with 1 copy engine(s)
  Run time limit on kernels...............: Yes
  Integrated GPU sharing Host Memory......: No
  Support host page-locked memory mapping.: Yes
  Device has ECC support..................: Disabled
  CUDA Device Driver Mode (TCC or WDDM)...: WDDM (Windows Display Driver Model)
  Device supports Unified Addressing (UVA): Yes
  Device PCI (Domain / Bus / location)....: 0 / 1 / 0
  Device supports P2P and RDMA............: No
 
[GPU Hardware]
Device default: 0 "NVIDIA GeForce RTX 3050"
Compute capability: 8.6
Memory global: 8191 MB
Memory shared: 49152 Bytes
 

[Initialising JSphGpuSingle  22-06-2026 16:12:52]
ProgramFile=".../bin/windows/DualSPHysics5.2_GEO_win64.exe"
ExecutionDir=".../refinement/damping_sweep_20260622/damp_0p005"
XmlFile=".../damp_0p005/out/CaseCryerProblem_PR.xml"
OutputDir=".../damping_sweep_20260622/damp_0p005/out"
OutputDataDir=".../damp_0p005/out/data"
XML-App: GenCase v5.0.278c (30-10-2023)
XML-Vars (uservars + ctes): MResId=[0]  dummyb=[0.09]  radius=[0.05]  CaseName=["CaseCryerProblem_PR"]  Data2D=[0]  Data2DPosy=[0]  H=[0.0045]  KernelSize=[0.009]  B=[3e+06]  Gamma=[7]  Rhop0=[2100]  Dp=[0.0025]  Gravity_x=[0]  Gravity_y=[0]  Gravity_z=[0]  MassFluid=[3.28125e-05]  MassBound=[3.28125e-05]
XML-Vars (parameters): TimeMax=[0.00910929]  TimeOut=[9.10929e-05]

[Soil modelling configuration]

  DP Constants="3D DP Circumscribed"
  Strain Softening="Disabled"
  Cohesion: 1000000000.000000
  Trigger Strength Reduction Factor: 1.650000
  Frictional Angle: 0.575959
  Bulk Modulus: 1666666.750000
  Shear Modulus: 769230.812500
  Hydromechanics="Enabled"
  HydroMechInitMode="None"
  HydroMechDrainage="Enabled"
  HydroMechDrainageStartTime: 0
  HydroMechDrainageBoundary: FreeSurface
  HydroMechTopLoadMode="FlexibleConfinement"
  HydroMechTopLoadDiscretization: Zhao-style global pair-wise kernel-truncation confinement
  HydroMechTopLoadQ0: 10000
  HydroMechTopLoadRampTime: 0
  HydroFlexConfinementLimiter: Disabled
  PoreWaterRho: 1000.000000
  PoreWaterBulkModulus: 2e+08
  Porosity: 0.300000
  HydraulicConductivity: 1e-05
  PoreDtSafety: 0.100000
  PoreShepardRegularization="Disabled"
  PoreShepardInterval: 30

**Basic case configuration is loaded
**Special case configuration is loaded
Loading initial state of particles...
Loaded particles: 37181
MapRealPos(border)=(-0.050225,-0.0502095,-0.0501648)-(0.092725,0.092725,0.092725)
MapRealPos(final)=(-0.050225,-0.0502095,-0.0501648)-(0.092725,0.092725,0.092725)
**Initial state of particles is loaded
PosCellCode="13_10_9 (8192,1024,512)"
PosCellSize=0.009000  (1 x KernelSize)
**3D-Simulation parameters:
CaseName="CaseCryerProblem_PR"
RunName="CaseCryerProblem_PR"
Symmetry=False
SavePosDouble=False
SvExtraParts="1"
SaveFtAce=False
SvTimers=True
Boundary="DBC"
StepAlgorithm="Symplectic"
Kernel="Wendland"
  Wendland.awen=4584692
  Wendland.bwen=-5.094127e+09
Viscosity="Artificial"
  Visco=0.1
  ViscoBoundFactor=1
ArtificialStress="None"
SoilStressRateGradCorr="None"
SoilDamping="BuiFukagawa2013"
  SoilDampingCoef=0.005
  SoilDampingBoundary="Excluded"
DensityDiffusion="None"
Shifting="None"
RigidAlgorithm="None"
FloatingCount=0
CaseNp=37181
CaseNbound=8
CaseNfixed=8
CaseNmoving=0
CaseNfloat=0
CaseNfluid=37173
PeriodicActive="None"
Dp=0.0025
KernelH=0.004500  (CoefficientH=1.03923; H/Dp=1.8)
KernelSize=0.009
CteB=384615.4
Gamma=7
RhopZero=2100
Cs0=35.80574408560461
CFLnumber=0.2
DtIni=0.000005
DtMin=0.00000001
DtAllParticles=False
FixedDt=0.000005
MassFluid=0.0000328125
MassBound=0.0000328125
TimeMax=0.009109285660088062
TimePart=9.109285747399554e-05
Gravity=(0,0,0)
NpMinimum=8
RhopOut=True
RhopOutMin=700
RhopOutMax=3000
WrnPartsOut=True
CellMode="Full"
ScellDiv=1
MapCells=(16,16,16)
CellDomFixed=False
**Requested GPU memory for 37309 particles: 14.4 MB (0 times).
DomCells=(16,16,16)
DomCellCode="1+11_10_10"
 
BlockSize calculation mode: Fixed.
  BsForcesBound=128 (39 regs)
  BsForcesFluid=128 (74 regs)
 
**CellDiv: Requested gpu memory for 39168 particles: 0.3 MB.
**CellDiv: Requested gpu memory for 2744 cells (CellMode=Full): 0.0 MB.
 
RunMode="Pos-Cell - Single-GPU"
 
Particle summary:
  Fixed....: 8  id:(0-7)   MKs:1 (10)
  Moving...: 0
  Floating.: 0
  Fluid....: 37173  id:(8-37180)   MKs:1 (1)

Total particles: 37181 (bound=8 (fx=8 mv=0 ft=0) fluid=37173)
Total MK blocks: 2 (bound=1 (fx=1 mv=0 ft=0) fluid=1)
 
Allocated memory in CPU: 7582498 (7.23 MB)
Allocated memory in GPU: 15434868 (14.72 MB)
Part_0000        37181 particles successfully stored

[Initialising simulation (zy19ehgf)  22-06-2026 16:12:52]
PART       PartTime      TotalSteps    Steps    Time/Sec   Finish time        
=========  ============  ============  =======  =========  ===================
Part_0001      0.000091            30       30   35629.98  22-06-2026 16:18:16
Part_0002      0.000184            61       31   37595.45  22-06-2026 16:18:25
Part_0003      0.000276            92       31   41403.25  22-06-2026 16:18:40
Part_0004      0.000365           122       30   36417.05  22-06-2026 16:18:36
Part_0005      0.000458           153       31   36626.22  22-06-2026 16:18:33
Part_0006      0.000547           183       30   36570.80  22-06-2026 16:18:32
Part_0007      0.000639           214       31   36957.95  22-06-2026 16:18:32
Part_0008      0.000729           244       30   36745.52  22-06-2026 16:18:31
Part_0009      0.000821           275       31   37068.64  22-06-2026 16:18:31
Part_0010      0.000914           306       31   36802.24  22-06-2026 16:18:30
Part_0011      0.001003           336       30   37092.69  22-06-2026 16:18:30
Part_0012      0.001095           367       31   36851.63  22-06-2026 16:18:30
Part_0013      0.001185           397       30   36908.23  22-06-2026 16:18:30
Part_0014      0.001277           428       31   36835.44  22-06-2026 16:18:29
Part_0015      0.001369           459       31   36829.11  22-06-2026 16:18:30
Part_0016      0.001459           489       30   36797.52  22-06-2026 16:18:29
Part_0017      0.001551           520       31   36666.52  22-06-2026 16:18:29
Part_0018      0.001640           550       30   36602.79  22-06-2026 16:18:29
Part_0019      0.001733           581       31   36713.91  22-06-2026 16:18:29
Part_0020      0.001822           611       30   36702.41  22-06-2026 16:18:28
Part_0021      0.001914           642       31   36974.09  22-06-2026 16:18:29
Part_0022      0.002007           673       31   36962.13  22-06-2026 16:18:28
Part_0023      0.002096           703       30   36631.10  22-06-2026 16:18:29
Part_0024      0.002188           734       31   37550.80  22-06-2026 16:18:29
Part_0025      0.002278           764       30   37283.95  22-06-2026 16:18:28
Part_0026      0.002370           795       31   36565.27  22-06-2026 16:18:29
Part_0027      0.002462           826       31   36676.45  22-06-2026 16:18:28
Part_0028      0.002552           856       30   36402.30  22-06-2026 16:18:28
Part_0029      0.002644           887       31   36564.62  22-06-2026 16:18:28
Part_0030      0.002734           917       30   36821.32  22-06-2026 16:18:28
Part_0031      0.002826           948       31   37715.35  22-06-2026 16:18:28
Part_0032      0.002915           978       30   37597.47  22-06-2026 16:18:29
Part_0033      0.003008          1009       31   36743.96  22-06-2026 16:18:28
Part_0034      0.003100          1040       31   36529.96  22-06-2026 16:18:29
Part_0035      0.003189          1070       30   36660.26  22-06-2026 16:18:28
Part_0036      0.003282          1101       31   37098.72  22-06-2026 16:18:28
Part_0037      0.003371          1131       30   37011.99  22-06-2026 16:18:29
Part_0038      0.003463          1162       31   36838.93  22-06-2026 16:18:28
Part_0039      0.003553          1192       30   36744.90  22-06-2026 16:18:28
Part_0040      0.003645          1223       31   36585.26  22-06-2026 16:18:28
Part_0041      0.003737          1254       31   36756.95  22-06-2026 16:18:28
Part_0042      0.003827          1284       30   36579.94  22-06-2026 16:18:28
Part_0043      0.003919          1315       31   37098.48  22-06-2026 16:18:28
Part_0044      0.004008          1345       30   36824.53  22-06-2026 16:18:28
Part_0045      0.004101          1376       31   37031.10  22-06-2026 16:18:28
Part_0046      0.004193          1407       31   36903.05  22-06-2026 16:18:28
Part_0047      0.004283          1437       30   36625.61  22-06-2026 16:18:28
Part_0048      0.004375          1468       31   36337.13  22-06-2026 16:18:28
Part_0049      0.004464          1498       30   36464.39  22-06-2026 16:18:28
Part_0050      0.004557          1529       31   36330.78  22-06-2026 16:18:27
Part_0051      0.004646          1559       30   36450.63  22-06-2026 16:18:27
Part_0052      0.004738          1590       31   36842.76  22-06-2026 16:18:28
Part_0053      0.004831          1621       31   36866.34  22-06-2026 16:18:27
Part_0054      0.004920          1651       30   36840.75  22-06-2026 16:18:27
Part_0055      0.005012          1682       31   36856.02  22-06-2026 16:18:28
Part_0056      0.005102          1712       30   37206.13  22-06-2026 16:18:27
Part_0057      0.005194          1743       31   36322.44  22-06-2026 16:18:28
Part_0058      0.005286          1774       31   36666.17  22-06-2026 16:18:27
Part_0059      0.005376          1804       30   36783.41  22-06-2026 16:18:27
Part_0060      0.005468          1835       31   36867.27  22-06-2026 16:18:28
Part_0061      0.005557          1865       30   37047.24  22-06-2026 16:18:27
Part_0062      0.005650          1896       31   36135.83  22-06-2026 16:18:27
Part_0063      0.005739          1926       30   36762.28  22-06-2026 16:18:28
Part_0064      0.005831          1957       31   38045.30  22-06-2026 16:18:27
Part_0065      0.005924          1988       31   36401.49  22-06-2026 16:18:27
Part_0066      0.006013          2018       30   36383.72  22-06-2026 16:18:28
Part_0067      0.006106          2049       31   36320.01  22-06-2026 16:18:27
Part_0068      0.006195          2079       30   36334.68  22-06-2026 16:18:27
Part_0069      0.006287          2110       31   36617.21  22-06-2026 16:18:27
Part_0070      0.006377          2140       30   36233.76  22-06-2026 16:18:27
Part_0071      0.006469          2171       31   37113.91  22-06-2026 16:18:27
Part_0072      0.006561          2202       31   36818.39  22-06-2026 16:18:27
Part_0073      0.006651          2232       30   36619.70  22-06-2026 16:18:27
Part_0074      0.006743          2263       31   36687.97  22-06-2026 16:18:27
Part_0075      0.006832          2293       30   36618.65  22-06-2026 16:18:27
Part_0076      0.006925          2324       31   36434.32  22-06-2026 16:18:27
Part_0077      0.007017          2355       31   36732.77  22-06-2026 16:18:27
Part_0078      0.007106          2385       30   36728.42  22-06-2026 16:18:27
Part_0079      0.007199          2416       31   36525.39  22-06-2026 16:18:27
Part_0080      0.007288          2446       30   36563.12  22-06-2026 16:18:27
Part_0081      0.007380          2477       31   37024.99  22-06-2026 16:18:27
Part_0082      0.007470          2507       30   37222.39  22-06-2026 16:18:27
Part_0083      0.007562          2538       31   37226.66  22-06-2026 16:18:27
Part_0084      0.007654          2569       31   37715.04  22-06-2026 16:18:27
Part_0085      0.007744          2599       30   36907.74  22-06-2026 16:18:27
Part_0086      0.007836          2630       31   37641.25  22-06-2026 16:18:27
Part_0087      0.007926          2660       30   36416.08  22-06-2026 16:18:27
Part_0088      0.008018          2691       31   36715.68  22-06-2026 16:18:27
Part_0089      0.008110          2722       31   36821.22  22-06-2026 16:18:27
Part_0090      0.008200          2752       30   36563.65  22-06-2026 16:18:27
Part_0091      0.008292          2783       31   36264.88  22-06-2026 16:18:27
Part_0092      0.008381          2813       30   36367.67  22-06-2026 16:18:27
Part_0093      0.008474          2844       31   36643.14  22-06-2026 16:18:27
Part_0094      0.008563          2874       30   37654.66  22-06-2026 16:18:27
Part_0095      0.008655          2905       31   37793.29  22-06-2026 16:18:27
Part_0096      0.008748          2936       31   38559.63  22-06-2026 16:18:28
Part_0097      0.008837          2966       30   36836.38  22-06-2026 16:18:28
Part_0098      0.008929          2997       31   36270.66  22-06-2026 16:18:27
Part_0099      0.009019          3027       30   36658.64  22-06-2026 16:18:27
Part_0100      0.009111          3058       31   37107.68  22-06-2026 16:18:28

[Simulation finished  22-06-2026 16:18:28]
Particles of simulation (initial): 37181
DTs adjusted to DtMin............: 0
Excluded particles...............: 0
Total Runtime....................: 335.927277 sec.
Simulation Runtime...............: 335.871399 sec.
Runtime per physical second......: 36863.980469 sec.
Steps per second.................: 9.104675
Steps of simulation..............: 3058
PART files.......................: 101
Maximum number of particles......: 37181
Maximum number of cells..........: 2197
CPU Memory.......................: 7582498 (7.23 MB)
GPU Memory.......................: 15434868 (14.72 MB)
 
[GPU Timers]
VA-Init..........................: 0.055896 sec.
NL-Limits........................: 0.696609 sec.
NL-PreSort.......................: 0.154590 sec.
NL-RadixSort.....................: 1.441263 sec.
NL-CellBegin.....................: 0.547938 sec.
NL-SortData......................: 1.149188 sec.
NL-OutCheck......................: 80.991466 sec.
CF-PreForces.....................: 1.486584 sec.
CF-Forces........................: 163.737770 sec.
SU-Shifting......................: 0 sec.
SU-ComputeStep...................: 0.550371 sec.
SU-Floating......................: 0 sec.
SU-Motion........................: 0 sec.
SU-Periodic......................: 0 sec.
SU-ResizeNp......................: 0 sec.
SU-DownData......................: 1.540318 sec.
SU-SavePart......................: 1.250251 sec.
SU-Chrono........................: 0 sec.
SU-Moorings......................: 0 sec.
SU-InOut.........................: 0 sec.
SU-Gauges........................: 0.000000 sec.
 
[Output files]
- CfgInit_Domain.vtk...: Saves the limits of the case and the simulation domain limits.
- CfgInit_MapCells.vtk.: Saves the cell division of the simulation domain.
- Run.csv..............: One line CSV file with execution parameters and other simulation data.
- Run.out..............: Log file of the simulation.
- data/PartInfo.ibi4...: Binary file with execution information for each instant (input for PartInfo program).
- data/PartOut_???.obi4: Binary file with particles excluded during simulation (input for PartVtkOut program).
- data/Part_????.bi4...: Binary file with particle data in different instants.
- data/Part_Head.ibi4..: Binary file with basic information of simulation data.
 
[References]
- Official solver reference DualSPHysics v5.0: J.M. Dominguez, G. Fourtakas,
    C. Altomare, R.B. Canelas, A. Tafuni, O. Garcia-Feal, I. Martinez-Estevez,
    A. Mokos, R. Vacondio, A.J.C. Crespo, B.D. Rogers, P.K. Stansby, M. Gomez-Gesteira.
    2022. DualSPHysics: from fluid dynamics to multiphysics problems.
    Computational Particle Mechanics, 9:867-895. doi: https://doi.org/10.1007/s40571-021-00404-2

- Optimised CPU multi-core and GPU implementation (Dominguez et al., 2013  https://doi.org/10.1016/j.cpc.2012.10.015)
- Dynamic boundary conditions (Crespo et al., 2007  https://doi.org/10.3970/cmc.2007.005.173)
- Viscosity: Artificial (Monaghan, 1992  https://doi.org/10.1146/annurev.aa.30.090192.002551)
- Kernel: Quintic Wendland (Wendland, 1995  https://doi.org/10.1007/BF02123482)
- Time integration scheme: Symplectic (Leimkhuler, 1996  https://doi.org/10.1007/978-3-319-16375-8_1)

Finished execution (code=0).

