Tv=1 physical time for k=1e-5: 0.910928571429 s
[gencase] dp0025_early_tv001_dtv1e-4
[solver] dp0025_early_tv001_dtv1e-4 dp=0.0025 TvMax=0.01 dTv=0.0001
[partvtk] dp0025_early_tv001_dtv1e-4
[postprocess] dp0025_early_tv001_dtv1e-4
[gencase] dp0025_full_tv1_dtv1e-2
[solver] dp0025_full_tv1_dtv1e-2 dp=0.0025 TvMax=1.0 dTv=0.01
[partvtk] dp0025_full_tv1_dtv1e-2
[postprocess] dp0025_full_tv1_dtv1e-2
[saved] D:\MYF\SPH\GeoDualSPHysics_redevelop_f66777b\examples\Hydromechanic coupling\04_CryerProblem_PR\figures\cryer_k1e5_dp0025_full_20260622_paper_axes.png
[saved] D:\MYF\SPH\GeoDualSPHysics_redevelop_f66777b\examples\Hydromechanic coupling\04_CryerProblem_PR\figures\cryer_k1e5_dp0025_full_20260622_combined.csv
[saved] D:\MYF\SPH\GeoDualSPHysics_redevelop_f66777b\examples\Hydromechanic coupling\04_CryerProblem_PR\figures\cryer_k1e5_dp0025_full_20260622_metrics.json
{
  "points": 199,
  "rmse": 0.15522116171181538,
  "mae": 0.04868539405829142,
  "peak_num": 2.7044669,
  "peak_num_tv": 0.0001,
  "theory_at_peak_num_tv": 1.0129112,
  "peak_theory": 1.2476399,
  "peak_theory_tv": 0.05,
  "num_at_peak_theory_tv": 1.2146494,
  "peak_deficit_at_theory_tv": -0.03299049999999992,
  "max_speed": 0.076075706,
  "min_sample_count": 18,
  "final_tv": 1.0,
  "final_num": 0.0042177069,
  "final_theory": 0.0017835149
}
