D:\MYF\SPH\GeoDualSPHysics_redevelop_f66777b\bin\windows\DualSPHysics5.2_GEO_win64.exe -gpu out/CaseCryerProblem_PR out -dirdataout data -svres -svextraparts:1 -tmax:0.9109285714285715 -tout:0.009109285714285716



 <DUALSPHYSICS5> Copyright (c) 2023 by
 Dr Jose M. Dominguez Alonso, Dr Alejandro Crespo,
 Prof. Moncho Gomez Gesteira, Prof. Benedict Rogers,
 Dr Georgios Fourtakas, Prof. Peter Stansby,
 Dr Renato Vacondio, Dr Corrado Altomare, Dr Angelo Tafuni,
 Dr Orlando Garcia Feal, Ivan Martinez Estevez,
 Dr Joseph O'Connor, Dr Aaron English

 EPHYSLAB Environmental Physics Laboratory, Universidade de Vigo
 School of Mechanical, Aerospace and Civil Engineering, University of Manchester

 DualSPHysics is free software: you can redistribute it and/or
 modify it under the terms of the GNU Lesser General Public License
 as published by the Free Software Foundation, either version 2.1 of
 the License, or (at your option) any later version.

 DualSPHysics is distributed in the hope that it will be useful,
 but WITHOUT ANY WARRANTY; without even the implied warranty of
 MERCHANTABILITY or FITNESS FOR A PARTICULAR PURPOSE.  See the
 GNU Lesser General Public License for more details.

 You should have received a copy of the GNU Lesser General Public License
 along with DualSPHysics. If not, see <http://www.gnu.org/licenses/>.

 Free download source files and documentation from DualSPHysics website (http://dual.sphysics.org).
 Full list of developers and contributors is available at https://dual.sphysics.org/developers
 Properly cite the use of DualSPHysics (Dominguez et al., 2022) (https://dual.sphysics.org/references).


DualSPHysics5 v5.2.274 (02-02-2024)
====================================
LoadDsphConfig> .../bin/windows/DsphConfig.xml
[CUDA Capable device(s)]
  Detected 1 CUDA Capable device(s)
  CUDA Driver Version / Runtime Version: 13.1 / 11.7
 
Device 0: "NVIDIA GeForce RTX 3050"
  CUDA Capability Major....: 8.6
  Global memory............: 8192 MBytes
  CUDA Cores...............: 2560 (20 Multiprocessors, 128 CUDA Cores/MP)
  GPU Max Clock rate.......: 1777 MHz (1.78 GHz)
  Memory Clock rate........: 7001 Mhz
  Memory Bus Width.........: 128-bit
  L2 Cache Size............: 1536 KBytes
  Constant memory..........: 64 KBytes
  Shared memory per block..: 48 KBytes
  Registers per block......: 65536
  Maximum threads per MP...: 1536
  Maximum threads per block: 1024
  Concurrent copy and kernel execution....: Yes with 1 copy engine(s)
  Run time limit on kernels...............: Yes
  Integrated GPU sharing Host Memory......: No
  Support host page-locked memory mapping.: Yes
  Device has ECC support..................: Disabled
  CUDA Device Driver Mode (TCC or WDDM)...: WDDM (Windows Display Driver Model)
  Device supports Unified Addressing (UVA): Yes
  Device PCI (Domain / Bus / location)....: 0 / 1 / 0
  Device supports P2P and RDMA............: No
 
[GPU Hardware]
Device default: 0 "NVIDIA GeForce RTX 3050"
Compute capability: 8.6
Memory global: 8191 MB
Memory shared: 49152 Bytes
 

[Initialising JSphGpuSingle  22-06-2026 05:34:17]
ProgramFile=".../bin/windows/DualSPHysics5.2_GEO_win64.exe"
ExecutionDir=".../refinement/k1e5_convergence_20260622/dp0025_full_tv1_dtv1e-2"
XmlFile=".../dp0025_full_tv1_dtv1e-2/out/CaseCryerProblem_PR.xml"
OutputDir=".../k1e5_convergence_20260622/dp0025_full_tv1_dtv1e-2/out"
OutputDataDir=".../dp0025_full_tv1_dtv1e-2/out/data"
XML-App: GenCase v5.0.278c (30-10-2023)
XML-Vars (uservars + ctes): MResId=[0]  dummyb=[0.09]  radius=[0.05]  CaseName=["CaseCryerProblem_PR"]  Data2D=[0]  Data2DPosy=[0]  H=[0.0045]  KernelSize=[0.009]  B=[3e+06]  Gamma=[7]  Rhop0=[2100]  Dp=[0.0025]  Gravity_x=[0]  Gravity_y=[0]  Gravity_z=[0]  MassFluid=[3.28125e-05]  MassBound=[3.28125e-05]
XML-Vars (parameters): TimeMax=[0.910929]  TimeOut=[0.00910929]

[Soil modelling configuration]

  DP Constants="3D DP Circumscribed"
  Strain Softening="Disabled"
  Cohesion: 1000000000.000000
  Trigger Strength Reduction Factor: 1.650000
  Frictional Angle: 0.575959
  Bulk Modulus: 1666666.750000
  Shear Modulus: 769230.812500
  Hydromechanics="Enabled"
  HydroMechInitMode="None"
  HydroMechDrainage="Enabled"
  HydroMechDrainageStartTime: 0
  HydroMechDrainageBoundary: FreeSurface
  HydroMechTopLoadMode="FlexibleConfinement"
  HydroMechTopLoadDiscretization: Zhao-style global pair-wise kernel-truncation confinement
  HydroMechTopLoadQ0: 10000
  HydroMechTopLoadRampTime: 0
  HydroFlexConfinementLimiter: Disabled
  PoreWaterRho: 1000.000000
  PoreWaterBulkModulus: 2e+08
  Porosity: 0.300000
  HydraulicConductivity: 1e-05
  PoreDtSafety: 0.100000
  PoreShepardRegularization="Disabled"
  PoreShepardInterval: 30

**Basic case configuration is loaded
**Special case configuration is loaded
Loading initial state of particles...
Loaded particles: 37181
MapRealPos(border)=(-0.050225,-0.0502095,-0.0501648)-(0.092725,0.092725,0.092725)
MapRealPos(final)=(-0.050225,-0.0502095,-0.0501648)-(0.092725,0.092725,0.092725)
**Initial state of particles is loaded
PosCellCode="13_10_9 (8192,1024,512)"
PosCellSize=0.009000  (1 x KernelSize)
**3D-Simulation parameters:
CaseName="CaseCryerProblem_PR"
RunName="CaseCryerProblem_PR"
Symmetry=False
SavePosDouble=False
SvExtraParts="1"
SaveFtAce=False
SvTimers=True
Boundary="DBC"
StepAlgorithm="Symplectic"
Kernel="Wendland"
  Wendland.awen=4584692
  Wendland.bwen=-5.094127e+09
Viscosity="Artificial"
  Visco=0.1
  ViscoBoundFactor=1
ArtificialStress="None"
SoilStressRateGradCorr="None"
SoilDamping="BuiFukagawa2013"
  SoilDampingCoef=0.02
  SoilDampingBoundary="Excluded"
DensityDiffusion="None"
Shifting="None"
RigidAlgorithm="None"
FloatingCount=0
CaseNp=37181
CaseNbound=8
CaseNfixed=8
CaseNmoving=0
CaseNfloat=0
CaseNfluid=37173
PeriodicActive="None"
Dp=0.0025
KernelH=0.004500  (CoefficientH=1.03923; H/Dp=1.8)
KernelSize=0.009
CteB=384615.4
Gamma=7
RhopZero=2100
Cs0=35.80574408560461
CFLnumber=0.2
DtIni=0.000005
DtMin=0.00000001
DtAllParticles=False
FixedDt=0.000005
MassFluid=0.0000328125
MassBound=0.0000328125
TimeMax=0.9109285473823547
TimePart=0.009109285660088062
Gravity=(0,0,0)
NpMinimum=8
RhopOut=True
RhopOutMin=700
RhopOutMax=3000
WrnPartsOut=True
CellMode="Full"
ScellDiv=1
MapCells=(16,16,16)
CellDomFixed=False
**Requested GPU memory for 37309 particles: 14.4 MB (0 times).
DomCells=(16,16,16)
DomCellCode="1+11_10_10"
 
BlockSize calculation mode: Fixed.
  BsForcesBound=128 (39 regs)
  BsForcesFluid=128 (74 regs)
 
**CellDiv: Requested gpu memory for 39168 particles: 0.3 MB.
**CellDiv: Requested gpu memory for 2744 cells (CellMode=Full): 0.0 MB.
 
RunMode="Pos-Cell - Single-GPU"
 
Particle summary:
  Fixed....: 8  id:(0-7)   MKs:1 (10)
  Moving...: 0
  Floating.: 0
  Fluid....: 37173  id:(8-37180)   MKs:1 (1)

Total particles: 37181 (bound=8 (fx=8 mv=0 ft=0) fluid=37173)
Total MK blocks: 2 (bound=1 (fx=1 mv=0 ft=0) fluid=1)
 
Allocated memory in CPU: 7582498 (7.23 MB)
Allocated memory in GPU: 15434868 (14.72 MB)
Part_0000        37181 particles successfully stored

[Initialising simulation (62shr148)  22-06-2026 05:34:17]
PART       PartTime      TotalSteps    Steps    Time/Sec   Finish time        
=========  ============  ============  =======  =========  ===================
  Progress 0.09% in 30.1s. Estimated finish time: 22-06-2026 14:30:41
  Progress 0.19% in 60.1s. Estimated finish time: 22-06-2026 14:31:01
  Progress 0.93% in 300.0s. Estimated finish time: 22-06-2026 14:31:14
Part_0001      0.009111          3058     3058   35371.76  22-06-2026 14:31:18
Part_0002      0.018220          6116     3058   35810.81  22-06-2026 14:34:38
Part_0003      0.027329          9174     3058   35718.00  22-06-2026 14:35:16
Part_0004      0.036438         12232     3058   35749.05  22-06-2026 14:35:43
Part_0005      0.045547         15290     3058   35771.66  22-06-2026 14:36:03
Part_0006      0.054656         18348     3058   35650.48  22-06-2026 14:35:57
Part_0007      0.063766         21406     3058   35565.25  22-06-2026 14:35:42
Part_0008      0.072875         24464     3058   35659.45  22-06-2026 14:35:42
Part_0009      0.081984         27522     3058   35651.65  22-06-2026 14:35:41
Part_0010      0.091096         30581     3059   35674.02  22-06-2026 14:35:44
Part_0011      0.100205         33639     3058   35647.88  22-06-2026 14:35:43
Part_0012      0.109314         36697     3058   35615.45  22-06-2026 14:35:39
Part_0013      0.118423         39755     3058   35599.15  22-06-2026 14:35:35
Part_0014      0.127532         42813     3058   35601.38  22-06-2026 14:35:32
Part_0015      0.136641         45871     3058   35596.33  22-06-2026 14:35:28
Part_0016      0.145750         48929     3058   35618.63  22-06-2026 14:35:27
Part_0017      0.154859         51987     3058   35631.22  22-06-2026 14:35:26
Part_0018      0.163968         55045     3058   35785.36  22-06-2026 14:35:33
Part_0019      0.173077         58103     3058   35729.93  22-06-2026 14:35:38
Part_0020      0.182187         61161     3058   35890.86  22-06-2026 14:35:47
Part_0021      0.191296         64219     3058   35958.29  22-06-2026 14:36:01
Part_0022      0.200405         67277     3058   35922.21  22-06-2026 14:36:10
Part_0023      0.209514         70335     3058   36033.81  22-06-2026 14:36:24
Part_0024      0.218623         73393     3058   36096.45  22-06-2026 14:36:39
Part_0025      0.227735         76452     3059   36091.68  22-06-2026 14:36:52
Part_0026      0.236844         79510     3058   36100.07  22-06-2026 14:37:05
Part_0027      0.245953         82568     3058   36430.71  22-06-2026 14:37:28
Part_0028      0.255062         85626     3058   36411.35  22-06-2026 14:37:49
Part_0029      0.264171         88684     3058   36400.53  22-06-2026 14:38:07
Part_0030      0.273280         91742     3058   36364.89  22-06-2026 14:38:24
Part_0031      0.282389         94800     3058   36359.20  22-06-2026 14:38:40
Part_0032      0.291498         97858     3058   36368.57  22-06-2026 14:38:54
Part_0033      0.300608        100916     3058   36398.97  22-06-2026 14:39:08
Part_0034      0.309717        103974     3058   36383.71  22-06-2026 14:39:22
Part_0035      0.318826        107032     3058   36389.86  22-06-2026 14:39:34
Part_0036      0.327935        110090     3058   36404.04  22-06-2026 14:39:47
Part_0037      0.337044        113148     3058   36396.89  22-06-2026 14:39:58
Part_0038      0.346153        116206     3058   36400.90  22-06-2026 14:40:09
Part_0039      0.355265        119265     3059   36408.18  22-06-2026 14:40:20
Part_0040      0.364374        122323     3058   36416.07  22-06-2026 14:40:31
Part_0041      0.373483        125381     3058   36417.78  22-06-2026 14:40:40
Part_0042      0.382592        128439     3058   36412.97  22-06-2026 14:40:49
Part_0043      0.391701        131497     3058   36417.01  22-06-2026 14:40:59
Part_0044      0.400810        134555     3058   36412.77  22-06-2026 14:41:06
Part_0045      0.409919        137613     3058   36408.39  22-06-2026 14:41:15
Part_0046      0.419029        140671     3058   36406.72  22-06-2026 14:41:22
Part_0047      0.428138        143729     3058   36414.15  22-06-2026 14:41:29
Part_0048      0.437247        146787     3058   36416.88  22-06-2026 14:41:37
Part_0049      0.446356        149845     3058   36405.23  22-06-2026 14:41:44
Part_0050      0.455465        152903     3058   36606.95  22-06-2026 14:41:53
Part_0051      0.464574        155961     3058   36369.88  22-06-2026 14:41:58
Part_0052      0.473683        159019     3058   36369.06  22-06-2026 14:42:04
Part_0053      0.482795        162078     3059   36355.90  22-06-2026 14:42:09
Part_0054      0.491904        165136     3058   36359.38  22-06-2026 14:42:13
Part_0055      0.501013        168194     3058   36356.73  22-06-2026 14:42:17
Part_0056      0.510122        171252     3058   36755.18  22-06-2026 14:42:28
Part_0057      0.519231        174310     3058   36316.62  22-06-2026 14:42:32
Part_0058      0.528340        177368     3058   36323.65  22-06-2026 14:42:35
Part_0059      0.537450        180426     3058   36347.88  22-06-2026 14:42:39
Part_0060      0.546559        183484     3058   36375.29  22-06-2026 14:42:42
Part_0061      0.555668        186542     3058   36374.07  22-06-2026 14:42:47
Part_0062      0.564777        189600     3058   36370.67  22-06-2026 14:42:50
Part_0063      0.573886        192658     3058   36374.13  22-06-2026 14:42:53
Part_0064      0.582995        195716     3058   36354.33  22-06-2026 14:42:56
Part_0065      0.592104        198774     3058   36358.46  22-06-2026 14:43:00
Part_0066      0.601213        201832     3058   36351.88  22-06-2026 14:43:03
Part_0067      0.610322        204890     3058   36359.58  22-06-2026 14:43:06
Part_0068      0.619434        207949     3059   37018.32  22-06-2026 14:43:17
Part_0069      0.628543        211007     3058   36352.44  22-06-2026 14:43:19
Part_0070      0.637652        214065     3058   36353.71  22-06-2026 14:43:23
Part_0071      0.646761        217123     3058   36150.43  22-06-2026 14:43:22
Part_0072      0.655871        220181     3058   35924.01  22-06-2026 14:43:19
Part_0073      0.664980        223239     3058   35694.71  22-06-2026 14:43:13
Part_0074      0.674089        226297     3058   35711.05  22-06-2026 14:43:08
Part_0075      0.683198        229355     3058   35689.52  22-06-2026 14:43:02
Part_0076      0.692307        232413     3058   35724.57  22-06-2026 14:42:57
Part_0077      0.701416        235471     3058   35699.75  22-06-2026 14:42:52
Part_0078      0.710525        238529     3058   35709.74  22-06-2026 14:42:47
Part_0079      0.719634        241587     3058   35729.59  22-06-2026 14:42:42
Part_0080      0.728743        244645     3058   35724.67  22-06-2026 14:42:37
Part_0081      0.737852        247703     3058   35709.10  22-06-2026 14:42:34
Part_0082      0.746964        250762     3059   35708.74  22-06-2026 14:42:29
Part_0083      0.756073        253820     3058   35695.94  22-06-2026 14:42:24
Part_0084      0.765182        256878     3058   35878.86  22-06-2026 14:42:22
Part_0085      0.774292        259936     3058   37135.43  22-06-2026 14:42:33
Part_0086      0.783401        262994     3058   37101.65  22-06-2026 14:42:43
Part_0087      0.792510        266052     3058   36781.41  22-06-2026 14:42:50
Part_0088      0.801619        269110     3058   36890.58  22-06-2026 14:42:58
Part_0089      0.810728        272168     3058   36944.27  22-06-2026 14:43:07
Part_0090      0.819837        275226     3058   37145.20  22-06-2026 14:43:16
Part_0091      0.828946        278284     3058   38035.05  22-06-2026 14:43:36
Part_0092      0.838055        281342     3058   37332.85  22-06-2026 14:43:47
Part_0093      0.847164        284400     3058   37423.28  22-06-2026 14:43:59
Part_0094      0.856273        287458     3058   36930.69  22-06-2026 14:44:06
Part_0095      0.865382        290516     3058   37012.08  22-06-2026 14:44:13
Part_0096      0.874494        293575     3059   37558.85  22-06-2026 14:44:26
Part_0097      0.883603        296633     3058   36920.59  22-06-2026 14:44:33
Part_0098      0.892713        299691     3058   37063.67  22-06-2026 14:44:40
Part_0099      0.901822        302749     3058   37487.52  22-06-2026 14:44:52
Part_0100      0.910931        305807     3058   36450.20  22-06-2026 14:44:54

[Simulation finished  22-06-2026 14:44:54]
Particles of simulation (initial): 37181
DTs adjusted to DtMin............: 0
Excluded particles...............: 0
Total Runtime....................: 33035.476562 sec.
Simulation Runtime...............: 33035.414062 sec.
Runtime per physical second......: 36265.562500 sec.
Steps per second.................: 9.256945
Steps of simulation..............: 305807
PART files.......................: 101
Maximum number of particles......: 37181
Maximum number of cells..........: 2197
CPU Memory.......................: 7582498 (7.23 MB)
GPU Memory.......................: 15434868 (14.72 MB)
 
[GPU Timers]
VA-Init..........................: 0.060301 sec.
NL-Limits........................: 78.735124 sec.
NL-PreSort.......................: 6.592601 sec.
NL-RadixSort.....................: 95.555779 sec.
NL-CellBegin.....................: 46.122140 sec.
NL-SortData......................: 52.623020 sec.
NL-OutCheck......................: 8169.666275 sec.
CF-PreForces.....................: 102.101924 sec.
CF-Forces........................: 16232.034440 sec.
SU-Shifting......................: 0 sec.
SU-ComputeStep...................: 27.673070 sec.
SU-Floating......................: 0 sec.
SU-Motion........................: 0 sec.
SU-Periodic......................: 0 sec.
SU-ResizeNp......................: 0 sec.
SU-DownData......................: 1.458781 sec.
SU-SavePart......................: 0.983555 sec.
SU-Chrono........................: 0 sec.
SU-Moorings......................: 0 sec.
SU-InOut.........................: 0 sec.
SU-Gauges........................: 0.000000 sec.
 
[Output files]
- CfgInit_Domain.vtk...: Saves the limits of the case and the simulation domain limits.
- CfgInit_MapCells.vtk.: Saves the cell division of the simulation domain.
- Run.csv..............: One line CSV file with execution parameters and other simulation data.
- Run.out..............: Log file of the simulation.
- data/PartInfo.ibi4...: Binary file with execution information for each instant (input for PartInfo program).
- data/PartOut_???.obi4: Binary file with particles excluded during simulation (input for PartVtkOut program).
- data/Part_????.bi4...: Binary file with particle data in different instants.
- data/Part_Head.ibi4..: Binary file with basic information of simulation data.
 
[References]
- Official solver reference DualSPHysics v5.0: J.M. Dominguez, G. Fourtakas,
    C. Altomare, R.B. Canelas, A. Tafuni, O. Garcia-Feal, I. Martinez-Estevez,
    A. Mokos, R. Vacondio, A.J.C. Crespo, B.D. Rogers, P.K. Stansby, M. Gomez-Gesteira.
    2022. DualSPHysics: from fluid dynamics to multiphysics problems.
    Computational Particle Mechanics, 9:867-895. doi: https://doi.org/10.1007/s40571-021-00404-2

- Optimised CPU multi-core and GPU implementation (Dominguez et al., 2013  https://doi.org/10.1016/j.cpc.2012.10.015)
- Dynamic boundary conditions (Crespo et al., 2007  https://doi.org/10.3970/cmc.2007.005.173)
- Viscosity: Artificial (Monaghan, 1992  https://doi.org/10.1146/annurev.aa.30.090192.002551)
- Kernel: Quintic Wendland (Wendland, 1995  https://doi.org/10.1007/BF02123482)
- Time integration scheme: Symplectic (Leimkhuler, 1996  https://doi.org/10.1007/978-3-319-16375-8_1)

Finished execution (code=0).

