COMMAND: D:\MYF\SPH\GeoDualSPHysics_redevelop_f66777b\bin\windows\PartVTK_win64.exe -dirin D:\MYF\SPH\GeoDualSPHysics_redevelop_f66777b\examples\Hydromechanic coupling\04_CryerProblem_PR\refinement\ramp_refine_20260620\r0125_drain0_short\out\data -savevtk D:\MYF\SPH\GeoDualSPHysics_redevelop_f66777b\examples\Hydromechanic coupling\04_CryerProblem_PR\refinement\ramp_refine_20260620\r0125_drain0_short\out\particles\PartFluid -onlytype:-bound -vars:+idp,+mk,+vel,+rhop,+press,+sigma_kk,+sigma_ij,+kplastic,+fstype,+fsnormal,+porepress,+porepress0,+excessporepress,+hydromechloadace



 <PARTVTK>  Copyright (c) 2020 by Dr Jose M. Dominguez
 All rights reserved.

 PartVTK is a free tool for DualSPHysics simulations.
 DualSPHysics project is an international collaboration between
 University of Vigo (Spain) and University of Manchester (UK).

 Redistribution and use in source and binary forms, with or without
 modification, are permitted provided that the following conditions
 are met:
 * Redistributions of source code must retain the above copyright
   notice, this list of conditions and the following disclaimer.
 * Redistributions in binary form must reproduce the above copyright
   notice, this list of conditions and the following disclaimer in the
   documentation and/or other materials provided with the distribution.
 * Neither the name of the PartVTK nor the names of its contributors
   may be used to endorse or promote products derived from this software
   without specific prior written permission.

 THIS SOFTWARE IS PROVIDED BY THE COPYRIGHT HOLDERS AND CONTRIBUTORS "AS IS"
 AND ANY EXPRESS OR IMPLIED WARRANTIES, INCLUDING, BUT NOT LIMITED TO, THE
 IMPLIED WARRANTIES OF MERCHANTABILITY AND FITNESS FOR A PARTICULAR PURPOSE
 ARE DISCLAIMED. IN NO EVENT SHALL THE COPYRIGHT OWNER BE LIABLE FOR ANY
 DIRECT, INDIRECT, INCIDENTAL, SPECIAL, EXEMPLARY, OR CONSEQUENTIAL DAMAGES
 (INCLUDING, BUT NOT LIMITED TO, PROCUREMENT OF SUBSTITUTE GOODS OR SERVICES;
 LOSS OF USE, DATA, OR PROFITS; OR BUSINESS INTERRUPTION) HOWEVER CAUSED AND
 ON ANY THEORY OF LIABILITY, WHETHER IN CONTRACT, STRICT LIABILITY, OR TORT
 (INCLUDING NEGLIGENCE OR OTHERWISE) ARISING IN ANY WAY OUT OF THE USE OF
 THIS SOFTWARE, EVEN IF ADVISED OF THE POSSIBILITY OF SUCH DAMAGE.


PartVTK v5.0.206 (12-04-2023)
==============================
LoadDsphConfig> .../bin/windows/DsphConfig.xml
Threads for parallel execution: 20
LoadConfigData> ...\r0125_drain0_short\out\data/Part_0000.bi4
LoadData> ...\r0125_drain0_short\out\data/Part_0000.bi4
SaveVTK> ...\r0125_drain0_short\out\particles\PartFluid_0000.vtk  np:22483
LoadData> ...\r0125_drain0_short\out\data/Part_0001.bi4
SaveVTK> ...\r0125_drain0_short\out\particles\PartFluid_0001.vtk  np:22483
LoadData> ...\r0125_drain0_short\out\data/Part_0002.bi4
SaveVTK> ...\r0125_drain0_short\out\particles\PartFluid_0002.vtk  np:22483
LoadData> ...\r0125_drain0_short\out\data/Part_0003.bi4
SaveVTK> ...\r0125_drain0_short\out\particles\PartFluid_0003.vtk  np:22483
LoadData> ...\r0125_drain0_short\out\data/Part_0004.bi4
SaveVTK> ...\r0125_drain0_short\out\particles\PartFluid_0004.vtk  np:22483
LoadData> ...\r0125_drain0_short\out\data/Part_0005.bi4
SaveVTK> ...\r0125_drain0_short\out\particles\PartFluid_0005.vtk  np:22483
LoadData> ...\r0125_drain0_short\out\data/Part_0006.bi4
SaveVTK> ...\r0125_drain0_short\out\particles\PartFluid_0006.vtk  np:22483
LoadData> ...\r0125_drain0_short\out\data/Part_0007.bi4
SaveVTK> ...\r0125_drain0_short\out\particles\PartFluid_0007.vtk  np:22483
LoadData> ...\r0125_drain0_short\out\data/Part_0008.bi4
SaveVTK> ...\r0125_drain0_short\out\particles\PartFluid_0008.vtk  np:22483
LoadData> ...\r0125_drain0_short\out\data/Part_0009.bi4
SaveVTK> ...\r0125_drain0_short\out\particles\PartFluid_0009.vtk  np:22483
LoadData> ...\r0125_drain0_short\out\data/Part_0010.bi4
SaveVTK> ...\r0125_drain0_short\out\particles\PartFluid_0010.vtk  np:22483
LoadData> ...\r0125_drain0_short\out\data/Part_0011.bi4
SaveVTK> ...\r0125_drain0_short\out\particles\PartFluid_0011.vtk  np:22483
LoadData> ...\r0125_drain0_short\out\data/Part_0012.bi4
SaveVTK> ...\r0125_drain0_short\out\particles\PartFluid_0012.vtk  np:22483
LoadData> ...\r0125_drain0_short\out\data/Part_0013.bi4
SaveVTK> ...\r0125_drain0_short\out\particles\PartFluid_0013.vtk  np:22483
LoadData> ...\r0125_drain0_short\out\data/Part_0014.bi4
SaveVTK> ...\r0125_drain0_short\out\particles\PartFluid_0014.vtk  np:22483
LoadData> ...\r0125_drain0_short\out\data/Part_0015.bi4
SaveVTK> ...\r0125_drain0_short\out\particles\PartFluid_0015.vtk  np:22483
LoadData> ...\r0125_drain0_short\out\data/Part_0016.bi4
SaveVTK> ...\r0125_drain0_short\out\particles\PartFluid_0016.vtk  np:22483
LoadData> ...\r0125_drain0_short\out\data/Part_0017.bi4
SaveVTK> ...\r0125_drain0_short\out\particles\PartFluid_0017.vtk  np:22483

Time of operation: 0.240 sec. (20 threads)
