D:\MYF\SPH\GeoDualSPHysics_redevelop_f66777b\bin\windows\DualSPHysics5.2_GEO_win64.exe -gpu out/CaseCryerProblem_PR out -dirdataout data -svres -svextraparts:1 -tmax:0.09109285714285716 -tout:0.0009109285714285715



 <DUALSPHYSICS5> Copyright (c) 2023 by
 Dr Jose M. Dominguez Alonso, Dr Alejandro Crespo,
 Prof. Moncho Gomez Gesteira, Prof. Benedict Rogers,
 Dr Georgios Fourtakas, Prof. Peter Stansby,
 Dr Renato Vacondio, Dr Corrado Altomare, Dr Angelo Tafuni,
 Dr Orlando Garcia Feal, Ivan Martinez Estevez,
 Dr Joseph O'Connor, Dr Aaron English

 EPHYSLAB Environmental Physics Laboratory, Universidade de Vigo
 School of Mechanical, Aerospace and Civil Engineering, University of Manchester

 DualSPHysics is free software: you can redistribute it and/or
 modify it under the terms of the GNU Lesser General Public License
 as published by the Free Software Foundation, either version 2.1 of
 the License, or (at your option) any later version.

 DualSPHysics is distributed in the hope that it will be useful,
 but WITHOUT ANY WARRANTY; without even the implied warranty of
 MERCHANTABILITY or FITNESS FOR A PARTICULAR PURPOSE.  See the
 GNU Lesser General Public License for more details.

 You should have received a copy of the GNU Lesser General Public License
 along with DualSPHysics. If not, see <http://www.gnu.org/licenses/>.

 Free download source files and documentation from DualSPHysics website (http://dual.sphysics.org).
 Full list of developers and contributors is available at https://dual.sphysics.org/developers
 Properly cite the use of DualSPHysics (Dominguez et al., 2022) (https://dual.sphysics.org/references).


DualSPHysics5 v5.2.274 (02-02-2024)
====================================
LoadDsphConfig> .../bin/windows/DsphConfig.xml
[CUDA Capable device(s)]
  Detected 1 CUDA Capable device(s)
  CUDA Driver Version / Runtime Version: 13.1 / 11.7
 
Device 0: "NVIDIA GeForce RTX 3050"
  CUDA Capability Major....: 8.6
  Global memory............: 8192 MBytes
  CUDA Cores...............: 2560 (20 Multiprocessors, 128 CUDA Cores/MP)
  GPU Max Clock rate.......: 1777 MHz (1.78 GHz)
  Memory Clock rate........: 7001 Mhz
  Memory Bus Width.........: 128-bit
  L2 Cache Size............: 1536 KBytes
  Constant memory..........: 64 KBytes
  Shared memory per block..: 48 KBytes
  Registers per block......: 65536
  Maximum threads per MP...: 1536
  Maximum threads per block: 1024
  Concurrent copy and kernel execution....: Yes with 1 copy engine(s)
  Run time limit on kernels...............: Yes
  Integrated GPU sharing Host Memory......: No
  Support host page-locked memory mapping.: Yes
  Device has ECC support..................: Disabled
  CUDA Device Driver Mode (TCC or WDDM)...: WDDM (Windows Display Driver Model)
  Device supports Unified Addressing (UVA): Yes
  Device PCI (Domain / Bus / location)....: 0 / 1 / 0
  Device supports P2P and RDMA............: No
 
[GPU Hardware]
Device default: 0 "NVIDIA GeForce RTX 3050"
Compute capability: 8.6
Memory global: 8191 MB
Memory shared: 49152 Bytes
 

[Initialising JSphGpuSingle  22-06-2026 01:06:29]
ProgramFile=".../bin/windows/DualSPHysics5.2_GEO_win64.exe"
ExecutionDir=".../refinement/k1e5_convergence_20260622/dp003_tv010"
XmlFile=".../dp003_tv010/out/CaseCryerProblem_PR.xml"
OutputDir=".../k1e5_convergence_20260622/dp003_tv010/out"
OutputDataDir=".../dp003_tv010/out/data"
XML-App: GenCase v5.0.278c (30-10-2023)
XML-Vars (uservars + ctes): MResId=[0]  dummyb=[0.09]  radius=[0.05]  CaseName=["CaseCryerProblem_PR"]  Data2D=[0]  Data2DPosy=[0]  H=[0.0054]  KernelSize=[0.0108]  B=[3e+06]  Gamma=[7]  Rhop0=[2100]  Dp=[0.003]  Gravity_x=[0]  Gravity_y=[0]  Gravity_z=[0]  MassFluid=[5.67e-05]  MassBound=[5.67e-05]
XML-Vars (parameters): TimeMax=[0.0910929]  TimeOut=[0.000910929]

[Soil modelling configuration]

  DP Constants="3D DP Circumscribed"
  Strain Softening="Disabled"
  Cohesion: 1000000000.000000
  Trigger Strength Reduction Factor: 1.650000
  Frictional Angle: 0.575959
  Bulk Modulus: 1666666.750000
  Shear Modulus: 769230.812500
  Hydromechanics="Enabled"
  HydroMechInitMode="None"
  HydroMechDrainage="Enabled"
  HydroMechDrainageStartTime: 0
  HydroMechDrainageBoundary: FreeSurface
  HydroMechTopLoadMode="FlexibleConfinement"
  HydroMechTopLoadDiscretization: Zhao-style global pair-wise kernel-truncation confinement
  HydroMechTopLoadQ0: 10000
  HydroMechTopLoadRampTime: 0
  HydroFlexConfinementLimiter: Disabled
  PoreWaterRho: 1000.000000
  PoreWaterBulkModulus: 2e+08
  Porosity: 0.300000
  HydraulicConductivity: 1e-05
  PoreDtSafety: 0.100000
  PoreShepardRegularization="Disabled"
  PoreShepardInterval: 30

**Basic case configuration is loaded
**Special case configuration is loaded
Loading initial state of particles...
Loaded particles: 22484
MapRealPos(border)=(-0.0502476,-0.0502644,-0.0501854)-(0.09127,0.09127,0.09127)
MapRealPos(final)=(-0.0502476,-0.0502644,-0.0501854)-(0.09127,0.09127,0.09127)
**Initial state of particles is loaded
PosCellCode="13_10_9 (8192,1024,512)"
PosCellSize=0.010800  (1 x KernelSize)
**3D-Simulation parameters:
CaseName="CaseCryerProblem_PR"
RunName="CaseCryerProblem_PR"
Symmetry=False
SavePosDouble=False
SvExtraParts="1"
SaveFtAce=False
SvTimers=True
Boundary="DBC"
StepAlgorithm="Symplectic"
Kernel="Wendland"
  Wendland.awen=2653178
  Wendland.bwen=-2.456658e+09
Viscosity="Artificial"
  Visco=0.1
  ViscoBoundFactor=1
ArtificialStress="None"
SoilStressRateGradCorr="None"
SoilDamping="BuiFukagawa2013"
  SoilDampingCoef=0.02
  SoilDampingBoundary="Excluded"
DensityDiffusion="None"
Shifting="None"
RigidAlgorithm="None"
FloatingCount=0
CaseNp=22484
CaseNbound=1
CaseNfixed=1
CaseNmoving=0
CaseNfloat=0
CaseNfluid=22483
PeriodicActive="None"
Dp=0.003
KernelH=0.005400  (CoefficientH=1.03923; H/Dp=1.8)
KernelSize=0.0108
CteB=384615.4
Gamma=7
RhopZero=2100
Cs0=35.80574408560461
CFLnumber=0.2
DtIni=0.000005
DtMin=0.00000001
DtAllParticles=False
FixedDt=0.000005
MassFluid=0.0000567
MassBound=0.0000567
TimeMax=0.09109285473823547
TimePart=0.0009109285892918706
Gravity=(0,0,0)
NpMinimum=1
RhopOut=True
RhopOutMin=700
RhopOutMax=3000
WrnPartsOut=True
CellMode="Full"
ScellDiv=1
MapCells=(14,14,14)
CellDomFixed=False
**Requested GPU memory for 22612 particles: 8.7 MB (0 times).
DomCells=(14,14,14)
DomCellCode="1+11_10_10"
 
BlockSize calculation mode: Fixed.
  BsForcesBound=128 (39 regs)
  BsForcesFluid=128 (74 regs)
 
**CellDiv: Requested gpu memory for 23736 particles: 0.2 MB.
**CellDiv: Requested gpu memory for 1728 cells (CellMode=Full): 0.0 MB.
 
RunMode="Pos-Cell - Single-GPU"
 
Particle summary:
  Fixed....: 1  id:(0-0)   MKs:1 (10)
  Moving...: 0
  Floating.: 0
  Fluid....: 22483  id:(1-22483)   MKs:1 (1)

Total particles: 22484 (bound=1 (fx=1 mv=0 ft=0) fluid=22483)
Total MK blocks: 2 (bound=1 (fx=1 mv=0 ft=0) fluid=1)
 
Allocated memory in CPU: 4613704 (4.40 MB)
Allocated memory in GPU: 9356104 (8.92 MB)
Part_0000        22484 particles successfully stored

[Initialising simulation (kizwxjxn)  22-06-2026 01:06:29]
PART       PartTime      TotalSteps    Steps    Time/Sec   Finish time        
=========  ============  ============  =======  =========  ===================
Part_0001      0.000914           213      213   16065.73  22-06-2026 01:30:52
Part_0002      0.001824           425      212   16062.53  22-06-2026 01:30:53
Part_0003      0.002733           637      212   15960.48  22-06-2026 01:30:49
Part_0004      0.003647           850      213   15921.44  22-06-2026 01:30:47
Part_0005      0.004556          1062      212   16326.36  22-06-2026 01:30:53
Part_0006      0.005470          1275      213   17707.67  22-06-2026 01:31:18
Part_0007      0.006379          1487      212   17653.97  22-06-2026 01:31:35
Part_0008      0.007288          1699      212   17623.52  22-06-2026 01:31:47
Part_0009      0.008202          1912      213   17664.93  22-06-2026 01:31:57
Part_0010      0.009111          2124      212   17625.35  22-06-2026 01:32:05
Part_0011      0.010021          2336      212   16597.82  22-06-2026 01:32:03
Part_0012      0.010934          2549      213   15876.35  22-06-2026 01:31:56
Part_0013      0.011844          2761      212   15890.98  22-06-2026 01:31:49
Part_0014      0.012753          2973      212   15887.23  22-06-2026 01:31:45
Part_0015      0.013667          3186      213   15868.58  22-06-2026 01:31:39
Part_0016      0.014576          3398      212   15873.39  22-06-2026 01:31:35
Part_0017      0.015490          3611      213   15852.29  22-06-2026 01:31:32
Part_0018      0.016399          3823      212   15853.35  22-06-2026 01:31:28
Part_0019      0.017309          4035      212   15852.27  22-06-2026 01:31:26
Part_0020      0.018222          4248      213   15856.57  22-06-2026 01:31:23
Part_0021      0.019132          4460      212   15860.44  22-06-2026 01:31:21
Part_0022      0.020041          4672      212   15778.44  22-06-2026 01:31:18
Part_0023      0.020955          4885      213   15710.20  22-06-2026 01:31:15
Part_0024      0.021864          5097      212   15675.33  22-06-2026 01:31:13
Part_0025      0.022773          5309      212   15653.76  22-06-2026 01:31:11
Part_0026      0.023687          5522      213   15616.61  22-06-2026 01:31:08
Part_0027      0.024596          5734      212   15635.84  22-06-2026 01:31:06
Part_0028      0.025510          5947      213   15682.64  22-06-2026 01:31:05
Part_0029      0.026419          6159      212   17340.58  22-06-2026 01:31:08
Part_0030      0.027329          6371      212   17333.57  22-06-2026 01:31:11
Part_0031      0.028242          6584      213   17340.73  22-06-2026 01:31:15
Part_0032      0.029152          6796      212   17341.02  22-06-2026 01:31:18
Part_0033      0.030061          7008      212   17351.39  22-06-2026 01:31:21
Part_0034      0.030975          7221      213   17281.21  22-06-2026 01:31:22
Part_0035      0.031884          7433      212   15729.04  22-06-2026 01:31:21
Part_0036      0.032798          7646      213   15687.01  22-06-2026 01:31:19
Part_0037      0.033707          7858      212   15677.23  22-06-2026 01:31:17
Part_0038      0.034616          8070      212   15626.32  22-06-2026 01:31:16
Part_0039      0.035530          8283      213   15621.87  22-06-2026 01:31:15
Part_0040      0.036439          8495      212   15590.89  22-06-2026 01:31:13
Part_0041      0.037349          8707      212   15614.72  22-06-2026 01:31:11
Part_0042      0.038262          8920      213   15641.06  22-06-2026 01:31:09
Part_0043      0.039172          9132      212   15631.21  22-06-2026 01:31:09
Part_0044      0.040081          9344      212   15657.81  22-06-2026 01:31:07
Part_0045      0.040995          9557      213   15739.54  22-06-2026 01:31:06
Part_0046      0.041904          9769      212   15752.46  22-06-2026 01:31:06
Part_0047      0.042818          9982      213   15848.83  22-06-2026 01:31:05
Part_0048      0.043727         10194      212   15975.16  22-06-2026 01:31:05
Part_0049      0.044637         10406      212   15970.45  22-06-2026 01:31:04
Part_0050      0.045550         10619      213   15963.64  22-06-2026 01:31:04
Part_0051      0.046460         10831      212   16025.70  22-06-2026 01:31:03
Part_0052      0.047369         11043      212   15988.31  22-06-2026 01:31:03
Part_0053      0.048283         11256      213   15978.66  22-06-2026 01:31:02
Part_0054      0.049192         11468      212   16055.12  22-06-2026 01:31:02
Part_0055      0.050101         11680      212   16060.65  22-06-2026 01:31:02
Part_0056      0.051015         11893      213   16057.21  22-06-2026 01:31:02
Part_0057      0.051924         12105      212   16050.40  22-06-2026 01:31:02
Part_0058      0.052838         12318      213   15996.28  22-06-2026 01:31:02
Part_0059      0.053747         12530      212   15958.46  22-06-2026 01:31:01
Part_0060      0.054657         12742      212   15935.02  22-06-2026 01:31:01
Part_0061      0.055570         12955      213   15968.35  22-06-2026 01:31:00
Part_0062      0.056480         13167      212   15948.65  22-06-2026 01:31:01
Part_0063      0.057389         13379      212   15958.48  22-06-2026 01:31:00
Part_0064      0.058303         13592      213   15977.03  22-06-2026 01:31:00
Part_0065      0.059212         13804      212   15965.15  22-06-2026 01:30:59
Part_0066      0.060121         14016      212   15949.89  22-06-2026 01:30:59
Part_0067      0.061035         14229      213   15945.82  22-06-2026 01:30:59
Part_0068      0.061944         14441      212   15939.62  22-06-2026 01:30:59
Part_0069      0.062858         14654      213   15930.79  22-06-2026 01:30:58
Part_0070      0.063767         14866      212   15940.41  22-06-2026 01:30:58
Part_0071      0.064677         15078      212   15941.51  22-06-2026 01:30:57
Part_0072      0.065590         15291      213   16005.06  22-06-2026 01:30:58
Part_0073      0.066500         15503      212   15947.37  22-06-2026 01:30:57
Part_0074      0.067409         15715      212   15989.32  22-06-2026 01:30:57
Part_0075      0.068323         15928      213   15950.49  22-06-2026 01:30:57
Part_0076      0.069232         16140      212   15948.62  22-06-2026 01:30:57
Part_0077      0.070146         16353      213   15897.50  22-06-2026 01:30:57
Part_0078      0.071055         16565      212   15937.03  22-06-2026 01:30:56
Part_0079      0.071964         16777      212   15982.72  22-06-2026 01:30:57
Part_0080      0.072878         16990      213   15978.68  22-06-2026 01:30:56
Part_0081      0.073787         17202      212   15938.13  22-06-2026 01:30:56
Part_0082      0.074697         17414      212   15948.06  22-06-2026 01:30:56
Part_0083      0.075610         17627      213   15881.29  22-06-2026 01:30:56
Part_0084      0.076520         17839      212   15875.39  22-06-2026 01:30:55
Part_0085      0.077429         18051      212   15854.79  22-06-2026 01:30:55
Part_0086      0.078343         18264      213   15852.35  22-06-2026 01:30:55
Part_0087      0.079252         18476      212   15843.81  22-06-2026 01:30:55
Part_0088      0.080166         18689      213   15860.76  22-06-2026 01:30:54
Part_0089      0.081075         18901      212   15848.42  22-06-2026 01:30:54
Part_0090      0.081985         19113      212   15973.06  22-06-2026 01:30:54
Part_0091      0.082898         19326      213   17589.41  22-06-2026 01:30:55
Part_0092      0.083808         19538      212   16896.32  22-06-2026 01:30:56
Part_0093      0.084717         19750      212   15879.47  22-06-2026 01:30:56
Part_0094      0.085631         19963      213   15862.14  22-06-2026 01:30:55
Part_0095      0.086540         20175      212   15810.57  22-06-2026 01:30:56
Part_0096      0.087449         20387      212   15800.45  22-06-2026 01:30:55
Part_0097      0.088363         20600      213   15843.66  22-06-2026 01:30:55
Part_0098      0.089272         20812      212   15872.36  22-06-2026 01:30:55
Part_0099      0.090186         21025      213   15865.97  22-06-2026 01:30:54
Part_0100      0.091095         21237      212   15882.65  22-06-2026 01:30:55

[Simulation finished  22-06-2026 01:30:55]
Particles of simulation (initial): 22484
DTs adjusted to DtMin............: 0
Excluded particles...............: 0
Total Runtime....................: 1465.540894 sec.
Simulation Runtime...............: 1465.497559 sec.
Runtime per physical second......: 16087.517578 sec.
Steps per second.................: 14.491324
Steps of simulation..............: 21237
PART files.......................: 101
Maximum number of particles......: 22484
Maximum number of cells..........: 1331
CPU Memory.......................: 4613704 (4.40 MB)
GPU Memory.......................: 9356104 (8.92 MB)
 
[GPU Timers]
VA-Init..........................: 0.043413 sec.
NL-Limits........................: 4.069108 sec.
NL-PreSort.......................: 0.239802 sec.
NL-RadixSort.....................: 5.605073 sec.
NL-CellBegin.....................: 2.907745 sec.
NL-SortData......................: 2.658858 sec.
NL-OutCheck......................: 359.497561 sec.
CF-PreForces.....................: 5.499096 sec.
CF-Forces........................: 718.013655 sec.
SU-Shifting......................: 0 sec.
SU-ComputeStep...................: 1.230876 sec.
SU-Floating......................: 0 sec.
SU-Motion........................: 0 sec.
SU-Periodic......................: 0 sec.
SU-ResizeNp......................: 0 sec.
SU-DownData......................: 0.925946 sec.
SU-SavePart......................: 0.522256 sec.
SU-Chrono........................: 0 sec.
SU-Moorings......................: 0 sec.
SU-InOut.........................: 0 sec.
SU-Gauges........................: 0.000000 sec.
 
[Output files]
- CfgInit_Domain.vtk...: Saves the limits of the case and the simulation domain limits.
- CfgInit_MapCells.vtk.: Saves the cell division of the simulation domain.
- Run.csv..............: One line CSV file with execution parameters and other simulation data.
- Run.out..............: Log file of the simulation.
- data/PartInfo.ibi4...: Binary file with execution information for each instant (input for PartInfo program).
- data/PartOut_???.obi4: Binary file with particles excluded during simulation (input for PartVtkOut program).
- data/Part_????.bi4...: Binary file with particle data in different instants.
- data/Part_Head.ibi4..: Binary file with basic information of simulation data.
 
[References]
- Official solver reference DualSPHysics v5.0: J.M. Dominguez, G. Fourtakas,
    C. Altomare, R.B. Canelas, A. Tafuni, O. Garcia-Feal, I. Martinez-Estevez,
    A. Mokos, R. Vacondio, A.J.C. Crespo, B.D. Rogers, P.K. Stansby, M. Gomez-Gesteira.
    2022. DualSPHysics: from fluid dynamics to multiphysics problems.
    Computational Particle Mechanics, 9:867-895. doi: https://doi.org/10.1007/s40571-021-00404-2

- Optimised CPU multi-core and GPU implementation (Dominguez et al., 2013  https://doi.org/10.1016/j.cpc.2012.10.015)
- Dynamic boundary conditions (Crespo et al., 2007  https://doi.org/10.3970/cmc.2007.005.173)
- Viscosity: Artificial (Monaghan, 1992  https://doi.org/10.1146/annurev.aa.30.090192.002551)
- Kernel: Quintic Wendland (Wendland, 1995  https://doi.org/10.1007/BF02123482)
- Time integration scheme: Symplectic (Leimkhuler, 1996  https://doi.org/10.1007/978-3-319-16375-8_1)

Finished execution (code=0).

