Tv=1 physical time: 0.910928571429 s
After-drainage window: Tv=0.001..0.065, output dTv=0.001
[reuse] ramp_0_open
[gencase] closed_ramp_0p0025s
[solver] closed_ramp_0p0025s ramp=0.0025s drainage_start=0.0025s
[partvtk] closed_ramp_0p0025s
[postprocess] closed_ramp_0p0025s
[gencase] closed_ramp_0p005s
[solver] closed_ramp_0p005s ramp=0.005s drainage_start=0.005s
[partvtk] closed_ramp_0p005s
[postprocess] closed_ramp_0p005s
[gencase] closed_ramp_0p01s
[solver] closed_ramp_0p01s ramp=0.01s drainage_start=0.01s
[partvtk] closed_ramp_0p01s
[postprocess] closed_ramp_0p01s
[gencase] closed_ramp_0p02s
[solver] closed_ramp_0p02s ramp=0.02s drainage_start=0.02s
[partvtk] closed_ramp_0p02s
[postprocess] closed_ramp_0p02s
[gencase] open_ramp_0p005s
[solver] open_ramp_0p005s ramp=0.005s drainage_start=0s
[partvtk] open_ramp_0p005s
[postprocess] open_ramp_0p005s
[gencase] open_ramp_0p01s
[solver] open_ramp_0p01s ramp=0.01s drainage_start=0s
[partvtk] open_ramp_0p01s
[postprocess] open_ramp_0p01s
[gencase] open_ramp_0p02s
[solver] open_ramp_0p02s ramp=0.02s drainage_start=0s
[partvtk] open_ramp_0p02s
[postprocess] open_ramp_0p02s
[saved] D:\MYF\SPH\GeoDualSPHysics_redevelop_f66777b\examples\Hydromechanic coupling\04_CryerProblem_PR\refinement\ramp_drain_timing_20260624\figures\cryer_k1e5_ramp_drain_timing_metrics.csv
[saved] D:\MYF\SPH\GeoDualSPHysics_redevelop_f66777b\examples\Hydromechanic coupling\04_CryerProblem_PR\refinement\ramp_drain_timing_20260624\figures\cryer_k1e5_ramp_drain_timing_metrics.json
[saved] D:\MYF\SPH\GeoDualSPHysics_redevelop_f66777b\examples\Hydromechanic coupling\04_CryerProblem_PR\refinement\ramp_drain_timing_20260624\figures\cryer_k1e5_ramp_drain_timing_tv001_010.png
[saved] D:\MYF\SPH\GeoDualSPHysics_redevelop_f66777b\examples\Hydromechanic coupling\04_CryerProblem_PR\refinement\ramp_drain_timing_20260624\figures\cryer_k1e5_ramp_drain_timing_tv001_010.pdf
[saved] D:\MYF\SPH\GeoDualSPHysics_redevelop_f66777b\examples\Hydromechanic coupling\04_CryerProblem_PR\refinement\ramp_drain_timing_20260624\figures\cryer_k1e5_ramp_drain_timing_metrics.png
[saved] D:\MYF\SPH\GeoDualSPHysics_redevelop_f66777b\examples\Hydromechanic coupling\04_CryerProblem_PR\refinement\ramp_drain_timing_20260624\figures\cryer_k1e5_ramp_drain_timing_metrics.pdf
{"drainage_mode": "closed", "drainage_start_s": 0.0025, "early_max_abs_step": 0.024463799999999924, "error_at_peak_theory": -0.03399239999999981, "history_csv": "D:\\MYF\\SPH\\GeoDualSPHysics_redevelop_f66777b\\examples\\Hydromechanic coupling\\04_CryerProblem_PR\\refinement\\ramp_drain_timing_20260624\\closed_ramp_0p0025s\\analysis\\closed_ramp_0p0025s.csv", "mae": 0.034861046874999996, "max_abs_error": 0.043363199999999935, "max_abs_step": 0.024463799999999924, "max_speed": 0.017124326, "mean_abs_step": 0.0036788714285714294, "min_sample_count": 1, "name": "closed_ramp_0p0025s", "num_at_peak_theory": 1.2150289, "peak_error_at_peak_num": -0.032179100000000016, "peak_num": 1.2159697, "peak_num_tv": 0.049255548, "peak_theory": 1.2490213, "peak_theory_at_peak_num": 1.2481488, "peak_theory_tv": 0.046255548, "points": 64, "ramp_s": 0.0025, "ramp_tv": 0.002744452285736689, "rmse": 0.03537474198201397, "tv001_num": 1.0024976, "tv001_theory": 1.0458608, "tv01_num": 1.0932017, "tv01_theory": 1.1313166}
{"drainage_mode": "closed", "drainage_start_s": 0.005, "early_max_abs_step": 0.015020800000000056, "error_at_peak_theory": -0.0338442000000001, "history_csv": "D:\\MYF\\SPH\\GeoDualSPHysics_redevelop_f66777b\\examples\\Hydromechanic coupling\\04_CryerProblem_PR\\refinement\\ramp_drain_timing_20260624\\closed_ramp_0p005s\\analysis\\closed_ramp_0p005s.csv", "mae": 0.034132945312499996, "max_abs_error": 0.04092650000000009, "max_abs_step": 0.015020800000000056, "max_speed": 0.026540781, "mean_abs_step": 0.003417753968253968, "min_sample_count": 1, "name": "closed_ramp_0p005s", "num_at_peak_theory": 1.215177, "peak_error_at_peak_num": -0.03200890000000012, "peak_num": 1.2159782, "peak_num_tv": 0.049511095, "peak_theory": 1.2490212, "peak_theory_at_peak_num": 1.2479871, "peak_theory_tv": 0.046511095, "points": 64, "ramp_s": 0.005, "ramp_tv": 0.005488904571473378, "rmse": 0.03489742389404222, "tv001_num": 1.0496094, "tv001_theory": 1.050325, "tv01_num": 1.0889694, "tv01_theory": 1.1264702}
{"drainage_mode": "closed", "drainage_start_s": 0.01, "early_max_abs_step": 0.02772590000000008, "error_at_peak_theory": -0.03411109999999984, "history_csv": "D:\\MYF\\SPH\\GeoDualSPHysics_redevelop_f66777b\\examples\\Hydromechanic coupling\\04_CryerProblem_PR\\refinement\\ramp_drain_timing_20260624\\closed_ramp_0p01s\\analysis\\closed_ramp_0p01s.csv", "mae": 0.03496592328125002, "max_abs_error": 0.04557749, "max_abs_step": 0.02772590000000008, "max_speed": 0.036345711, "mean_abs_step": 0.003776191904761905, "min_sample_count": 1, "name": "closed_ramp_0p01s", "num_at_peak_theory": 1.2148981, "peak_error_at_peak_num": -0.032319100000000045, "peak_num": 1.2159655, "peak_num_tv": 0.049022191, "peak_theory": 1.2490092, "peak_theory_at_peak_num": 1.2482846, "peak_theory_tv": 0.046022191, "points": 64, "ramp_s": 0.01, "ramp_tv": 0.010977809142946757, "rmse": 0.0354917473829437, "tv001_num": 0.99579111, "tv001_theory": 1.0413686, "tv01_num": 1.091947, "tv01_theory": 1.1298173}
{"drainage_mode": "closed", "drainage_start_s": 0.02, "early_max_abs_step": 0.03611006999999988, "error_at_peak_theory": -0.03408410000000006, "history_csv": "D:\\MYF\\SPH\\GeoDualSPHysics_redevelop_f66777b\\examples\\Hydromechanic coupling\\04_CryerProblem_PR\\refinement\\ramp_drain_timing_20260624\\closed_ramp_0p02s\\analysis\\closed_ramp_0p02s.csv", "mae": 0.03501348078125, "max_abs_error": 0.054463670000000075, "max_abs_step": 0.03611006999999988, "max_speed": 0.034714079, "mean_abs_step": 0.00391126777777778, "min_sample_count": 1, "name": "closed_ramp_0p02s", "num_at_peak_theory": 1.2149268, "peak_error_at_peak_num": -0.032290599999999836, "peak_num": 1.2159816, "peak_num_tv": 0.049044382, "peak_theory": 1.2490109, "peak_theory_at_peak_num": 1.2482722, "peak_theory_tv": 0.046044382, "points": 64, "ramp_s": 0.02, "ramp_tv": 0.021955618285893513, "rmse": 0.03560819136254388, "tv001_num": 0.98735273, "tv001_theory": 1.0418164, "tv01_num": 1.0921062, "tv01_theory": 1.1299606}
{"drainage_mode": "open", "drainage_start_s": 0.0, "early_max_abs_step": 0.10896909999999993, "error_at_peak_theory": -0.034134099999999945, "history_csv": "D:\\MYF\\SPH\\GeoDualSPHysics_redevelop_f66777b\\examples\\Hydromechanic coupling\\04_CryerProblem_PR\\refinement\\ramp_drain_timing_20260624\\ramp_0_open\\analysis\\ramp_0_open.csv", "mae": 0.034767643076923066, "max_abs_error": 0.09098989999999985, "max_abs_step": 0.10896909999999993, "max_speed": 0.039921455, "mean_abs_step": 0.004641814062499996, "min_sample_count": 1, "name": "ramp_0_open", "num_at_peak_theory": 1.2148734, "peak_error_at_peak_num": -0.03234519999999996, "peak_num": 1.2159517, "peak_num_tv": 0.049, "peak_theory": 1.2490075, "peak_theory_at_peak_num": 1.2482969, "peak_theory_tv": 0.046, "points": 65, "ramp_s": 0.0, "ramp_tv": 0.0, "rmse": 0.0362751114375768, "tv001_num": 0.949926, "tv001_theory": 1.0409159, "tv01_num": 1.0917813, "tv01_theory": 1.1296738}
{"drainage_mode": "open", "drainage_start_s": 0.0, "early_max_abs_step": 0.00890269999999993, "error_at_peak_theory": -0.03327750000000007, "history_csv": "D:\\MYF\\SPH\\GeoDualSPHysics_redevelop_f66777b\\examples\\Hydromechanic coupling\\04_CryerProblem_PR\\refinement\\ramp_drain_timing_20260624\\open_ramp_0p005s\\analysis\\open_ramp_0p005s.csv", "mae": 0.028103353125000004, "max_abs_error": 0.03335290000000013, "max_abs_step": 0.00890269999999993, "max_speed": 0.0023539785, "mean_abs_step": 0.0030083619047619027, "min_sample_count": 1, "name": "open_ramp_0p005s", "num_at_peak_theory": 1.2157437, "peak_error_at_peak_num": -0.03327750000000007, "peak_num": 1.2157437, "peak_num_tv": 0.046511095, "peak_theory": 1.2490212, "peak_theory_at_peak_num": 1.2490212, "peak_theory_tv": 0.046511095, "points": 64, "ramp_s": 0.005, "ramp_tv": 0.005488904571473378, "rmse": 0.028928175632158354, "tv001_num": 1.0521533, "tv001_theory": 1.050325, "tv01_num": 1.1032226, "tv01_theory": 1.1264702}
{"drainage_mode": "open", "drainage_start_s": 0.0, "early_max_abs_step": 0.0067549999999998445, "error_at_peak_theory": -0.03426909999999994, "history_csv": "D:\\MYF\\SPH\\GeoDualSPHysics_redevelop_f66777b\\examples\\Hydromechanic coupling\\04_CryerProblem_PR\\refinement\\ramp_drain_timing_20260624\\open_ramp_0p01s\\analysis\\open_ramp_0p01s.csv", "mae": 0.02477389531250001, "max_abs_error": 0.036512099999999936, "max_abs_step": 0.0067549999999998445, "max_speed": 0.0019236343, "mean_abs_step": 0.0028386476190476184, "min_sample_count": 1, "name": "open_ramp_0p01s", "num_at_peak_theory": 1.2147401, "peak_error_at_peak_num": -0.033342299999999936, "peak_num": 1.2150865, "peak_num_tv": 0.044022191, "peak_theory": 1.2490092, "peak_theory_at_peak_num": 1.2484288, "peak_theory_tv": 0.046022191, "points": 64, "ramp_s": 0.01, "ramp_tv": 0.010977809142946757, "rmse": 0.026852785190771538, "tv001_num": 1.0685132, "tv001_theory": 1.0413686, "tv01_num": 1.119916, "tv01_theory": 1.1298173}
{"drainage_mode": "open", "drainage_start_s": 0.0, "early_max_abs_step": 0.006006799999999979, "error_at_peak_theory": -0.04119220000000001, "history_csv": "D:\\MYF\\SPH\\GeoDualSPHysics_redevelop_f66777b\\examples\\Hydromechanic coupling\\04_CryerProblem_PR\\refinement\\ramp_drain_timing_20260624\\open_ramp_0p02s\\analysis\\open_ramp_0p02s.csv", "mae": 0.028446843749999992, "max_abs_error": 0.05699069999999984, "max_abs_step": 0.006006799999999979, "max_speed": 0.001419877, "mean_abs_step": 0.0025890587301587347, "min_sample_count": 1, "name": "open_ramp_0p02s", "num_at_peak_theory": 1.2078187, "peak_error_at_peak_num": -0.03086409999999984, "peak_num": 1.2124356, "peak_num_tv": 0.039044382, "peak_theory": 1.2490109, "peak_theory_at_peak_num": 1.2432997, "peak_theory_tv": 0.046044382, "points": 64, "ramp_s": 0.02, "ramp_tv": 0.021955618285893513, "rmse": 0.03369390167126408, "tv001_num": 1.0988071, "tv001_theory": 1.0418164, "tv01_num": 1.1442538, "tv01_theory": 1.1299606}
