Tv=1 physical time: 0.910928571429 s
Sweep window: Tv=0.001..0.01, output dTv=0.0001
[gencase] damp_0
[solver] damp_0 damping=0.0
[partvtk] damp_0
[post] damp_0
[gencase] damp_0p005
[solver] damp_0p005 damping=0.005
[partvtk] damp_0p005
[post] damp_0p005
[gencase] damp_0p01
[solver] damp_0p01 damping=0.01
[partvtk] damp_0p01
[post] damp_0p01
[gencase] damp_0p02
[solver] damp_0p02 damping=0.02
[partvtk] damp_0p02
[post] damp_0p02
[gencase] damp_0p05
[solver] damp_0p05 damping=0.05
[partvtk] damp_0p05
[post] damp_0p05
[gencase] damp_0p1
[solver] damp_0p1 damping=0.1
[partvtk] damp_0p1
[post] damp_0p1
[gencase] damp_0p2
[solver] damp_0p2 damping=0.2
[partvtk] damp_0p2
[post] damp_0p2
[saved] D:\MYF\SPH\GeoDualSPHysics_redevelop_f66777b\examples\Hydromechanic coupling\04_CryerProblem_PR\figures\cryer_k1e5_dp0025_damping_sweep_20260622_metrics.csv
[saved] D:\MYF\SPH\GeoDualSPHysics_redevelop_f66777b\examples\Hydromechanic coupling\04_CryerProblem_PR\figures\cryer_k1e5_dp0025_damping_sweep_20260622_metrics.json
[saved] D:\MYF\SPH\GeoDualSPHysics_redevelop_f66777b\examples\Hydromechanic coupling\04_CryerProblem_PR\figures\cryer_k1e5_dp0025_damping_sweep_20260622_tv001_001.png
[saved] D:\MYF\SPH\GeoDualSPHysics_redevelop_f66777b\examples\Hydromechanic coupling\04_CryerProblem_PR\figures\cryer_k1e5_dp0025_damping_sweep_20260622_metrics.png
{"damping": 0.0, "error_range": 0.15096452999999987, "history_csv": "D:\\MYF\\SPH\\GeoDualSPHysics_redevelop_f66777b\\examples\\Hydromechanic coupling\\04_CryerProblem_PR\\refinement\\damping_sweep_20260622\\damp_0\\analysis\\damp_0.csv", "mae": 0.03419865010989011, "max_abs_error": 0.09566392999999984, "max_abs_step": 0.14531053000000005, "max_speed": 0.042103951, "mean_abs_step": 0.01930217766666667, "min_sample_count": 18, "num_range": 0.1679685299999999, "points": 91, "rmse": 0.03664127470649572, "tv001_num": 0.94525197, "tv001_theory": 1.0409159, "tv01_num": 1.0947877, "tv01_theory": 1.1296738}
{"damping": 0.005, "error_range": 0.14738050000000003, "history_csv": "D:\\MYF\\SPH\\GeoDualSPHysics_redevelop_f66777b\\examples\\Hydromechanic coupling\\04_CryerProblem_PR\\refinement\\damping_sweep_20260622\\damp_0p005\\analysis\\damp_0p005.csv", "mae": 0.03418623351648351, "max_abs_error": 0.09446919999999992, "max_abs_step": 0.14280349999999997, "max_speed": 0.041545812, "mean_abs_step": 0.01871237000000002, "min_sample_count": 18, "num_range": 0.16438450000000004, "points": 91, "rmse": 0.036516969285807735, "tv001_num": 0.9464467, "tv001_theory": 1.0409159, "tv01_num": 1.0947239, "tv01_theory": 1.1296738}
{"damping": 0.01, "error_range": 0.14388855999999983, "history_csv": "D:\\MYF\\SPH\\GeoDualSPHysics_redevelop_f66777b\\examples\\Hydromechanic coupling\\04_CryerProblem_PR\\refinement\\damping_sweep_20260622\\damp_0p01\\analysis\\damp_0p01.csv", "mae": 0.03413359043956042, "max_abs_error": 0.09329195999999984, "max_abs_step": 0.1403423599999999, "max_speed": 0.04099615, "mean_abs_step": 0.018118095555555543, "min_sample_count": 18, "num_range": 0.16089255999999985, "points": 91, "rmse": 0.03634634615981083, "tv001_num": 0.94762394, "tv001_theory": 1.0409159, "tv01_num": 1.0946586, "tv01_theory": 1.1296738}
{"damping": 0.02, "error_range": 0.13716759999999995, "history_csv": "D:\\MYF\\SPH\\GeoDualSPHysics_redevelop_f66777b\\examples\\Hydromechanic coupling\\04_CryerProblem_PR\\refinement\\damping_sweep_20260622\\damp_0p02\\analysis\\damp_0p02.csv", "mae": 0.03404958307692306, "max_abs_error": 0.09098989999999985, "max_abs_step": 0.13555649999999986, "max_speed": 0.039921455, "mean_abs_step": 0.017019294666666674, "min_sample_count": 18, "num_range": 0.15417159999999996, "points": 91, "rmse": 0.03605764778132103, "tv001_num": 0.949926, "tv001_theory": 1.0409159, "tv01_num": 1.0944298, "tv01_theory": 1.1296738}
{"damping": 0.05, "error_range": 0.12022927999999988, "history_csv": "D:\\MYF\\SPH\\GeoDualSPHysics_redevelop_f66777b\\examples\\Hydromechanic coupling\\04_CryerProblem_PR\\refinement\\damping_sweep_20260622\\damp_0p05\\analysis\\damp_0p05.csv", "mae": 0.033779035494505484, "max_abs_error": 0.08449207999999986, "max_abs_step": 0.12223178000000001, "max_speed": 0.036886132, "mean_abs_step": 0.01396630533333334, "min_sample_count": 18, "num_range": 0.13594417999999997, "points": 91, "rmse": 0.03533948531892281, "tv001_num": 0.95642382, "tv001_theory": 1.0409159, "tv01_num": 1.091506, "tv01_theory": 1.1296738}
{"damping": 0.1, "error_range": 0.10106955999999989, "history_csv": "D:\\MYF\\SPH\\GeoDualSPHysics_redevelop_f66777b\\examples\\Hydromechanic coupling\\04_CryerProblem_PR\\refinement\\damping_sweep_20260622\\damp_0p1\\analysis\\damp_0p1.csv", "mae": 0.03332360615384617, "max_abs_error": 0.0749144599999999, "max_abs_step": 0.10307206000000002, "max_speed": 0.032399314, "mean_abs_step": 0.010270008444444447, "min_sample_count": 18, "num_range": 0.12495496000000006, "points": 91, "rmse": 0.034592600337130096, "tv001_num": 0.96600144, "tv001_theory": 1.0409159, "tv01_num": 1.0909564, "tv01_theory": 1.1296738}
{"damping": 0.2, "error_range": 0.07184773999999983, "history_csv": "D:\\MYF\\SPH\\GeoDualSPHysics_redevelop_f66777b\\examples\\Hydromechanic coupling\\04_CryerProblem_PR\\refinement\\damping_sweep_20260622\\damp_0p2\\analysis\\damp_0p2.csv", "mae": 0.03379141142857142, "max_abs_error": 0.05977413999999992, "max_abs_step": 0.07385023999999996, "max_speed": 0.025195445, "mean_abs_step": 0.005628895999999994, "min_sample_count": 18, "num_range": 0.1084292400000001, "points": 91, "rmse": 0.03481131758551929, "tv001_num": 0.98114176, "tv001_theory": 1.0409159, "tv01_num": 1.089571, "tv01_theory": 1.1296738}
