COMMAND: D:\MYF\SPH\GeoDualSPHysics_redevelop_f66777b\bin\windows\DualSPHysics5.2_GEO_win64.exe -gpu D:\MYF\SPH\GeoDualSPHysics_redevelop_f66777b\examples\Hydromechanic coupling\04_CryerProblem_PR\refinement\sweep_corrected_20260621\r0050_d0\out\r0050_d0 D:\MYF\SPH\GeoDualSPHysics_redevelop_f66777b\examples\Hydromechanic coupling\04_CryerProblem_PR\refinement\sweep_corrected_20260621\r0050_d0\out -dirdataout data -svres -svextraparts:1 -tmax:0.014109285714285717 -tout:0.001



 <DUALSPHYSICS5> Copyright (c) 2023 by
 Dr Jose M. Dominguez Alonso, Dr Alejandro Crespo,
 Prof. Moncho Gomez Gesteira, Prof. Benedict Rogers,
 Dr Georgios Fourtakas, Prof. Peter Stansby,
 Dr Renato Vacondio, Dr Corrado Altomare, Dr Angelo Tafuni,
 Dr Orlando Garcia Feal, Ivan Martinez Estevez,
 Dr Joseph O'Connor, Dr Aaron English

 EPHYSLAB Environmental Physics Laboratory, Universidade de Vigo
 School of Mechanical, Aerospace and Civil Engineering, University of Manchester

 DualSPHysics is free software: you can redistribute it and/or
 modify it under the terms of the GNU Lesser General Public License
 as published by the Free Software Foundation, either version 2.1 of
 the License, or (at your option) any later version.

 DualSPHysics is distributed in the hope that it will be useful,
 but WITHOUT ANY WARRANTY; without even the implied warranty of
 MERCHANTABILITY or FITNESS FOR A PARTICULAR PURPOSE.  See the
 GNU Lesser General Public License for more details.

 You should have received a copy of the GNU Lesser General Public License
 along with DualSPHysics. If not, see <http://www.gnu.org/licenses/>.

 Free download source files and documentation from DualSPHysics website (http://dual.sphysics.org).
 Full list of developers and contributors is available at https://dual.sphysics.org/developers
 Properly cite the use of DualSPHysics (Dominguez et al., 2022) (https://dual.sphysics.org/references).


DualSPHysics5 v5.2.274 (02-02-2024)
====================================
LoadDsphConfig> .../bin/windows/DsphConfig.xml
[CUDA Capable device(s)]
  Detected 1 CUDA Capable device(s)
  CUDA Driver Version / Runtime Version: 13.1 / 11.7
 
Device 0: "NVIDIA GeForce RTX 3050"
  CUDA Capability Major....: 8.6
  Global memory............: 8192 MBytes
  CUDA Cores...............: 2560 (20 Multiprocessors, 128 CUDA Cores/MP)
  GPU Max Clock rate.......: 1777 MHz (1.78 GHz)
  Memory Clock rate........: 7001 Mhz
  Memory Bus Width.........: 128-bit
  L2 Cache Size............: 1536 KBytes
  Constant memory..........: 64 KBytes
  Shared memory per block..: 48 KBytes
  Registers per block......: 65536
  Maximum threads per MP...: 1536
  Maximum threads per block: 1024
  Concurrent copy and kernel execution....: Yes with 1 copy engine(s)
  Run time limit on kernels...............: Yes
  Integrated GPU sharing Host Memory......: No
  Support host page-locked memory mapping.: Yes
  Device has ECC support..................: Disabled
  CUDA Device Driver Mode (TCC or WDDM)...: WDDM (Windows Display Driver Model)
  Device supports Unified Addressing (UVA): Yes
  Device PCI (Domain / Bus / location)....: 0 / 1 / 0
  Device supports P2P and RDMA............: No
 
[GPU Hardware]
Device default: 0 "NVIDIA GeForce RTX 3050"
Compute capability: 8.6
Memory global: 8191 MB
Memory shared: 49152 Bytes
 

[Initialising JSphGpuSingle  21-06-2026 02:34:51]
ProgramFile=".../bin/windows/DualSPHysics5.2_GEO_win64.exe"
ExecutionDir=".../refinement/sweep_corrected_20260621/r0050_d0"
XmlFile=".../r0050_d0/out/r0050_d0.xml"
OutputDir=".../sweep_corrected_20260621/r0050_d0/out"
OutputDataDir=".../r0050_d0/out/data"
XML-App: GenCase v5.0.278c (30-10-2023)
XML-Vars (uservars + ctes): MResId=[0]  dummyb=[0.09]  radius=[0.05]  CaseName=["r0050_d0"]  Data2D=[0]  Data2DPosy=[0]  H=[0.0054]  KernelSize=[0.0108]  B=[3e+06]  Gamma=[7]  Rhop0=[2100]  Dp=[0.003]  Gravity_x=[0]  Gravity_y=[0]  Gravity_z=[0]  MassFluid=[5.67e-05]  MassBound=[5.67e-05]
XML-Vars (parameters): TimeMax=[0.0141093]  TimeOut=[0.001]

[Soil modelling configuration]

  DP Constants="3D DP Circumscribed"
  Strain Softening="Disabled"
  Cohesion: 1000000000.000000
  Trigger Strength Reduction Factor: 1.650000
  Frictional Angle: 0.575959
  Bulk Modulus: 1666666.750000
  Shear Modulus: 769230.812500
  Hydromechanics="Enabled"
  HydroMechInitMode="None"
  HydroMechDrainage="Enabled"
  HydroMechDrainageStartTime: 0
  HydroMechDrainageBoundary: FreeSurface
  HydroMechTopLoadMode="FlexibleConfinement"
  HydroMechTopLoadDiscretization: Zhao-style kernel-truncation confinement (GPU validation branch)
  HydroMechTopLoadQ0: 10000
  HydroMechTopLoadRampTime: 0.005
  PoreWaterRho: 1000.000000
  PoreWaterBulkModulus: 2e+08
  Porosity: 0.300000
  HydraulicConductivity: 0.0001
  PoreDtSafety: 0.100000
  PoreShepardRegularization="Disabled"
  PoreShepardInterval: 30

**Basic case configuration is loaded
**Special case configuration is loaded
Loading initial state of particles...
Loaded particles: 22484
MapRealPos(border)=(-0.0502476,-0.0502644,-0.0501854)-(0.09127,0.09127,0.09127)
MapRealPos(final)=(-0.0502476,-0.0502644,-0.0501854)-(0.09127,0.09127,0.09127)
**Initial state of particles is loaded
PosCellCode="13_10_9 (8192,1024,512)"
PosCellSize=0.010800  (1 x KernelSize)
**3D-Simulation parameters:
CaseName="r0050_d0"
RunName="r0050_d0"
Symmetry=False
SavePosDouble=False
SvExtraParts="1"
SaveFtAce=False
SvTimers=True
Boundary="DBC"
StepAlgorithm="Symplectic"
Kernel="Wendland"
  Wendland.awen=2653178
  Wendland.bwen=-2.456658e+09
Viscosity="Artificial"
  Visco=0.1
  ViscoBoundFactor=1
ArtificialStress="None"
SoilStressRateGradCorr="None"
SoilDamping="BuiFukagawa2013"
  SoilDampingCoef=0.02
  SoilDampingBoundary="Excluded"
DensityDiffusion="None"
Shifting="None"
RigidAlgorithm="None"
FloatingCount=0
CaseNp=22484
CaseNbound=1
CaseNfixed=1
CaseNmoving=0
CaseNfloat=0
CaseNfluid=22483
PeriodicActive="None"
Dp=0.003
KernelH=0.005400  (CoefficientH=1.03923; H/Dp=1.8)
KernelSize=0.0108
CteB=384615.4
Gamma=7
RhopZero=2100
Cs0=35.80574408560461
CFLnumber=0.2
DtIni=0.000001
DtMin=0.00000001
DtAllParticles=False
FixedDt=0.000001
MassFluid=0.0000567
MassBound=0.0000567
TimeMax=0.01410928554832935
TimePart=0.001000000047497451
Gravity=(0,0,0)
NpMinimum=1
RhopOut=True
RhopOutMin=700
RhopOutMax=3000
WrnPartsOut=True
CellMode="Full"
ScellDiv=1
MapCells=(14,14,14)
CellDomFixed=False
**Requested GPU memory for 22612 particles: 8.7 MB (0 times).
DomCells=(14,14,14)
DomCellCode="1+11_10_10"
 
BlockSize calculation mode: Fixed.
  BsForcesBound=128 (39 regs)
  BsForcesFluid=128 (74 regs)
 
**CellDiv: Requested gpu memory for 23736 particles: 0.2 MB.
**CellDiv: Requested gpu memory for 1728 cells (CellMode=Full): 0.0 MB.
 
RunMode="Pos-Cell - Single-GPU"
 
Particle summary:
  Fixed....: 1  id:(0-0)   MKs:1 (10)
  Moving...: 0
  Floating.: 0
  Fluid....: 22483  id:(1-22483)   MKs:1 (1)

Total particles: 22484 (bound=1 (fx=1 mv=0 ft=0) fluid=22483)
Total MK blocks: 2 (bound=1 (fx=1 mv=0 ft=0) fluid=1)
 
Allocated memory in CPU: 4523256 (4.31 MB)
Allocated memory in GPU: 9356104 (8.92 MB)
Part_0000        22484 particles successfully stored

[Initialising simulation (h4o987ve)  21-06-2026 02:34:51]
PART       PartTime      TotalSteps    Steps    Time/Sec   Finish time        
=========  ============  ============  =======  =========  ===================
  Progress 1.34% in 30.0s. Estimated finish time: 21-06-2026 03:12:14
  Progress 2.68% in 60.0s. Estimated finish time: 21-06-2026 03:12:14
Part_0001      0.001000          2330     2330  158946.43  21-06-2026 03:12:13
Part_0002      0.002000          4662     2332  158182.24  21-06-2026 03:12:09
Part_0003      0.003000          6993     2331  158096.61  21-06-2026 03:12:06
Part_0004      0.004000          9324     2331  157926.87  21-06-2026 03:12:05
Part_0005      0.005000         11656     2332  157040.04  21-06-2026 03:12:01
Part_0006      0.006000         13987     2331  155555.83  21-06-2026 03:11:55
Part_0007      0.007000         16318     2331  155439.93  21-06-2026 03:11:51
Part_0008      0.008000         18650     2332  157673.75  21-06-2026 03:11:51
Part_0009      0.009000         20981     2331  158538.52  21-06-2026 03:11:53
Part_0010      0.010000         23312     2331  158890.03  21-06-2026 03:11:55
Part_0011      0.011000         25644     2332  161126.07  21-06-2026 03:12:00
Part_0012      0.012000         27975     2331  156966.68  21-06-2026 03:11:59
Part_0013      0.013000         30306     2331  156438.22  21-06-2026 03:11:57
Part_0014      0.014000         32638     2332  155817.48  21-06-2026 03:11:56

[Simulation finished  21-06-2026 03:11:56]
Particles of simulation (initial): 22484
DTs adjusted to DtMin............: 0
Excluded particles...............: 0
Total Runtime....................: 2223.680176 sec.
Simulation Runtime...............: 2223.642334 sec.
Runtime per physical second......: 157600.484375 sec.
Steps per second.................: 14.791947
Steps of simulation..............: 32892
PART files.......................: 15
Maximum number of particles......: 22484
Maximum number of cells..........: 1331
CPU Memory.......................: 4523256 (4.31 MB)
GPU Memory.......................: 9356104 (8.92 MB)
 
[GPU Timers]
VA-Init..........................: 0.037941 sec.
NL-Limits........................: 6.595791 sec.
NL-PreSort.......................: 0.723763 sec.
NL-RadixSort.....................: 9.892977 sec.
NL-CellBegin.....................: 5.262602 sec.
NL-SortData......................: 4.297271 sec.
NL-OutCheck......................: 544.970244 sec.
CF-PreForces.....................: 10.142755 sec.
CF-Forces........................: 1090.942373 sec.
SU-Shifting......................: 0 sec.
SU-ComputeStep...................: 2.638986 sec.
SU-Floating......................: 0 sec.
SU-Motion........................: 0 sec.
SU-Periodic......................: 0 sec.
SU-ResizeNp......................: 0 sec.
SU-DownData......................: 0.125366 sec.
SU-SavePart......................: 0.064247 sec.
SU-Chrono........................: 0 sec.
SU-Moorings......................: 0 sec.
SU-InOut.........................: 0 sec.
SU-Gauges........................: 0.000000 sec.
 
[Output files]
- CfgInit_Domain.vtk...: Saves the limits of the case and the simulation domain limits.
- CfgInit_MapCells.vtk.: Saves the cell division of the simulation domain.
- Run.csv..............: One line CSV file with execution parameters and other simulation data.
- Run.out..............: Log file of the simulation.
- data/PartInfo.ibi4...: Binary file with execution information for each instant (input for PartInfo program).
- data/PartOut_???.obi4: Binary file with particles excluded during simulation (input for PartVtkOut program).
- data/Part_????.bi4...: Binary file with particle data in different instants.
- data/Part_Head.ibi4..: Binary file with basic information of simulation data.
 
[References]
- Official solver reference DualSPHysics v5.0: J.M. Dominguez, G. Fourtakas,
    C. Altomare, R.B. Canelas, A. Tafuni, O. Garcia-Feal, I. Martinez-Estevez,
    A. Mokos, R. Vacondio, A.J.C. Crespo, B.D. Rogers, P.K. Stansby, M. Gomez-Gesteira.
    2022. DualSPHysics: from fluid dynamics to multiphysics problems.
    Computational Particle Mechanics, 9:867-895. doi: https://doi.org/10.1007/s40571-021-00404-2

- Optimised CPU multi-core and GPU implementation (Dominguez et al., 2013  https://doi.org/10.1016/j.cpc.2012.10.015)
- Dynamic boundary conditions (Crespo et al., 2007  https://doi.org/10.3970/cmc.2007.005.173)
- Viscosity: Artificial (Monaghan, 1992  https://doi.org/10.1146/annurev.aa.30.090192.002551)
- Kernel: Quintic Wendland (Wendland, 1995  https://doi.org/10.1007/BF02123482)
- Time integration scheme: Symplectic (Leimkhuler, 1996  https://doi.org/10.1007/978-3-319-16375-8_1)

Finished execution (code=0).

