COMMAND: D:\MYF\SPH\GeoDualSPHysics_redevelop_f66777b\bin\windows\GenCase_win64.exe r0115_drain0_full_Def D:\MYF\SPH\GeoDualSPHysics_redevelop_f66777b\examples\Hydromechanic coupling\04_CryerProblem_PR\refinement\ramp_refine_20260620\r0115_drain0_full\out\r0115_drain0_full -save:all



 <GENCASE>  Copyright (c) 2020 by Dr Jose M. Dominguez
 All rights reserved.

 GenCase is a free tool for DualSPHysics simulations.
 DualSPHysics project is an international collaboration between
 University of Vigo (Spain) and University of Manchester (UK).

 Redistribution and use in source and binary forms, with or without
 modification, are permitted provided that the following conditions
 are met:
 * Redistributions of source code must retain the above copyright
   notice, this list of conditions and the following disclaimer.
 * Redistributions in binary form must reproduce the above copyright
   notice, this list of conditions and the following disclaimer in the
   documentation and/or other materials provided with the distribution.
 * Neither the name of the GenCase nor the names of its contributors
   may be used to endorse or promote products derived from this software
   without specific prior written permission.

 THIS SOFTWARE IS PROVIDED BY THE COPYRIGHT HOLDERS AND CONTRIBUTORS "AS IS"
 AND ANY EXPRESS OR IMPLIED WARRANTIES, INCLUDING, BUT NOT LIMITED TO, THE
 IMPLIED WARRANTIES OF MERCHANTABILITY AND FITNESS FOR A PARTICULAR PURPOSE
 ARE DISCLAIMED. IN NO EVENT SHALL THE COPYRIGHT OWNER BE LIABLE FOR ANY
 DIRECT, INDIRECT, INCIDENTAL, SPECIAL, EXEMPLARY, OR CONSEQUENTIAL DAMAGES
 (INCLUDING, BUT NOT LIMITED TO, PROCUREMENT OF SUBSTITUTE GOODS OR SERVICES;
 LOSS OF USE, DATA, OR PROFITS; OR BUSINESS INTERRUPTION) HOWEVER CAUSED AND
 ON ANY THEORY OF LIABILITY, WHETHER IN CONTRACT, STRICT LIABILITY, OR TORT
 (INCLUDING NEGLIGENCE OR OTHERWISE) ARISING IN ANY WAY OUT OF THE USE OF
 THIS SOFTWARE, EVEN IF ADVISED OF THE POSSIBILITY OF SUCH DAMAGE.


GenCase v5.0.278c (30-10-2023)
===============================
LoadDsphConfig> .../bin/windows/DsphConfig.xml
OmpThreads: 16

[LoadXMLInit]
List: MAIN

Total operations: 8
[LoadXMLInit-End  time:0.000s]

[Draw]
List of available variables: Gravity_x=[0]  Gravity_y=[0]  Gravity_z=[0]  Rhop0=[2100]  MResId=[0]  radius=[0.05]  Dp=[0.003]  dummyb=[0.09]  PosMin_x=[-0.062]  PosMin_y=[-0.062]  PosMin_z=[-0.062]  PosMax_x=[0.096]  PosMax_y=[0.096]  PosMax_z=[0.096]  CaseName=["r0115_drain0_full"]  Data2D=[0]  Data2DPosy=[0]  H=[0.0054]  MassBound=[5.67e-05]  MassFluid=[5.67e-05]

Mk size: 1 bytes
Case limits: (-0.062,-0.062,-0.062) - (0.096,0.096,0.096)
Distance between points (Dp): 0.003
Case domain: (0,0,0)-(51,51,51)
Domain points: 52 x 52 x 52 = 140608
Case parts: 1 x 52z
Memory: 0.00Gb 0.13Mb (140608)

> MAIN
<MAIN (Operations= 6+2+0 = 8)

Triangles: 12 (0 ignored)
[Draw-End  time:0.003s]

[LoadsXMLConfig]
Execution parameters.
Initials configuration.
Floating bodies configuration.
Properties configuration.
Predefined motion configuration.
[LoadsXMLConfig-End  time:0.000s]

[PrepareFreeParticles]

*** WARNING: Free-particles feature is not finished so it can present some problems in combination with other XML operations.

Checking free-particles according grid-points...
Removing overlaped free-particles...
Updating grid-points with free-particles...
Sorting free-particles according to axis orientation...
 
List of Free-Particles:
  (mk=    1):     22483
  Total.....:     22483
 
[PrepareFreeParticles-End  time:0.012s]

[PreparePoints]
Computing Vtk-Cells data...  (time:0.003s)
BitSizeTot: 19 (1 + 6+6+6)
Points loaded: 21633
Sorting points by Mk...

List of Points:
Points -> Fixed-Boundary particles:
  block[  0] (mk: 10):      1  -->       1
Points -> Fluid particles:
  block[  1] (mk:  1):  22483  -->   22483

Particle summary:
  Fixed....: 1  id:(0-0)   MKs:1 (10)
  Moving...: 0
  Floating.: 0
  Fluid....: 22483  id:(1-22483)   MKs:1 (1)

Total particles: 22484 (bound=1 (fx=1 mv=0 ft=0) fluid=22483)
Total MK blocks: 2 (bound=1 (fx=1 mv=0 ft=0) fluid=1)

*** WARNING: Automatic maximum depth is zero since gravity is zero.


Maximum depth: 0 (automatic)
Speed of system: 0 (automatic)
Speed of sound: max(coefsound*speedsystem,10*sqrt(g*depth))
Speed of sound: 0 max(0,0)
Speed of sound: 100 (fixed)

Coefh:1.039230 (hdp:1.800000)

[PreparePoints-End  time:0.016s]

[SaveCase3D]
D:\MYF\SPH\GeoDualSPHysics_redevelop_f66777b\examples\Hydromechanic coupling\04_CryerProblem_PR\refinement\ramp_refine_20260620\r0115_drain0_full\out/r0115_drain0_full_MkCells.vtk  (time:0.004s, shapes:2572, points:10288)

*** WARNING: Free-particles are also included in Vtk-Cells file but it present some issues since this file format was not conceived for Free-particles.

D:\MYF\SPH\GeoDualSPHysics_redevelop_f66777b\examples\Hydromechanic coupling\04_CryerProblem_PR\refinement\ramp_refine_20260620\r0115_drain0_full\out/r0115_drain0_full_FreePt.vtk  (time:0.006s, points:22483)
D:\MYF\SPH\GeoDualSPHysics_redevelop_f66777b\examples\Hydromechanic coupling\04_CryerProblem_PR\refinement\ramp_refine_20260620\r0115_drain0_full\out/r0115_drain0_full.bi4<double>  (time:0.004s)
D:\MYF\SPH\GeoDualSPHysics_redevelop_f66777b\examples\Hydromechanic coupling\04_CryerProblem_PR\refinement\ramp_refine_20260620\r0115_drain0_full\out/r0115_drain0_full_All.vtk  (time: 0.007s)
D:\MYF\SPH\GeoDualSPHysics_redevelop_f66777b\examples\Hydromechanic coupling\04_CryerProblem_PR\refinement\ramp_refine_20260620\r0115_drain0_full\out/r0115_drain0_full_Bound.vtk  (time: 0.002s)
D:\MYF\SPH\GeoDualSPHysics_redevelop_f66777b\examples\Hydromechanic coupling\04_CryerProblem_PR\refinement\ramp_refine_20260620\r0115_drain0_full\out/r0115_drain0_full_Fluid.vtk  (time: 0.007s)
D:\MYF\SPH\GeoDualSPHysics_redevelop_f66777b\examples\Hydromechanic coupling\04_CryerProblem_PR\refinement\ramp_refine_20260620\r0115_drain0_full\out/r0115_drain0_full.xml  (time:0.008s)

Save files time: 0.038s

Particle limits:
  X range: -0.0499776 to 0.091 [m]
  Y range: -0.0499944 to 0.091 [m]
  Z range: -0.0499154 to 0.091 [m]

[SaveCase3D-End  time:0.040s]

[WARNINGS]
1. Free-particles feature is not finished so it can present some problems in combination with other XML operations.
2. Automatic maximum depth is zero since gravity is zero.
3. Free-particles are also included in Vtk-Cells file but it present some issues since this file format was not conceived for Free-particles.

Time of execution: 0.059 sec. (16 threads)

Finished execution (code=0).

