{
  "case": "nearfs_k1e5_tv010_toutTv001",
  "ramp": 0.0,
  "drainage_start": 0.0,
  "theory_origin": 0.0,
  "target_tv": 0.10000015682584487,
  "snapshots": 101,
  "post_origin_snapshots": 100,
  "origin_sample_time": 0.000911,
  "origin_center": 0.6454659912109375,
  "origin_theory": 1.04091748505435,
  "origin_abs_error": 0.3954514938434124,
  "origin_max_speed": 0.0657208018873185,
  "peak_num": 1.1544064267113094,
  "peak_num_time": 0.049191,
  "peak_num_tv": 0.05400094095506939,
  "theory_at_peak_num": 1.2429731248240286,
  "peak_num_abs_error": 0.08856669811271911,
  "peak_theory": 1.2490074919253502,
  "peak_theory_time": 0.041903,
  "peak_theory_tv": 0.04600031365168979,
  "num_at_peak_theory": 1.1480929885137647,
  "max_abs_error": 0.3954514938434124,
  "max_abs_error_time": 0.000911,
  "max_abs_error_tv": 0.0010000784129224494,
  "rmse": 0.1390393977647169,
  "mae": 0.11585202411357395,
  "final_num": 1.0084524259241616,
  "final_theory": 1.039406558627578,
  "final_abs_error": 0.030954132703416404,
  "max_speed": 0.0657208018873185,
  "final_max_speed": 0.0019346198533516828,
  "max_global_std": 0.4612343941078939,
  "final_global_std": 0.27375701807626274,
  "min_pore": 0.0,
  "max_pore": 1.48624033203125
}
Saved D:\MYF\SPH\GeoDualSPHysics_redevelop_f66777b\examples\Hydromechanic coupling\04_CryerProblem_PR\refinement\sweep_corrected_20260621\nearfs_k1e5_tv010_toutTv001\analysis\nearfs_k1e5_tv010_toutTv001_paper_axes.png
Saved D:\MYF\SPH\GeoDualSPHysics_redevelop_f66777b\examples\Hydromechanic coupling\04_CryerProblem_PR\figures\cryer_nearfs_k1e5_tv010_toutTv001_paper_axes.png
