{
  "case": "r0000_d0_full_tout0250",
  "ramp": 0.0,
  "drainage_start": 0.0,
  "theory_origin": 0.0,
  "target_tv": 0.9989806320081548,
  "snapshots": 365,
  "post_origin_snapshots": 364,
  "origin_sample_time": 0.00025,
  "origin_center": 1.0459423723493304,
  "origin_theory": 1.067879125592638,
  "origin_abs_error": 0.021936753243307683,
  "origin_max_speed": 0.10622523387946893,
  "peak_num": 1.2072417805989584,
  "peak_num_time": 0.00425,
  "peak_num_tv": 0.04665568885752371,
  "theory_at_peak_num": 1.2490150462963525,
  "peak_num_abs_error": 0.041773265697394146,
  "peak_theory": 1.2490150462963525,
  "peak_theory_time": 0.00425,
  "peak_theory_tv": 0.04665568885752371,
  "num_at_peak_theory": 1.2072417805989584,
  "max_abs_error": 0.08253075641652097,
  "max_abs_error_time": 0.00125,
  "max_abs_error_tv": 0.013722261428683444,
  "rmse": 0.01903656893428312,
  "mae": 0.014255839876539948,
  "final_num": 0.002934969897497268,
  "final_theory": 0.0017965249792592937,
  "final_abs_error": 0.0011384449182379741,
  "max_speed": 0.10622523387946893,
  "final_max_speed": 4.799152208189971e-05,
  "max_global_std": 0.45042810698470526,
  "final_global_std": 0.0009672511800437994,
  "min_pore": -0.0008626290321350098,
  "max_pore": 1.25592138671875
}
Saved D:\MYF\SPH\GeoDualSPHysics_redevelop_f66777b\examples\Hydromechanic coupling\04_CryerProblem_PR\refinement\sweep_corrected_20260621\r0000_d0_full_tout0250\analysis\r0000_d0_full_tout0250_paper_axes.png
Saved D:\MYF\SPH\GeoDualSPHysics_redevelop_f66777b\examples\Hydromechanic coupling\04_CryerProblem_PR\figures\cryer_r0000_d0_full_tout0250_paper_axes.png
