{
  "case": "r0000_d0",
  "ramp": 0.0,
  "drainage_start": 0.0,
  "theory_origin": 0.0,
  "target_tv": 0.09880028228652081,
  "snapshots": 10,
  "post_origin_snapshots": 10,
  "origin_sample_time": 0.0,
  "origin_center": 0.0,
  "origin_theory": 1.0,
  "origin_abs_error": 1.0,
  "origin_max_speed": 0.0,
  "peak_num": 1.206043451218378,
  "peak_num_time": 0.004,
  "peak_num_tv": 0.04391123657178703,
  "theory_at_peak_num": 1.2483716188075882,
  "peak_num_abs_error": 0.04232816758921021,
  "peak_theory": 1.2483716188075882,
  "peak_theory_time": 0.004,
  "peak_theory_tv": 0.04391123657178703,
  "num_at_peak_theory": 1.206043451218378,
  "max_abs_error": 1.0,
  "max_abs_error_time": 0.0,
  "max_abs_error_tv": 0.0,
  "rmse": 0.3186194274982891,
  "mae": 0.1329903337156838,
  "final_num": 1.0381236804780507,
  "final_theory": 1.0464219827104544,
  "final_abs_error": 0.008298302232403687,
  "max_speed": 0.03957247896336848,
  "final_max_speed": 0.004747641130719674,
  "max_global_std": 0.3997941951300756,
  "final_global_std": 0.2812972616751825,
  "min_pore": 0.0,
  "max_pore": 1.2269283203125
}
Saved D:\MYF\SPH\GeoDualSPHysics_redevelop_f66777b\examples\Hydromechanic coupling\04_CryerProblem_PR\refinement\sweep_corrected_20260621\r0000_d0\analysis\r0000_d0_paper_axes.png
Saved D:\MYF\SPH\GeoDualSPHysics_redevelop_f66777b\examples\Hydromechanic coupling\04_CryerProblem_PR\figures\cryer_r0000_d0_paper_axes.png
