{
  "case": "r0000_d0_full",
  "ramp": 0.0,
  "drainage_start": 0.0,
  "theory_origin": 0.0,
  "target_tv": 0.988002822865208,
  "snapshots": 37,
  "post_origin_snapshots": 36,
  "origin_sample_time": 0.0025,
  "origin_center": 1.1591945265997023,
  "origin_theory": 1.212926953195735,
  "origin_abs_error": 0.05373242659603261,
  "origin_max_speed": 0.01638423777081542,
  "peak_num": 1.2013220052083333,
  "peak_num_time": 0.005,
  "peak_num_tv": 0.054889045714733777,
  "theory_at_peak_num": 1.2415086513901867,
  "peak_num_abs_error": 0.040186646181853414,
  "peak_theory": 1.2415086513901867,
  "peak_theory_time": 0.005,
  "peak_theory_tv": 0.054889045714733777,
  "num_at_peak_theory": 1.2013220052083333,
  "max_abs_error": 0.05373242659603261,
  "max_abs_error_time": 0.0025,
  "max_abs_error_tv": 0.027444522857366888,
  "rmse": 0.01861038235720245,
  "mae": 0.014008541948203106,
  "final_num": 0.0031264474119458876,
  "final_theory": 0.0019427927970393593,
  "final_abs_error": 0.0011836546149065284,
  "max_speed": 0.01638423777081542,
  "final_max_speed": 5.2126252343060884e-05,
  "max_global_std": 0.3897190558721476,
  "final_global_std": 0.000983980217681255,
  "min_pore": -0.0008544440269470214,
  "max_pore": 1.20336875
}
Saved D:\MYF\SPH\GeoDualSPHysics_redevelop_f66777b\examples\Hydromechanic coupling\04_CryerProblem_PR\refinement\sweep_corrected_20260621\r0000_d0_full\analysis\r0000_d0_full_paper_axes.png
Saved D:\MYF\SPH\GeoDualSPHysics_redevelop_f66777b\examples\Hydromechanic coupling\04_CryerProblem_PR\figures\cryer_r0000_d0_full_paper_axes.png
