{
  "case": "r0010_d0",
  "ramp": 0.001,
  "drainage_start": 0.0,
  "theory_origin": 0.001,
  "target_tv": 0.09880028228652081,
  "snapshots": 11,
  "post_origin_snapshots": 10,
  "origin_sample_time": 0.001,
  "origin_center": 1.0480516101655506,
  "origin_theory": 1.0,
  "origin_abs_error": 0.048051610165550596,
  "origin_max_speed": 0.02738600364071902,
  "peak_num": 1.2053966494605655,
  "peak_num_time": 0.005,
  "peak_num_tv": 0.04391123657178703,
  "theory_at_peak_num": 1.2483716188075882,
  "peak_num_abs_error": 0.04297496934702272,
  "peak_theory": 1.2483716188075882,
  "peak_theory_time": 0.005,
  "peak_theory_tv": 0.04391123657178703,
  "num_at_peak_theory": 1.2053966494605655,
  "max_abs_error": 0.053059505326875867,
  "max_abs_error_time": 0.007,
  "max_abs_error_tv": 0.06586685485768053,
  "rmse": 0.04277116295439671,
  "mae": 0.04173343104641292,
  "final_num": 1.0096747651599702,
  "final_theory": 1.0464219827104544,
  "final_abs_error": 0.03674721755048416,
  "max_speed": 0.02738600364071902,
  "final_max_speed": 0.0031474619403285566,
  "max_global_std": 0.39089134298976724,
  "final_global_std": 0.272095630444166,
  "min_pore": 0.0,
  "max_pore": 1.2096021484375
}
Saved D:\MYF\SPH\GeoDualSPHysics_redevelop_f66777b\examples\Hydromechanic coupling\04_CryerProblem_PR\refinement\sweep_corrected_20260621\r0010_d0\analysis\r0010_d0_paper_axes.png
Saved D:\MYF\SPH\GeoDualSPHysics_redevelop_f66777b\examples\Hydromechanic coupling\04_CryerProblem_PR\figures\cryer_r0010_d0_paper_axes.png
