{
  "case": "r0050_d0",
  "ramp": 0.005,
  "drainage_start": 0.0,
  "theory_origin": 0.005,
  "target_tv": 0.09880028228652081,
  "snapshots": 15,
  "post_origin_snapshots": 10,
  "origin_sample_time": 0.005,
  "origin_center": 1.1441398972284227,
  "origin_theory": 1.0,
  "origin_abs_error": 0.1441398972284227,
  "origin_max_speed": 0.011102621823119,
  "peak_num": 1.1815108189174106,
  "peak_num_time": 0.007,
  "peak_num_tv": 0.021955618285893513,
  "theory_at_peak_num": 1.1914767713311778,
  "peak_num_abs_error": 0.009965952413767187,
  "peak_theory": 1.2483716188075882,
  "peak_theory_time": 0.009,
  "peak_theory_tv": 0.04391123657178701,
  "num_at_peak_theory": 1.1471817650204614,
  "max_abs_error": 0.15813000585986248,
  "max_abs_error_time": 0.012,
  "max_abs_error_tv": 0.0768446640006273,
  "rmse": 0.12204306558536704,
  "mae": 0.11005275416138845,
  "final_num": 0.8953334670293898,
  "final_theory": 1.0464219827104544,
  "final_abs_error": 0.15108851568106463,
  "max_speed": 0.011102621823119,
  "final_max_speed": 0.0026850742876311927,
  "max_global_std": 0.3733501006395452,
  "final_global_std": 0.2381489585101768,
  "min_pore": 0.0,
  "max_pore": 1.18314287109375
}
Saved D:\MYF\SPH\GeoDualSPHysics_redevelop_f66777b\examples\Hydromechanic coupling\04_CryerProblem_PR\refinement\sweep_corrected_20260621\r0050_d0\analysis\r0050_d0_paper_axes.png
Saved D:\MYF\SPH\GeoDualSPHysics_redevelop_f66777b\examples\Hydromechanic coupling\04_CryerProblem_PR\figures\cryer_r0050_d0_paper_axes.png
