

 <GENCASE>  Copyright (c) 2020 by Dr Jose M. Dominguez
 All rights reserved.

 GenCase is a free tool for DualSPHysics simulations.
 DualSPHysics project is an international collaboration between
 University of Vigo (Spain) and University of Manchester (UK).

 Redistribution and use in source and binary forms, with or without
 modification, are permitted provided that the following conditions
 are met:
 * Redistributions of source code must retain the above copyright
   notice, this list of conditions and the following disclaimer.
 * Redistributions in binary form must reproduce the above copyright
   notice, this list of conditions and the following disclaimer in the
   documentation and/or other materials provided with the distribution.
 * Neither the name of the GenCase nor the names of its contributors
   may be used to endorse or promote products derived from this software
   without specific prior written permission.

 THIS SOFTWARE IS PROVIDED BY THE COPYRIGHT HOLDERS AND CONTRIBUTORS "AS IS"
 AND ANY EXPRESS OR IMPLIED WARRANTIES, INCLUDING, BUT NOT LIMITED TO, THE
 IMPLIED WARRANTIES OF MERCHANTABILITY AND FITNESS FOR A PARTICULAR PURPOSE
 ARE DISCLAIMED. IN NO EVENT SHALL THE COPYRIGHT OWNER BE LIABLE FOR ANY
 DIRECT, INDIRECT, INCIDENTAL, SPECIAL, EXEMPLARY, OR CONSEQUENTIAL DAMAGES
 (INCLUDING, BUT NOT LIMITED TO, PROCUREMENT OF SUBSTITUTE GOODS OR SERVICES;
 LOSS OF USE, DATA, OR PROFITS; OR BUSINESS INTERRUPTION) HOWEVER CAUSED AND
 ON ANY THEORY OF LIABILITY, WHETHER IN CONTRACT, STRICT LIABILITY, OR TORT
 (INCLUDING NEGLIGENCE OR OTHERWISE) ARISING IN ANY WAY OUT OF THE USE OF
 THIS SOFTWARE, EVEN IF ADVISED OF THE POSSIBILITY OF SUCH DAMAGE.


GenCase v5.0.278c (30-10-2023)
===============================
LoadDsphConfig> .../bin/windows/DsphConfig.xml
OmpThreads: 16

[LoadXMLInit]
List: MAIN

Total operations: 31
[LoadXMLInit-End  time:0.001s]

[Draw]
List of available variables: Gravity_x=[0]  Gravity_y=[0]  Gravity_z=[-9.81]  Rhop0=[2100]  MResId=[0]  sizefx=[0.1]  sizefz=[1]  sizebx=[0.1]  sizebz=[1.2]  Dp=[0.01]  PosMin_x=[-0.495]  PosMin_y=[0]  PosMin_z=[-0.495]  PosMax_x=[1.505]  PosMax_y=[0]  PosMax_z=[1.805]  CaseName=["CaseSelfWeightConsolidation_Stage1"]  Data2D=[1]  Data2DPosy=[0]  H=[0.018]  MassBound=[0.21]  MassFluid=[0.21]

Mk size: 1 bytes
Case limits: (-0.495,0,-0.495) - (1.505,0,1.805)
Distance between points (Dp): 0.01
Case domain: (0,0,0)-(199,0,228)
Domain points: 200 x 1 x 229 = 45800
Case parts: 1 x 229z
Memory: 0.00Gb 0.04Mb (45800)

> MAIN
FileShapes> hdp_Actual.vtk  shapes:3  points:8   (time:0.002s)
FileShapes> Boundary_Actual.vtk  shapes:3  points:8   (time:0.002s)
FileDbgDomains> CaseSelfWeightConsolidation_Stage1_out/CaseSelfWeightConsolidation_Stage1_dbg-fillbox.vtk  domains:1
FileDbgDomains> CaseSelfWeightConsolidation_Stage1_out/CaseSelfWeightConsolidation_Stage1_dbg-fillbox.vtk  domains:2
FileDbgDomains> CaseSelfWeightConsolidation_Stage1_out/CaseSelfWeightConsolidation_Stage1_dbg-fillbox.vtk  domains:3
FileDbgDomains> CaseSelfWeightConsolidation_Stage1_out/CaseSelfWeightConsolidation_Stage1_dbg-fillbox.vtk  domains:4
<MAIN (Operations= 22+9+2 = 33)

Triangles: 12 (0 ignored)
[Draw-End  time:0.018s]

[LoadsXMLConfig]
Execution parameters.
Initials configuration.
Floating bodies configuration.
Properties configuration.
Predefined motion configuration.
[LoadsXMLConfig-End  time:0.000s]

[PreparePoints]
Computing Vtk-Cells data...  (time:0.000s)
BitSizeTot: 13 (1 + 4+1+7)
Points loaded: 1040
Sorting points by Z...
Sorting points by Mk...

List of Points:
Points -> Fixed-Boundary particles:
  block[  0] (mk: 10):     40  -->      40
Points -> Fluid particles:
  block[  1] (mk:  1):   1000  -->    1000

Particle summary:
  Fixed....: 40  id:(0-39)   MKs:1 (10)
  Moving...: 0
  Floating.: 0
  Fluid....: 1000  id:(40-1039)   MKs:1 (1)

Total particles: 1040 (bound=40 (fx=40 mv=0 ft=0) fluid=1000)
Total MK blocks: 2 (bound=1 (fx=1 mv=0 ft=0) fluid=1)

Maximum depth: 0.99 (automatic)
Speed of system: 3.11639 (automatic)
Speed of sound: max(coefsound*speedsystem,10*sqrt(g*depth))
Speed of sound: 62.3278 max(62.3278,31.1639)
Speed of sound: 62.3278 (automatic)

Coefh:1.272792 (hdp:1.800000)

[PreparePoints-End  time:0.001s]

[SaveCase2D]
CaseSelfWeightConsolidation_Stage1_out/CaseSelfWeightConsolidation_Stage1_MkCells.vtk  (time:0.003s, shapes:2, points:8)
CaseSelfWeightConsolidation_Stage1_out/CaseSelfWeightConsolidation_Stage1.bi4<double>  (time:0.002s)
CaseSelfWeightConsolidation_Stage1_out/CaseSelfWeightConsolidation_Stage1_All.vtk  (time: 0.003s)
CaseSelfWeightConsolidation_Stage1_out/CaseSelfWeightConsolidation_Stage1_Bound.vtk  (time: 0.003s)
CaseSelfWeightConsolidation_Stage1_out/CaseSelfWeightConsolidation_Stage1_Fluid.vtk  (time: 0.004s)
CaseSelfWeightConsolidation_Stage1_out/CaseSelfWeightConsolidation_Stage1.xml  (time:0.006s)
Computing normals data...
  Evaluating 40 particles with 3 shapes (distance 2x H = 0.036).
  Time for computing 40 normals: 0.000s.
  Non-zero particle normals: 40/40    Normals size range: (0.005000 - 0.035000).
  Saving results files...
  CaseSelfWeightConsolidation_Stage1_out/CaseSelfWeightConsolidation_Stage1_Normals.vtk
  CaseSelfWeightConsolidation_Stage1_out/CaseSelfWeightConsolidation_Stage1_Normals.nbi4  (time:0.016s)

Save files time: 0.031s

Particle limits:
  X range: 0.005 to 0.095 [m]
  Y range: 0 to 0 [m]
  Z range: -0.035 to 0.995 [m]

[SaveCase2D-End  time:0.032s]


Time of execution: 0.051 sec. (16 threads)

Finished execution (code=0).



 <DUALSPHYSICS5> Copyright (c) 2023 by
 Dr Jose M. Dominguez Alonso, Dr Alejandro Crespo,
 Prof. Moncho Gomez Gesteira, Prof. Benedict Rogers,
 Dr Georgios Fourtakas, Prof. Peter Stansby,
 Dr Renato Vacondio, Dr Corrado Altomare, Dr Angelo Tafuni,
 Dr Orlando Garcia Feal, Ivan Martinez Estevez,
 Dr Joseph O'Connor, Dr Aaron English

 EPHYSLAB Environmental Physics Laboratory, Universidade de Vigo
 School of Mechanical, Aerospace and Civil Engineering, University of Manchester

 DualSPHysics is free software: you can redistribute it and/or
 modify it under the terms of the GNU Lesser General Public License
 as published by the Free Software Foundation, either version 2.1 of
 the License, or (at your option) any later version.

 DualSPHysics is distributed in the hope that it will be useful,
 but WITHOUT ANY WARRANTY; without even the implied warranty of
 MERCHANTABILITY or FITNESS FOR A PARTICULAR PURPOSE.  See the
 GNU Lesser General Public License for more details.

 You should have received a copy of the GNU Lesser General Public License
 along with DualSPHysics. If not, see <http://www.gnu.org/licenses/>.

 Free download source files and documentation from DualSPHysics website (http://dual.sphysics.org).
 Full list of developers and contributors is available at https://dual.sphysics.org/developers
 Properly cite the use of DualSPHysics (Dominguez et al., 2022) (https://dual.sphysics.org/references).


DualSPHysics5 v5.2.274 (02-02-2024)
====================================
LoadDsphConfig> .../bin/windows/DsphConfig.xml
Threads by host for parallel execution: 20

[Initialising JSphCpuSingle  02-06-2026 18:03:54]
ProgramFile=".../bin/windows/DualSPHysics5.2CPU_win64.exe"
ExecutionDir=".../examples/Hydromechanic coupling/01_SelfWeightConsolidation_PR"
XmlFile=".../01_SelfWeightConsolidation_PR/CaseSelfWeightConsolidation_Stage1_out/CaseSelfWeightConsolidation_Stage1.xml"
OutputDir=".../Hydromechanic coupling/01_SelfWeightConsolidation_PR/CaseSelfWeightConsolidation_Stage1_out"
OutputDataDir=".../01_SelfWeightConsolidation_PR/CaseSelfWeightConsolidation_Stage1_out/data"
XML-App: GenCase v5.0.278c (30-10-2023)
XML-Vars (uservars + ctes): MResId=[0]  sizebx=[0.1]  sizebz=[1.2]  sizefx=[0.1]  sizefz=[1]  CaseName=["CaseSelfWeightConsolidation_Stage1"]  Data2D=[1]  Data2DPosy=[0]  H=[0.018]  KernelSize=[0.036]  B=[1.16543e+06]  Gamma=[7]  Rhop0=[2100]  Dp=[0.01]  Gravity_x=[0]  Gravity_y=[0]  Gravity_z=[-9.81]  MassFluid=[0.21]  MassBound=[0.21]
XML-Vars (parameters): TimeMax=[0.2]  TimeOut=[0.001]

[Soil modelling configuration]

  DP Constants="Plain Strain DP"
  Strain Softening="Disabled"
  Hydromechanics="Enabled"
  WaterTableMode="FreeSurface"
  PoreWaterRho: 1000.000000
  PoreWaterBulkModulus: 2e+08
  Porosity: 0.300000
  HydraulicConductivity: 0
  PoreDtSafety: 1.000000
  PoreShepardRegularization="Disabled"
  PoreShepardInterval: 30
  Cohesion: 100000.000000
  Trigger Strength Reduction Factor: 1.650000
  Frictional Angle: 0.575959
  Bulk Modulus: 1666666.750000
  Shear Modulus: 769230.812500

**Basic case configuration is loaded
**Special case configuration is loaded
Loading initial state of particles...
Loaded particles: 1040
MapRealPos(border)=(4.33681e-18,-0.0009,-0.0359)-(0.1,0.0009,0.9959)
MapRealPos(final)=(4.33681e-18,-0.0009,-0.0359)-(0.1,0.0009,0.9959)
**Initial state of particles is loaded
**2D-Simulation parameters:
CaseName="CaseSelfWeightConsolidation_Stage1"
RunName="CaseSelfWeightConsolidation_Stage1"
Simulate2DPosY=0
Symmetry=False
SavePosDouble=False
SvExtraParts="1"
SaveFtAce=False
SvTimers=True
Boundary="mDBC"
  SlipMode="DBC vel=0"
  mDBC-Corrector=True
  mDBC-FastSingle=False
  mDBC-Threshold=0
StepAlgorithm="Symplectic"
Kernel="Wendland"
  Wendland.awen=1719.136
  Wendland.bwen=-477572.1
Viscosity="Artificial"
  Visco=0.4
  ViscoBoundFactor=1
ArtificialStress="None"
SoilStressRateGradCorr="None"
SoilDamping="BuiFukagawa2013"
  SoilDampingCoef=0.1
  SoilDampingBoundary="Excluded"
DensityDiffusion="None"
Shifting="None"
RigidAlgorithm="None"
FloatingCount=0
CaseNp=1040
CaseNbound=40
CaseNfixed=40
CaseNmoving=0
CaseNfloat=0
CaseNfluid=1000
PeriodicActive="Axis-X"
PeriodicXinc=(-0.1,0,0)
Dp=0.01
KernelH=0.018000  (CoefficientH=1.27279; H/Dp=1.8)
KernelSize=0.036
CteB=1165428
Gamma=7
RhopZero=2100
Cs0=35.80574417114258
CFLnumber=0.2
DtIni=0.000001
DtMin=0.00000001
DtAllParticles=False
FixedDt=0.000001
MassFluid=0.21
MassBound=0.21
TimeMax=0.2000000029802322
TimePart=0.001000000047497451
Gravity=(0,0,-9.81)
NpMinimum=40
RhopOut=True
RhopOutMin=700
RhopOutMax=3000
WrnPartsOut=True
CellMode="Full"
ScellDiv=1
MapCells=(5,1,29)
CellDomFixed=False
**Requested CPU memory for 1168 particles: 0.5 MB.
NormalDataFile="CaseSelfWeightConsolidation_Stage1_out/CaseSelfWeightConsolidation_Stage1_Normals.nbi4"
DomCells=(5,1,29)
DomCellCode="1+10_9_12"
**JSphCpu: Requesting cpu memory for 1253 particles: 0.5 MB.
**JSphCpu: Requesting cpu memory for 2093 particles: 0.8 MB.
**CellDiv: Requested cpu memory for 2093 particles: 0.1 MB.
**CellDiv: Requested cpu memory for 360 cells (CellMode=Full): 0.0 MB.
Hydromechanics: initial pore pressure assigned to 1872 particles (FreeSurface, min=0, max=10104.3).
 
RunMode="Pos-Double - OpenMP(Threads:20)"
 
Particle summary:
  Fixed....: 40  id:(0-39)   MKs:1 (10)
  Moving...: 0
  Floating.: 0
  Fluid....: 1000  id:(40-1039)   MKs:1 (1)

Total particles: 1040 (bound=40 (fx=40 mv=0 ft=0) fluid=1000)
Total MK blocks: 2 (bound=1 (fx=1 mv=0 ft=0) fluid=1)
 
Allocated memory in CPU: 964432 (0.92 MB)
Part_0000        1040 particles successfully stored

[Initialising simulation (fp1qs63a)  02-06-2026 18:03:54]
PART       PartTime      TotalSteps    Steps    Time/Sec   Finish time        
=========  ============  ============  =======  =========  ===================
**JSphCpu: Requesting cpu memory for 2967 particles: 1.1 MB.
**CellDiv: Requested cpu memory for 2967 particles: 0.1 MB.
Part_0001      0.001001          1001     1001    1841.80  02-06-2026 18:10:02
Part_0002      0.002001          2001     1000    1556.16  02-06-2026 18:09:34
Part_0003      0.003001          3001     1000    1547.71  02-06-2026 18:09:24
Part_0004      0.004001          4001     1000    1586.62  02-06-2026 18:09:21
Part_0005      0.005001          5001     1000    1602.95  02-06-2026 18:09:20
Part_0006      0.006001          6001     1000    1906.71  02-06-2026 18:09:30
Part_0007      0.007001          7001     1000    1614.33  02-06-2026 18:09:27
Part_0008      0.008001          8001     1000    1647.37  02-06-2026 18:09:27
Part_0009      0.009001          9001     1000    1909.01  02-06-2026 18:09:33
Part_0010      0.010001         10001     1000    1550.16  02-06-2026 18:09:29
Part_0011      0.011001         11001     1000    1559.35  02-06-2026 18:09:28
Part_0012      0.012001         12001     1000    1829.48  02-06-2026 18:09:31
Part_0013      0.013001         13001     1000    1869.57  02-06-2026 18:09:34
Part_0014      0.014001         14001     1000    1922.84  02-06-2026 18:09:36
Part_0015      0.015001         15001     1000    1902.43  02-06-2026 18:09:39
Part_0016      0.016001         16001     1000    1938.67  02-06-2026 18:09:41
Part_0017      0.017001         17001     1000    1898.32  02-06-2026 18:09:43
Part_0018      0.018001         18001     1000    2424.60  02-06-2026 18:09:52
Part_0019      0.019001         19001     1000    2245.52  02-06-2026 18:09:56
Part_0020      0.020001         20001     1000    1940.57  02-06-2026 18:09:58
Part_0021      0.021001         21001     1000    1833.93  02-06-2026 18:09:58
Part_0022      0.022001         22001     1000    1952.69  02-06-2026 18:09:59
Part_0023      0.023001         23001     1000    1890.14  02-06-2026 18:10:00
Part_0024      0.024001         24001     1000    1867.50  02-06-2026 18:09:59
Part_0025      0.025001         25001     1000    1849.33  02-06-2026 18:10:00
Part_0026      0.026001         26001     1000    1867.64  02-06-2026 18:10:00
Part_0027      0.027001         27001     1000    1907.09  02-06-2026 18:10:01
Part_0028      0.028001         28001     1000    1919.09  02-06-2026 18:10:02
Part_0029      0.029001         29001     1000    1835.04  02-06-2026 18:10:02
Part_0030      0.030001         30001     1000    1855.16  02-06-2026 18:10:02
Part_0031      0.031001         31001     1000    1835.61  02-06-2026 18:10:01
Part_0032      0.032001         32001     1000    1857.05  02-06-2026 18:10:01
Part_0033      0.033001         33001     1000    1873.10  02-06-2026 18:10:02
Part_0034      0.034001         34001     1000    1854.87  02-06-2026 18:10:02
Part_0035      0.035001         35001     1000    1851.41  02-06-2026 18:10:02
Part_0036      0.036001         36001     1000    1884.14  02-06-2026 18:10:03
Part_0037      0.037001         37001     1000    1932.44  02-06-2026 18:10:03
Part_0038      0.038001         38001     1000    1894.13  02-06-2026 18:10:04
Part_0039      0.039001         39001     1000    1906.71  02-06-2026 18:10:04
Part_0040      0.040001         40001     1000    1846.19  02-06-2026 18:10:03
Part_0041      0.041001         41001     1000    1982.81  02-06-2026 18:10:04
Part_0042      0.042001         42001     1000    1901.10  02-06-2026 18:10:04
Part_0043      0.043001         43001     1000    1977.89  02-06-2026 18:10:05
Part_0044      0.044001         44001     1000    1882.95  02-06-2026 18:10:05
Part_0045      0.045001         45001     1000    1853.73  02-06-2026 18:10:05
Part_0046      0.046001         46001     1000    2171.82  02-06-2026 18:10:06
Part_0047      0.047001         47001     1000    1855.84  02-06-2026 18:10:06
Part_0048      0.048001         48001     1000    1843.43  02-06-2026 18:10:07
Part_0049      0.049001         49001     1000    2028.93  02-06-2026 18:10:07
Part_0050      0.050001         50001     1000    1851.62  02-06-2026 18:10:07
Part_0051      0.051001         51001     1000    1905.15  02-06-2026 18:10:08
Part_0052      0.052001         52001     1000    1855.64  02-06-2026 18:10:08
Part_0053      0.053001         53001     1000    1878.06  02-06-2026 18:10:07
Part_0054      0.054001         54001     1000    1882.64  02-06-2026 18:10:07
Part_0055      0.055001         55001     1000    1887.36  02-06-2026 18:10:07
Part_0056      0.056001         56001     1000    1853.26  02-06-2026 18:10:07
Part_0057      0.057001         57001     1000    1888.64  02-06-2026 18:10:08
Part_0058      0.058001         58001     1000    1864.36  02-06-2026 18:10:08
Part_0059      0.059001         59001     1000    1854.20  02-06-2026 18:10:08
Part_0060      0.060001         60001     1000    2014.61  02-06-2026 18:10:08
Part_0061      0.061001         61001     1000    2437.77  02-06-2026 18:10:10
Part_0062      0.062001         62001     1000    1954.44  02-06-2026 18:10:10
Part_0063      0.063001         63001     1000    1860.29  02-06-2026 18:10:10
Part_0064      0.064001         64001     1000    1856.19  02-06-2026 18:10:10
Part_0065      0.065001         65001     1000    1888.43  02-06-2026 18:10:10
Part_0066      0.066001         66001     1000    1955.34  02-06-2026 18:10:11
Part_0067      0.067001         67001     1000    1963.69  02-06-2026 18:10:11
Part_0068      0.068001         68001     1000    1863.14  02-06-2026 18:10:10
Part_0069      0.069001         69001     1000    1863.47  02-06-2026 18:10:10
Part_0070      0.070001         70001     1000    1906.50  02-06-2026 18:10:10
Part_0071      0.071001         71001     1000    1878.03  02-06-2026 18:10:10
Part_0072      0.072001         72001     1000    1869.36  02-06-2026 18:10:10
Part_0073      0.073001         73001     1000    1860.34  02-06-2026 18:10:11
Part_0074      0.074001         74001     1000    1867.24  02-06-2026 18:10:11
Part_0075      0.075001         75001     1000    1849.72  02-06-2026 18:10:11
Part_0076      0.076001         76001     1000    2001.09  02-06-2026 18:10:11
Part_0077      0.077001         77001     1000    1934.21  02-06-2026 18:10:11
Part_0078      0.078001         78001     1000    1871.87  02-06-2026 18:10:10
Part_0079      0.079001         79001     1000    2395.76  02-06-2026 18:10:12
Part_0080      0.080001         80001     1000    1889.85  02-06-2026 18:10:12
Part_0081      0.081001         81001     1000    1905.62  02-06-2026 18:10:12
Part_0082      0.082001         82001     1000    2698.55  02-06-2026 18:10:14
Part_0083      0.083001         83001     1000    2010.39  02-06-2026 18:10:14
Part_0084      0.084001         84001     1000    1908.97  02-06-2026 18:10:14
Part_0085      0.085001         85001     1000    1981.73  02-06-2026 18:10:14
Part_0086      0.086001         86001     1000    1963.17  02-06-2026 18:10:14
Part_0087      0.087001         87001     1000    1979.31  02-06-2026 18:10:15
Part_0088      0.088001         88001     1000    1926.96  02-06-2026 18:10:15
Part_0089      0.089001         89001     1000    1929.09  02-06-2026 18:10:15
Part_0090      0.090001         90001     1000    1897.47  02-06-2026 18:10:15
Part_0091      0.091001         91001     1000    1879.88  02-06-2026 18:10:15
Part_0092      0.092001         92001     1000    1893.10  02-06-2026 18:10:15
Part_0093      0.093001         93001     1000    1862.64  02-06-2026 18:10:15
Part_0094      0.094001         94001     1000    1879.01  02-06-2026 18:10:14
Part_0095      0.095001         95001     1000    1863.08  02-06-2026 18:10:14
Part_0096      0.096001         96001     1000    1883.81  02-06-2026 18:10:14
Part_0097      0.097001         97001     1000    2064.13  02-06-2026 18:10:15
Part_0098      0.098001         98001     1000    1904.70  02-06-2026 18:10:15
Part_0099      0.099001         99001     1000    1858.19  02-06-2026 18:10:15
Part_0100      0.100001        100001     1000    1891.59  02-06-2026 18:10:15
Part_0101      0.101001        101001     1000    1868.70  02-06-2026 18:10:15
Part_0102      0.102001        102001     1000    1893.68  02-06-2026 18:10:15
Part_0103      0.103001        103001     1000    1871.99  02-06-2026 18:10:15
Part_0104      0.104001        104001     1000    1875.66  02-06-2026 18:10:14
Part_0105      0.105001        105001     1000    1870.71  02-06-2026 18:10:14
Part_0106      0.106001        106001     1000    1873.12  02-06-2026 18:10:14
Part_0107      0.107001        107001     1000    1878.83  02-06-2026 18:10:14
Part_0108      0.108001        108001     1000    1896.71  02-06-2026 18:10:15
Part_0109      0.109001        109001     1000    1887.46  02-06-2026 18:10:15
Part_0110      0.110001        110001     1000    2129.07  02-06-2026 18:10:15
Part_0111      0.111001        111001     1000    1926.65  02-06-2026 18:10:15
Part_0112      0.112001        112001     1000    1869.98  02-06-2026 18:10:15
Part_0113      0.113001        113001     1000    1910.30  02-06-2026 18:10:15
Part_0114      0.114001        114001     1000    1885.15  02-06-2026 18:10:15
Part_0115      0.115001        115001     1000    1927.18  02-06-2026 18:10:15
Part_0116      0.116001        116001     1000    1884.06  02-06-2026 18:10:14
Part_0117      0.117001        117001     1000    1882.44  02-06-2026 18:10:15
Part_0118      0.118001        118001     1000    1926.00  02-06-2026 18:10:15
Part_0119      0.119001        119001     1000    1899.81  02-06-2026 18:10:15
Part_0120      0.120001        120001     1000    1879.89  02-06-2026 18:10:15
Part_0121      0.121001        121001     1000    1878.05  02-06-2026 18:10:15
Part_0122      0.122001        122001     1000    2161.05  02-06-2026 18:10:15
Part_0123      0.123001        123001     1000    1909.11  02-06-2026 18:10:15
Part_0124      0.124001        124001     1000    1891.54  02-06-2026 18:10:15
Part_0125      0.125001        125001     1000    1889.76  02-06-2026 18:10:15
Part_0126      0.126001        126001     1000    1871.09  02-06-2026 18:10:16
Part_0127      0.127001        127001     1000    1886.85  02-06-2026 18:10:16
Part_0128      0.128001        128001     1000    1886.85  02-06-2026 18:10:15
Part_0129      0.129001        129001     1000    2010.79  02-06-2026 18:10:15
Part_0130      0.130001        130001     1000    1901.31  02-06-2026 18:10:15
Part_0131      0.131001        131001     1000    1915.09  02-06-2026 18:10:15
Part_0132      0.132001        132001     1000    1905.51  02-06-2026 18:10:15
Part_0133      0.133001        133001     1000    2249.38  02-06-2026 18:10:15
Part_0134      0.134001        134001     1000    1883.99  02-06-2026 18:10:15
Part_0135      0.135001        135001     1000    1881.68  02-06-2026 18:10:16
Part_0136      0.136001        136001     1000    1903.15  02-06-2026 18:10:16
Part_0137      0.137001        137001     1000    1866.41  02-06-2026 18:10:16
Part_0138      0.138001        138001     1000    1894.78  02-06-2026 18:10:16
Part_0139      0.139001        139001     1000    1867.09  02-06-2026 18:10:16
Part_0140      0.140001        140001     1000    2136.04  02-06-2026 18:10:16
Part_0141      0.141001        141001     1000    1920.27  02-06-2026 18:10:16
Part_0142      0.142001        142001     1000    1927.51  02-06-2026 18:10:16
Part_0143      0.143001        143001     1000    1864.95  02-06-2026 18:10:16
Part_0144      0.144001        144001     1000    1880.48  02-06-2026 18:10:15
Part_0145      0.145001        145001     1000    2347.78  02-06-2026 18:10:17
Part_0146      0.146001        146001     1000    1908.05  02-06-2026 18:10:17
Part_0147      0.147001        147001     1000    1907.35  02-06-2026 18:10:17
Part_0148      0.148001        148001     1000    1869.09  02-06-2026 18:10:17
Part_0149      0.149001        149001     1000    1893.72  02-06-2026 18:10:16
Part_0150      0.150001        150001     1000    1883.91  02-06-2026 18:10:16
Part_0151      0.151001        151001     1000    1888.61  02-06-2026 18:10:16
Part_0152      0.152001        152001     1000    1893.98  02-06-2026 18:10:16
Part_0153      0.153001        153001     1000    1874.12  02-06-2026 18:10:16
Part_0154      0.154001        154001     1000    1871.41  02-06-2026 18:10:16
Part_0155      0.155001        155001     1000    1857.62  02-06-2026 18:10:16
Part_0156      0.156001        156001     1000    1917.67  02-06-2026 18:10:17
Part_0157      0.157001        157001     1000    1868.04  02-06-2026 18:10:16
Part_0158      0.158001        158001     1000    1883.10  02-06-2026 18:10:16
Part_0159      0.159001        159001     1000    1864.81  02-06-2026 18:10:16
Part_0160      0.160001        160001     1000    1904.55  02-06-2026 18:10:16
Part_0161      0.161001        161001     1000    1881.21  02-06-2026 18:10:16
Part_0162      0.162001        162001     1000    1921.26  02-06-2026 18:10:16
Part_0163      0.163001        163001     1000    1874.97  02-06-2026 18:10:16
Part_0164      0.164001        164001     1000    1895.38  02-06-2026 18:10:16
Part_0165      0.165001        165001     1000    1854.49  02-06-2026 18:10:16
Part_0166      0.166001        166001     1000    1872.04  02-06-2026 18:10:15
Part_0167      0.167001        167001     1000    1921.69  02-06-2026 18:10:16
Part_0168      0.168001        168001     1000    1865.98  02-06-2026 18:10:16
Part_0169      0.169001        169001     1000    1868.05  02-06-2026 18:10:16
Part_0170      0.170001        170001     1000    1872.42  02-06-2026 18:10:16
Part_0171      0.171001        171001     1000    1876.21  02-06-2026 18:10:16
Part_0172      0.172001        172001     1000    1882.56  02-06-2026 18:10:16
Part_0173      0.173001        173001     1000    1934.45  02-06-2026 18:10:16
Part_0174      0.174001        174001     1000    1894.47  02-06-2026 18:10:16
Part_0175      0.175001        175001     1000    1885.08  02-06-2026 18:10:15
Part_0176      0.176001        176001     1000    1863.22  02-06-2026 18:10:15
Part_0177      0.177001        177001     1000    1890.61  02-06-2026 18:10:15
Part_0178      0.178001        178001     1000    2050.89  02-06-2026 18:10:15
Part_0179      0.179001        179001     1000    1890.21  02-06-2026 18:10:16
Part_0180      0.180001        180001     1000    1853.38  02-06-2026 18:10:16
Part_0181      0.181001        181001     1000    1903.56  02-06-2026 18:10:16
Part_0182      0.182001        182001     1000    1864.18  02-06-2026 18:10:16
Part_0183      0.183001        183001     1000    1896.83  02-06-2026 18:10:16
Part_0184      0.184001        184001     1000    1949.13  02-06-2026 18:10:16
Part_0185      0.185001        185001     1000    1876.37  02-06-2026 18:10:16
Part_0186      0.186001        186001     1000    1860.19  02-06-2026 18:10:15
Part_0187      0.187001        187001     1000    1848.64  02-06-2026 18:10:15
Part_0188      0.188001        188001     1000    1867.15  02-06-2026 18:10:15
Part_0189      0.189001        189001     1000    1853.92  02-06-2026 18:10:15
Part_0190      0.190001        190001     1000    1859.06  02-06-2026 18:10:16
Part_0191      0.191001        191001     1000    1842.60  02-06-2026 18:10:16
Part_0192      0.192001        192001     1000    1980.53  02-06-2026 18:10:16
Part_0193      0.193001        193001     1000    1845.10  02-06-2026 18:10:16
Part_0194      0.194001        194001     1000    1904.07  02-06-2026 18:10:15
Part_0195      0.195001        195001     1000    1913.89  02-06-2026 18:10:15
Part_0196      0.196001        196001     1000    1977.28  02-06-2026 18:10:15
Part_0197      0.197001        197001     1000    1882.06  02-06-2026 18:10:15
Part_0198      0.198001        198001     1000    1893.44  02-06-2026 18:10:15
Part_0199      0.199001        199001     1000    1867.63  02-06-2026 18:10:15
Part_0200      0.200001        200001     1000    1898.59  02-06-2026 18:10:16

[Simulation finished  02-06-2026 18:10:16]
Particles of simulation (initial): 1040
DTs adjusted to DtMin............: 0
Excluded particles...............: 0
Total Runtime....................: 381.425446 sec.
Simulation Runtime...............: 381.401642 sec.
Runtime per physical second......: 1906.998657 sec.
Steps per second.................: 524.384216
Steps of simulation..............: 200001
PART files.......................: 201
Maximum number of particles......: 1872
Maximum number of cells..........: 145
CPU Memory.......................: 1345496 (1.28 MB)
 
[CPU Timers]
VA-Init..........................: 0.023772 sec.
NL-Limits........................: 3.662521 sec.
NL-MakeSort......................: 6.883418 sec.
NL-SortData......................: 78.003327 sec.
NL-OutCheck......................: 0.018196 sec.
CF-PreForces.....................: 22.490304 sec.
CF-Forces........................: 156.307246 sec.
SU-Shifting......................: 0 sec.
SU-ComputeStep...................: 53.586736 sec.
SU-Floating......................: 0 sec.
SU-Motion........................: 0 sec.
SU-Periodic......................: 10.048510 sec.
SU-ResizeNp......................: 0.000608 sec.
SU-SavePart......................: 1.865698 sec.
SU-Chrono........................: 0 sec.
SU-Moorings......................: 0 sec.
SU-InOut.........................: 0 sec.
SU-Gauges........................: 0.000000 sec.
 
[Output files]
- CfgInit_Domain.vtk......: Saves the limits of the case and the simulation domain limits.
- CfgInit_MapCells.vtk....: Saves the cell division of the simulation domain.
- CfgInit_Normals.vtk.....: Saves VTK file with initial normals (from boundary particles to boundary limit).
- CfgInit_NormalsGhost.vtk: Saves VTK file with initial normals (from boundary particles to ghost node).
- Run.csv.................: One line CSV file with execution parameters and other simulation data.
- Run.out.................: Log file of the simulation.
- data/PartInfo.ibi4......: Binary file with execution information for each instant (input for PartInfo program).
- data/PartOut_???.obi4...: Binary file with particles excluded during simulation (input for PartVtkOut program).
- data/Part_????.bi4......: Binary file with particle data in different instants.
- data/Part_Head.ibi4.....: Binary file with basic information of simulation data.
 
[References]
- Official solver reference DualSPHysics v5.0: J.M. Dominguez, G. Fourtakas,
    C. Altomare, R.B. Canelas, A. Tafuni, O. Garcia-Feal, I. Martinez-Estevez,
    A. Mokos, R. Vacondio, A.J.C. Crespo, B.D. Rogers, P.K. Stansby, M. Gomez-Gesteira.
    2022. DualSPHysics: from fluid dynamics to multiphysics problems.
    Computational Particle Mechanics, 9:867-895. doi: https://doi.org/10.1007/s40571-021-00404-2

- Optimised CPU multi-core and GPU implementation (Dominguez et al., 2013  https://doi.org/10.1016/j.cpc.2012.10.015)
- Modified Dynamic boundary conditions (English et al., 2021  https://doi.org/10.1007/s40571-021-00403-3)
- Viscosity: Artificial (Monaghan, 1992  https://doi.org/10.1146/annurev.aa.30.090192.002551)
- Kernel: Quintic Wendland (Wendland, 1995  https://doi.org/10.1007/BF02123482)
- Time integration scheme: Symplectic (Leimkhuler, 1996  https://doi.org/10.1007/978-3-319-16375-8_1)
- Periodic open boundaries (Gomez-Gesteira et al., 2012  https://doi.org/10.1016/j.cageo.2012.02.029)

Finished execution (code=0).



 <PARTVTK>  Copyright (c) 2020 by Dr Jose M. Dominguez
 All rights reserved.

 PartVTK is a free tool for DualSPHysics simulations.
 DualSPHysics project is an international collaboration between
 University of Vigo (Spain) and University of Manchester (UK).

 Redistribution and use in source and binary forms, with or without
 modification, are permitted provided that the following conditions
 are met:
 * Redistributions of source code must retain the above copyright
   notice, this list of conditions and the following disclaimer.
 * Redistributions in binary form must reproduce the above copyright
   notice, this list of conditions and the following disclaimer in the
   documentation and/or other materials provided with the distribution.
 * Neither the name of the PartVTK nor the names of its contributors
   may be used to endorse or promote products derived from this software
   without specific prior written permission.

 THIS SOFTWARE IS PROVIDED BY THE COPYRIGHT HOLDERS AND CONTRIBUTORS "AS IS"
 AND ANY EXPRESS OR IMPLIED WARRANTIES, INCLUDING, BUT NOT LIMITED TO, THE
 IMPLIED WARRANTIES OF MERCHANTABILITY AND FITNESS FOR A PARTICULAR PURPOSE
 ARE DISCLAIMED. IN NO EVENT SHALL THE COPYRIGHT OWNER BE LIABLE FOR ANY
 DIRECT, INDIRECT, INCIDENTAL, SPECIAL, EXEMPLARY, OR CONSEQUENTIAL DAMAGES
 (INCLUDING, BUT NOT LIMITED TO, PROCUREMENT OF SUBSTITUTE GOODS OR SERVICES;
 LOSS OF USE, DATA, OR PROFITS; OR BUSINESS INTERRUPTION) HOWEVER CAUSED AND
 ON ANY THEORY OF LIABILITY, WHETHER IN CONTRACT, STRICT LIABILITY, OR TORT
 (INCLUDING NEGLIGENCE OR OTHERWISE) ARISING IN ANY WAY OUT OF THE USE OF
 THIS SOFTWARE, EVEN IF ADVISED OF THE POSSIBILITY OF SUCH DAMAGE.


PartVTK v5.0.206 (12-04-2023)
==============================
LoadDsphConfig> .../bin/windows/DsphConfig.xml
Threads for parallel execution: 20
LoadConfigData> CaseSelfWeightConsolidation_Stage1_out\data/Part_0000.bi4
LoadData> CaseSelfWeightConsolidation_Stage1_out\data/Part_0000.bi4
SaveVTK> ...\particles/PartFluid_0000.vtk  np:1000
LoadData> CaseSelfWeightConsolidation_Stage1_out\data/Part_0001.bi4
SaveVTK> ...\particles/PartFluid_0001.vtk  np:1000
LoadData> CaseSelfWeightConsolidation_Stage1_out\data/Part_0002.bi4
SaveVTK> ...\particles/PartFluid_0002.vtk  np:1000
LoadData> CaseSelfWeightConsolidation_Stage1_out\data/Part_0003.bi4
SaveVTK> ...\particles/PartFluid_0003.vtk  np:1000
LoadData> CaseSelfWeightConsolidation_Stage1_out\data/Part_0004.bi4
SaveVTK> ...\particles/PartFluid_0004.vtk  np:1000
LoadData> CaseSelfWeightConsolidation_Stage1_out\data/Part_0005.bi4
SaveVTK> ...\particles/PartFluid_0005.vtk  np:1000
LoadData> CaseSelfWeightConsolidation_Stage1_out\data/Part_0006.bi4
SaveVTK> ...\particles/PartFluid_0006.vtk  np:1000
LoadData> CaseSelfWeightConsolidation_Stage1_out\data/Part_0007.bi4
SaveVTK> ...\particles/PartFluid_0007.vtk  np:1000
LoadData> CaseSelfWeightConsolidation_Stage1_out\data/Part_0008.bi4
SaveVTK> ...\particles/PartFluid_0008.vtk  np:1000
LoadData> CaseSelfWeightConsolidation_Stage1_out\data/Part_0009.bi4
SaveVTK> ...\particles/PartFluid_0009.vtk  np:1000
LoadData> CaseSelfWeightConsolidation_Stage1_out\data/Part_0010.bi4
SaveVTK> ...\particles/PartFluid_0010.vtk  np:1000
LoadData> CaseSelfWeightConsolidation_Stage1_out\data/Part_0011.bi4
SaveVTK> ...\particles/PartFluid_0011.vtk  np:1000
LoadData> CaseSelfWeightConsolidation_Stage1_out\data/Part_0012.bi4
SaveVTK> ...\particles/PartFluid_0012.vtk  np:1000
LoadData> CaseSelfWeightConsolidation_Stage1_out\data/Part_0013.bi4
SaveVTK> ...\particles/PartFluid_0013.vtk  np:1000
LoadData> CaseSelfWeightConsolidation_Stage1_out\data/Part_0014.bi4
SaveVTK> ...\particles/PartFluid_0014.vtk  np:1000
LoadData> CaseSelfWeightConsolidation_Stage1_out\data/Part_0015.bi4
SaveVTK> ...\particles/PartFluid_0015.vtk  np:1000
LoadData> CaseSelfWeightConsolidation_Stage1_out\data/Part_0016.bi4
SaveVTK> ...\particles/PartFluid_0016.vtk  np:1000
LoadData> CaseSelfWeightConsolidation_Stage1_out\data/Part_0017.bi4
SaveVTK> ...\particles/PartFluid_0017.vtk  np:1000
LoadData> CaseSelfWeightConsolidation_Stage1_out\data/Part_0018.bi4
SaveVTK> ...\particles/PartFluid_0018.vtk  np:1000
LoadData> CaseSelfWeightConsolidation_Stage1_out\data/Part_0019.bi4
SaveVTK> ...\particles/PartFluid_0019.vtk  np:1000
LoadData> CaseSelfWeightConsolidation_Stage1_out\data/Part_0020.bi4
SaveVTK> ...\particles/PartFluid_0020.vtk  np:1000
LoadData> CaseSelfWeightConsolidation_Stage1_out\data/Part_0021.bi4
SaveVTK> ...\particles/PartFluid_0021.vtk  np:1000
LoadData> CaseSelfWeightConsolidation_Stage1_out\data/Part_0022.bi4
SaveVTK> ...\particles/PartFluid_0022.vtk  np:1000
LoadData> CaseSelfWeightConsolidation_Stage1_out\data/Part_0023.bi4
SaveVTK> ...\particles/PartFluid_0023.vtk  np:1000
LoadData> CaseSelfWeightConsolidation_Stage1_out\data/Part_0024.bi4
SaveVTK> ...\particles/PartFluid_0024.vtk  np:1000
LoadData> CaseSelfWeightConsolidation_Stage1_out\data/Part_0025.bi4
SaveVTK> ...\particles/PartFluid_0025.vtk  np:1000
LoadData> CaseSelfWeightConsolidation_Stage1_out\data/Part_0026.bi4
SaveVTK> ...\particles/PartFluid_0026.vtk  np:1000
LoadData> CaseSelfWeightConsolidation_Stage1_out\data/Part_0027.bi4
SaveVTK> ...\particles/PartFluid_0027.vtk  np:1000
LoadData> CaseSelfWeightConsolidation_Stage1_out\data/Part_0028.bi4
SaveVTK> ...\particles/PartFluid_0028.vtk  np:1000
LoadData> CaseSelfWeightConsolidation_Stage1_out\data/Part_0029.bi4
SaveVTK> ...\particles/PartFluid_0029.vtk  np:1000
LoadData> CaseSelfWeightConsolidation_Stage1_out\data/Part_0030.bi4
SaveVTK> ...\particles/PartFluid_0030.vtk  np:1000
LoadData> CaseSelfWeightConsolidation_Stage1_out\data/Part_0031.bi4
SaveVTK> ...\particles/PartFluid_0031.vtk  np:1000
LoadData> CaseSelfWeightConsolidation_Stage1_out\data/Part_0032.bi4
SaveVTK> ...\particles/PartFluid_0032.vtk  np:1000
LoadData> CaseSelfWeightConsolidation_Stage1_out\data/Part_0033.bi4
SaveVTK> ...\particles/PartFluid_0033.vtk  np:1000
LoadData> CaseSelfWeightConsolidation_Stage1_out\data/Part_0034.bi4
SaveVTK> ...\particles/PartFluid_0034.vtk  np:1000
LoadData> CaseSelfWeightConsolidation_Stage1_out\data/Part_0035.bi4
SaveVTK> ...\particles/PartFluid_0035.vtk  np:1000
LoadData> CaseSelfWeightConsolidation_Stage1_out\data/Part_0036.bi4
SaveVTK> ...\particles/PartFluid_0036.vtk  np:1000
LoadData> CaseSelfWeightConsolidation_Stage1_out\data/Part_0037.bi4
SaveVTK> ...\particles/PartFluid_0037.vtk  np:1000
LoadData> CaseSelfWeightConsolidation_Stage1_out\data/Part_0038.bi4
SaveVTK> ...\particles/PartFluid_0038.vtk  np:1000
LoadData> CaseSelfWeightConsolidation_Stage1_out\data/Part_0039.bi4
SaveVTK> ...\particles/PartFluid_0039.vtk  np:1000
LoadData> CaseSelfWeightConsolidation_Stage1_out\data/Part_0040.bi4
SaveVTK> ...\particles/PartFluid_0040.vtk  np:1000
LoadData> CaseSelfWeightConsolidation_Stage1_out\data/Part_0041.bi4
SaveVTK> ...\particles/PartFluid_0041.vtk  np:1000
LoadData> CaseSelfWeightConsolidation_Stage1_out\data/Part_0042.bi4
SaveVTK> ...\particles/PartFluid_0042.vtk  np:1000
LoadData> CaseSelfWeightConsolidation_Stage1_out\data/Part_0043.bi4
SaveVTK> ...\particles/PartFluid_0043.vtk  np:1000
LoadData> CaseSelfWeightConsolidation_Stage1_out\data/Part_0044.bi4
SaveVTK> ...\particles/PartFluid_0044.vtk  np:1000
LoadData> CaseSelfWeightConsolidation_Stage1_out\data/Part_0045.bi4
SaveVTK> ...\particles/PartFluid_0045.vtk  np:1000
LoadData> CaseSelfWeightConsolidation_Stage1_out\data/Part_0046.bi4
SaveVTK> ...\particles/PartFluid_0046.vtk  np:1000
LoadData> CaseSelfWeightConsolidation_Stage1_out\data/Part_0047.bi4
SaveVTK> ...\particles/PartFluid_0047.vtk  np:1000
LoadData> CaseSelfWeightConsolidation_Stage1_out\data/Part_0048.bi4
SaveVTK> ...\particles/PartFluid_0048.vtk  np:1000
LoadData> CaseSelfWeightConsolidation_Stage1_out\data/Part_0049.bi4
SaveVTK> ...\particles/PartFluid_0049.vtk  np:1000
LoadData> CaseSelfWeightConsolidation_Stage1_out\data/Part_0050.bi4
SaveVTK> ...\particles/PartFluid_0050.vtk  np:1000
LoadData> CaseSelfWeightConsolidation_Stage1_out\data/Part_0051.bi4
SaveVTK> ...\particles/PartFluid_0051.vtk  np:1000
LoadData> CaseSelfWeightConsolidation_Stage1_out\data/Part_0052.bi4
SaveVTK> ...\particles/PartFluid_0052.vtk  np:1000
LoadData> CaseSelfWeightConsolidation_Stage1_out\data/Part_0053.bi4
SaveVTK> ...\particles/PartFluid_0053.vtk  np:1000
LoadData> CaseSelfWeightConsolidation_Stage1_out\data/Part_0054.bi4
SaveVTK> ...\particles/PartFluid_0054.vtk  np:1000
LoadData> CaseSelfWeightConsolidation_Stage1_out\data/Part_0055.bi4
SaveVTK> ...\particles/PartFluid_0055.vtk  np:1000
LoadData> CaseSelfWeightConsolidation_Stage1_out\data/Part_0056.bi4
SaveVTK> ...\particles/PartFluid_0056.vtk  np:1000
LoadData> CaseSelfWeightConsolidation_Stage1_out\data/Part_0057.bi4
SaveVTK> ...\particles/PartFluid_0057.vtk  np:1000
LoadData> CaseSelfWeightConsolidation_Stage1_out\data/Part_0058.bi4
SaveVTK> ...\particles/PartFluid_0058.vtk  np:1000
LoadData> CaseSelfWeightConsolidation_Stage1_out\data/Part_0059.bi4
SaveVTK> ...\particles/PartFluid_0059.vtk  np:1000
LoadData> CaseSelfWeightConsolidation_Stage1_out\data/Part_0060.bi4
SaveVTK> ...\particles/PartFluid_0060.vtk  np:1000
LoadData> CaseSelfWeightConsolidation_Stage1_out\data/Part_0061.bi4
SaveVTK> ...\particles/PartFluid_0061.vtk  np:1000
LoadData> CaseSelfWeightConsolidation_Stage1_out\data/Part_0062.bi4
SaveVTK> ...\particles/PartFluid_0062.vtk  np:1000
LoadData> CaseSelfWeightConsolidation_Stage1_out\data/Part_0063.bi4
SaveVTK> ...\particles/PartFluid_0063.vtk  np:1000
LoadData> CaseSelfWeightConsolidation_Stage1_out\data/Part_0064.bi4
SaveVTK> ...\particles/PartFluid_0064.vtk  np:1000
LoadData> CaseSelfWeightConsolidation_Stage1_out\data/Part_0065.bi4
SaveVTK> ...\particles/PartFluid_0065.vtk  np:1000
LoadData> CaseSelfWeightConsolidation_Stage1_out\data/Part_0066.bi4
SaveVTK> ...\particles/PartFluid_0066.vtk  np:1000
LoadData> CaseSelfWeightConsolidation_Stage1_out\data/Part_0067.bi4
SaveVTK> ...\particles/PartFluid_0067.vtk  np:1000
LoadData> CaseSelfWeightConsolidation_Stage1_out\data/Part_0068.bi4
SaveVTK> ...\particles/PartFluid_0068.vtk  np:1000
LoadData> CaseSelfWeightConsolidation_Stage1_out\data/Part_0069.bi4
SaveVTK> ...\particles/PartFluid_0069.vtk  np:1000
LoadData> CaseSelfWeightConsolidation_Stage1_out\data/Part_0070.bi4
SaveVTK> ...\particles/PartFluid_0070.vtk  np:1000
LoadData> CaseSelfWeightConsolidation_Stage1_out\data/Part_0071.bi4
SaveVTK> ...\particles/PartFluid_0071.vtk  np:1000
LoadData> CaseSelfWeightConsolidation_Stage1_out\data/Part_0072.bi4
SaveVTK> ...\particles/PartFluid_0072.vtk  np:1000
LoadData> CaseSelfWeightConsolidation_Stage1_out\data/Part_0073.bi4
SaveVTK> ...\particles/PartFluid_0073.vtk  np:1000
LoadData> CaseSelfWeightConsolidation_Stage1_out\data/Part_0074.bi4
SaveVTK> ...\particles/PartFluid_0074.vtk  np:1000
LoadData> CaseSelfWeightConsolidation_Stage1_out\data/Part_0075.bi4
SaveVTK> ...\particles/PartFluid_0075.vtk  np:1000
LoadData> CaseSelfWeightConsolidation_Stage1_out\data/Part_0076.bi4
SaveVTK> ...\particles/PartFluid_0076.vtk  np:1000
LoadData> CaseSelfWeightConsolidation_Stage1_out\data/Part_0077.bi4
SaveVTK> ...\particles/PartFluid_0077.vtk  np:1000
LoadData> CaseSelfWeightConsolidation_Stage1_out\data/Part_0078.bi4
SaveVTK> ...\particles/PartFluid_0078.vtk  np:1000
LoadData> CaseSelfWeightConsolidation_Stage1_out\data/Part_0079.bi4
SaveVTK> ...\particles/PartFluid_0079.vtk  np:1000
LoadData> CaseSelfWeightConsolidation_Stage1_out\data/Part_0080.bi4
SaveVTK> ...\particles/PartFluid_0080.vtk  np:1000
LoadData> CaseSelfWeightConsolidation_Stage1_out\data/Part_0081.bi4
SaveVTK> ...\particles/PartFluid_0081.vtk  np:1000
LoadData> CaseSelfWeightConsolidation_Stage1_out\data/Part_0082.bi4
SaveVTK> ...\particles/PartFluid_0082.vtk  np:1000
LoadData> CaseSelfWeightConsolidation_Stage1_out\data/Part_0083.bi4
SaveVTK> ...\particles/PartFluid_0083.vtk  np:1000
LoadData> CaseSelfWeightConsolidation_Stage1_out\data/Part_0084.bi4
SaveVTK> ...\particles/PartFluid_0084.vtk  np:1000
LoadData> CaseSelfWeightConsolidation_Stage1_out\data/Part_0085.bi4
SaveVTK> ...\particles/PartFluid_0085.vtk  np:1000
LoadData> CaseSelfWeightConsolidation_Stage1_out\data/Part_0086.bi4
SaveVTK> ...\particles/PartFluid_0086.vtk  np:1000
LoadData> CaseSelfWeightConsolidation_Stage1_out\data/Part_0087.bi4
SaveVTK> ...\particles/PartFluid_0087.vtk  np:1000
LoadData> CaseSelfWeightConsolidation_Stage1_out\data/Part_0088.bi4
SaveVTK> ...\particles/PartFluid_0088.vtk  np:1000
LoadData> CaseSelfWeightConsolidation_Stage1_out\data/Part_0089.bi4
SaveVTK> ...\particles/PartFluid_0089.vtk  np:1000
LoadData> CaseSelfWeightConsolidation_Stage1_out\data/Part_0090.bi4
SaveVTK> ...\particles/PartFluid_0090.vtk  np:1000
LoadData> CaseSelfWeightConsolidation_Stage1_out\data/Part_0091.bi4
SaveVTK> ...\particles/PartFluid_0091.vtk  np:1000
LoadData> CaseSelfWeightConsolidation_Stage1_out\data/Part_0092.bi4
SaveVTK> ...\particles/PartFluid_0092.vtk  np:1000
LoadData> CaseSelfWeightConsolidation_Stage1_out\data/Part_0093.bi4
SaveVTK> ...\particles/PartFluid_0093.vtk  np:1000
LoadData> CaseSelfWeightConsolidation_Stage1_out\data/Part_0094.bi4
SaveVTK> ...\particles/PartFluid_0094.vtk  np:1000
LoadData> CaseSelfWeightConsolidation_Stage1_out\data/Part_0095.bi4
SaveVTK> ...\particles/PartFluid_0095.vtk  np:1000
LoadData> CaseSelfWeightConsolidation_Stage1_out\data/Part_0096.bi4
SaveVTK> ...\particles/PartFluid_0096.vtk  np:1000
LoadData> CaseSelfWeightConsolidation_Stage1_out\data/Part_0097.bi4
SaveVTK> ...\particles/PartFluid_0097.vtk  np:1000
LoadData> CaseSelfWeightConsolidation_Stage1_out\data/Part_0098.bi4
SaveVTK> ...\particles/PartFluid_0098.vtk  np:1000
LoadData> CaseSelfWeightConsolidation_Stage1_out\data/Part_0099.bi4
SaveVTK> ...\particles/PartFluid_0099.vtk  np:1000
LoadData> CaseSelfWeightConsolidation_Stage1_out\data/Part_0100.bi4
SaveVTK> ...\particles/PartFluid_0100.vtk  np:1000
LoadData> CaseSelfWeightConsolidation_Stage1_out\data/Part_0101.bi4
SaveVTK> ...\particles/PartFluid_0101.vtk  np:1000
LoadData> CaseSelfWeightConsolidation_Stage1_out\data/Part_0102.bi4
SaveVTK> ...\particles/PartFluid_0102.vtk  np:1000
LoadData> CaseSelfWeightConsolidation_Stage1_out\data/Part_0103.bi4
SaveVTK> ...\particles/PartFluid_0103.vtk  np:1000
LoadData> CaseSelfWeightConsolidation_Stage1_out\data/Part_0104.bi4
SaveVTK> ...\particles/PartFluid_0104.vtk  np:1000
LoadData> CaseSelfWeightConsolidation_Stage1_out\data/Part_0105.bi4
SaveVTK> ...\particles/PartFluid_0105.vtk  np:1000
LoadData> CaseSelfWeightConsolidation_Stage1_out\data/Part_0106.bi4
SaveVTK> ...\particles/PartFluid_0106.vtk  np:1000
LoadData> CaseSelfWeightConsolidation_Stage1_out\data/Part_0107.bi4
SaveVTK> ...\particles/PartFluid_0107.vtk  np:1000
LoadData> CaseSelfWeightConsolidation_Stage1_out\data/Part_0108.bi4
SaveVTK> ...\particles/PartFluid_0108.vtk  np:1000
LoadData> CaseSelfWeightConsolidation_Stage1_out\data/Part_0109.bi4
SaveVTK> ...\particles/PartFluid_0109.vtk  np:1000
LoadData> CaseSelfWeightConsolidation_Stage1_out\data/Part_0110.bi4
SaveVTK> ...\particles/PartFluid_0110.vtk  np:1000
LoadData> CaseSelfWeightConsolidation_Stage1_out\data/Part_0111.bi4
SaveVTK> ...\particles/PartFluid_0111.vtk  np:1000
LoadData> CaseSelfWeightConsolidation_Stage1_out\data/Part_0112.bi4
SaveVTK> ...\particles/PartFluid_0112.vtk  np:1000
LoadData> CaseSelfWeightConsolidation_Stage1_out\data/Part_0113.bi4
SaveVTK> ...\particles/PartFluid_0113.vtk  np:1000
LoadData> CaseSelfWeightConsolidation_Stage1_out\data/Part_0114.bi4
SaveVTK> ...\particles/PartFluid_0114.vtk  np:1000
LoadData> CaseSelfWeightConsolidation_Stage1_out\data/Part_0115.bi4
SaveVTK> ...\particles/PartFluid_0115.vtk  np:1000
LoadData> CaseSelfWeightConsolidation_Stage1_out\data/Part_0116.bi4
SaveVTK> ...\particles/PartFluid_0116.vtk  np:1000
LoadData> CaseSelfWeightConsolidation_Stage1_out\data/Part_0117.bi4
SaveVTK> ...\particles/PartFluid_0117.vtk  np:1000
LoadData> CaseSelfWeightConsolidation_Stage1_out\data/Part_0118.bi4
SaveVTK> ...\particles/PartFluid_0118.vtk  np:1000
LoadData> CaseSelfWeightConsolidation_Stage1_out\data/Part_0119.bi4
SaveVTK> ...\particles/PartFluid_0119.vtk  np:1000
LoadData> CaseSelfWeightConsolidation_Stage1_out\data/Part_0120.bi4
SaveVTK> ...\particles/PartFluid_0120.vtk  np:1000
LoadData> CaseSelfWeightConsolidation_Stage1_out\data/Part_0121.bi4
SaveVTK> ...\particles/PartFluid_0121.vtk  np:1000
LoadData> CaseSelfWeightConsolidation_Stage1_out\data/Part_0122.bi4
SaveVTK> ...\particles/PartFluid_0122.vtk  np:1000
LoadData> CaseSelfWeightConsolidation_Stage1_out\data/Part_0123.bi4
SaveVTK> ...\particles/PartFluid_0123.vtk  np:1000
LoadData> CaseSelfWeightConsolidation_Stage1_out\data/Part_0124.bi4
SaveVTK> ...\particles/PartFluid_0124.vtk  np:1000
LoadData> CaseSelfWeightConsolidation_Stage1_out\data/Part_0125.bi4
SaveVTK> ...\particles/PartFluid_0125.vtk  np:1000
LoadData> CaseSelfWeightConsolidation_Stage1_out\data/Part_0126.bi4
SaveVTK> ...\particles/PartFluid_0126.vtk  np:1000
LoadData> CaseSelfWeightConsolidation_Stage1_out\data/Part_0127.bi4
SaveVTK> ...\particles/PartFluid_0127.vtk  np:1000
LoadData> CaseSelfWeightConsolidation_Stage1_out\data/Part_0128.bi4
SaveVTK> ...\particles/PartFluid_0128.vtk  np:1000
LoadData> CaseSelfWeightConsolidation_Stage1_out\data/Part_0129.bi4
SaveVTK> ...\particles/PartFluid_0129.vtk  np:1000
LoadData> CaseSelfWeightConsolidation_Stage1_out\data/Part_0130.bi4
SaveVTK> ...\particles/PartFluid_0130.vtk  np:1000
LoadData> CaseSelfWeightConsolidation_Stage1_out\data/Part_0131.bi4
SaveVTK> ...\particles/PartFluid_0131.vtk  np:1000
LoadData> CaseSelfWeightConsolidation_Stage1_out\data/Part_0132.bi4
SaveVTK> ...\particles/PartFluid_0132.vtk  np:1000
LoadData> CaseSelfWeightConsolidation_Stage1_out\data/Part_0133.bi4
SaveVTK> ...\particles/PartFluid_0133.vtk  np:1000
LoadData> CaseSelfWeightConsolidation_Stage1_out\data/Part_0134.bi4
SaveVTK> ...\particles/PartFluid_0134.vtk  np:1000
LoadData> CaseSelfWeightConsolidation_Stage1_out\data/Part_0135.bi4
SaveVTK> ...\particles/PartFluid_0135.vtk  np:1000
LoadData> CaseSelfWeightConsolidation_Stage1_out\data/Part_0136.bi4
SaveVTK> ...\particles/PartFluid_0136.vtk  np:1000
LoadData> CaseSelfWeightConsolidation_Stage1_out\data/Part_0137.bi4
SaveVTK> ...\particles/PartFluid_0137.vtk  np:1000
LoadData> CaseSelfWeightConsolidation_Stage1_out\data/Part_0138.bi4
SaveVTK> ...\particles/PartFluid_0138.vtk  np:1000
LoadData> CaseSelfWeightConsolidation_Stage1_out\data/Part_0139.bi4
SaveVTK> ...\particles/PartFluid_0139.vtk  np:1000
LoadData> CaseSelfWeightConsolidation_Stage1_out\data/Part_0140.bi4
SaveVTK> ...\particles/PartFluid_0140.vtk  np:1000
LoadData> CaseSelfWeightConsolidation_Stage1_out\data/Part_0141.bi4
SaveVTK> ...\particles/PartFluid_0141.vtk  np:1000
LoadData> CaseSelfWeightConsolidation_Stage1_out\data/Part_0142.bi4
SaveVTK> ...\particles/PartFluid_0142.vtk  np:1000
LoadData> CaseSelfWeightConsolidation_Stage1_out\data/Part_0143.bi4
SaveVTK> ...\particles/PartFluid_0143.vtk  np:1000
LoadData> CaseSelfWeightConsolidation_Stage1_out\data/Part_0144.bi4
SaveVTK> ...\particles/PartFluid_0144.vtk  np:1000
LoadData> CaseSelfWeightConsolidation_Stage1_out\data/Part_0145.bi4
SaveVTK> ...\particles/PartFluid_0145.vtk  np:1000
LoadData> CaseSelfWeightConsolidation_Stage1_out\data/Part_0146.bi4
SaveVTK> ...\particles/PartFluid_0146.vtk  np:1000
LoadData> CaseSelfWeightConsolidation_Stage1_out\data/Part_0147.bi4
SaveVTK> ...\particles/PartFluid_0147.vtk  np:1000
LoadData> CaseSelfWeightConsolidation_Stage1_out\data/Part_0148.bi4
SaveVTK> ...\particles/PartFluid_0148.vtk  np:1000
LoadData> CaseSelfWeightConsolidation_Stage1_out\data/Part_0149.bi4
SaveVTK> ...\particles/PartFluid_0149.vtk  np:1000
LoadData> CaseSelfWeightConsolidation_Stage1_out\data/Part_0150.bi4
SaveVTK> ...\particles/PartFluid_0150.vtk  np:1000
LoadData> CaseSelfWeightConsolidation_Stage1_out\data/Part_0151.bi4
SaveVTK> ...\particles/PartFluid_0151.vtk  np:1000
LoadData> CaseSelfWeightConsolidation_Stage1_out\data/Part_0152.bi4
SaveVTK> ...\particles/PartFluid_0152.vtk  np:1000
LoadData> CaseSelfWeightConsolidation_Stage1_out\data/Part_0153.bi4
SaveVTK> ...\particles/PartFluid_0153.vtk  np:1000
LoadData> CaseSelfWeightConsolidation_Stage1_out\data/Part_0154.bi4
SaveVTK> ...\particles/PartFluid_0154.vtk  np:1000
LoadData> CaseSelfWeightConsolidation_Stage1_out\data/Part_0155.bi4
SaveVTK> ...\particles/PartFluid_0155.vtk  np:1000
LoadData> CaseSelfWeightConsolidation_Stage1_out\data/Part_0156.bi4
SaveVTK> ...\particles/PartFluid_0156.vtk  np:1000
LoadData> CaseSelfWeightConsolidation_Stage1_out\data/Part_0157.bi4
SaveVTK> ...\particles/PartFluid_0157.vtk  np:1000
LoadData> CaseSelfWeightConsolidation_Stage1_out\data/Part_0158.bi4
SaveVTK> ...\particles/PartFluid_0158.vtk  np:1000
LoadData> CaseSelfWeightConsolidation_Stage1_out\data/Part_0159.bi4
SaveVTK> ...\particles/PartFluid_0159.vtk  np:1000
LoadData> CaseSelfWeightConsolidation_Stage1_out\data/Part_0160.bi4
SaveVTK> ...\particles/PartFluid_0160.vtk  np:1000
LoadData> CaseSelfWeightConsolidation_Stage1_out\data/Part_0161.bi4
SaveVTK> ...\particles/PartFluid_0161.vtk  np:1000
LoadData> CaseSelfWeightConsolidation_Stage1_out\data/Part_0162.bi4
SaveVTK> ...\particles/PartFluid_0162.vtk  np:1000
LoadData> CaseSelfWeightConsolidation_Stage1_out\data/Part_0163.bi4
SaveVTK> ...\particles/PartFluid_0163.vtk  np:1000
LoadData> CaseSelfWeightConsolidation_Stage1_out\data/Part_0164.bi4
SaveVTK> ...\particles/PartFluid_0164.vtk  np:1000
LoadData> CaseSelfWeightConsolidation_Stage1_out\data/Part_0165.bi4
SaveVTK> ...\particles/PartFluid_0165.vtk  np:1000
LoadData> CaseSelfWeightConsolidation_Stage1_out\data/Part_0166.bi4
SaveVTK> ...\particles/PartFluid_0166.vtk  np:1000
LoadData> CaseSelfWeightConsolidation_Stage1_out\data/Part_0167.bi4
SaveVTK> ...\particles/PartFluid_0167.vtk  np:1000
LoadData> CaseSelfWeightConsolidation_Stage1_out\data/Part_0168.bi4
SaveVTK> ...\particles/PartFluid_0168.vtk  np:1000
LoadData> CaseSelfWeightConsolidation_Stage1_out\data/Part_0169.bi4
SaveVTK> ...\particles/PartFluid_0169.vtk  np:1000
LoadData> CaseSelfWeightConsolidation_Stage1_out\data/Part_0170.bi4
SaveVTK> ...\particles/PartFluid_0170.vtk  np:1000
LoadData> CaseSelfWeightConsolidation_Stage1_out\data/Part_0171.bi4
SaveVTK> ...\particles/PartFluid_0171.vtk  np:1000
LoadData> CaseSelfWeightConsolidation_Stage1_out\data/Part_0172.bi4
SaveVTK> ...\particles/PartFluid_0172.vtk  np:1000
LoadData> CaseSelfWeightConsolidation_Stage1_out\data/Part_0173.bi4
SaveVTK> ...\particles/PartFluid_0173.vtk  np:1000
LoadData> CaseSelfWeightConsolidation_Stage1_out\data/Part_0174.bi4
SaveVTK> ...\particles/PartFluid_0174.vtk  np:1000
LoadData> CaseSelfWeightConsolidation_Stage1_out\data/Part_0175.bi4
SaveVTK> ...\particles/PartFluid_0175.vtk  np:1000
LoadData> CaseSelfWeightConsolidation_Stage1_out\data/Part_0176.bi4
SaveVTK> ...\particles/PartFluid_0176.vtk  np:1000
LoadData> CaseSelfWeightConsolidation_Stage1_out\data/Part_0177.bi4
SaveVTK> ...\particles/PartFluid_0177.vtk  np:1000
LoadData> CaseSelfWeightConsolidation_Stage1_out\data/Part_0178.bi4
SaveVTK> ...\particles/PartFluid_0178.vtk  np:1000
LoadData> CaseSelfWeightConsolidation_Stage1_out\data/Part_0179.bi4
SaveVTK> ...\particles/PartFluid_0179.vtk  np:1000
LoadData> CaseSelfWeightConsolidation_Stage1_out\data/Part_0180.bi4
SaveVTK> ...\particles/PartFluid_0180.vtk  np:1000
LoadData> CaseSelfWeightConsolidation_Stage1_out\data/Part_0181.bi4
SaveVTK> ...\particles/PartFluid_0181.vtk  np:1000
LoadData> CaseSelfWeightConsolidation_Stage1_out\data/Part_0182.bi4
SaveVTK> ...\particles/PartFluid_0182.vtk  np:1000
LoadData> CaseSelfWeightConsolidation_Stage1_out\data/Part_0183.bi4
SaveVTK> ...\particles/PartFluid_0183.vtk  np:1000
LoadData> CaseSelfWeightConsolidation_Stage1_out\data/Part_0184.bi4
SaveVTK> ...\particles/PartFluid_0184.vtk  np:1000
LoadData> CaseSelfWeightConsolidation_Stage1_out\data/Part_0185.bi4
SaveVTK> ...\particles/PartFluid_0185.vtk  np:1000
LoadData> CaseSelfWeightConsolidation_Stage1_out\data/Part_0186.bi4
SaveVTK> ...\particles/PartFluid_0186.vtk  np:1000
LoadData> CaseSelfWeightConsolidation_Stage1_out\data/Part_0187.bi4
SaveVTK> ...\particles/PartFluid_0187.vtk  np:1000
LoadData> CaseSelfWeightConsolidation_Stage1_out\data/Part_0188.bi4
SaveVTK> ...\particles/PartFluid_0188.vtk  np:1000
LoadData> CaseSelfWeightConsolidation_Stage1_out\data/Part_0189.bi4
SaveVTK> ...\particles/PartFluid_0189.vtk  np:1000
LoadData> CaseSelfWeightConsolidation_Stage1_out\data/Part_0190.bi4
SaveVTK> ...\particles/PartFluid_0190.vtk  np:1000
LoadData> CaseSelfWeightConsolidation_Stage1_out\data/Part_0191.bi4
SaveVTK> ...\particles/PartFluid_0191.vtk  np:1000
LoadData> CaseSelfWeightConsolidation_Stage1_out\data/Part_0192.bi4
SaveVTK> ...\particles/PartFluid_0192.vtk  np:1000
LoadData> CaseSelfWeightConsolidation_Stage1_out\data/Part_0193.bi4
SaveVTK> ...\particles/PartFluid_0193.vtk  np:1000
LoadData> CaseSelfWeightConsolidation_Stage1_out\data/Part_0194.bi4
SaveVTK> ...\particles/PartFluid_0194.vtk  np:1000
LoadData> CaseSelfWeightConsolidation_Stage1_out\data/Part_0195.bi4
SaveVTK> ...\particles/PartFluid_0195.vtk  np:1000
LoadData> CaseSelfWeightConsolidation_Stage1_out\data/Part_0196.bi4
SaveVTK> ...\particles/PartFluid_0196.vtk  np:1000
LoadData> CaseSelfWeightConsolidation_Stage1_out\data/Part_0197.bi4
SaveVTK> ...\particles/PartFluid_0197.vtk  np:1000
LoadData> CaseSelfWeightConsolidation_Stage1_out\data/Part_0198.bi4
SaveVTK> ...\particles/PartFluid_0198.vtk  np:1000
LoadData> CaseSelfWeightConsolidation_Stage1_out\data/Part_0199.bi4
SaveVTK> ...\particles/PartFluid_0199.vtk  np:1000
LoadData> CaseSelfWeightConsolidation_Stage1_out\data/Part_0200.bi4
SaveVTK> ...\particles/PartFluid_0200.vtk  np:1000

Time of operation: 0.749 sec. (20 threads)


 <PARTVTK>  Copyright (c) 2020 by Dr Jose M. Dominguez
 All rights reserved.

 PartVTK is a free tool for DualSPHysics simulations.
 DualSPHysics project is an international collaboration between
 University of Vigo (Spain) and University of Manchester (UK).

 Redistribution and use in source and binary forms, with or without
 modification, are permitted provided that the following conditions
 are met:
 * Redistributions of source code must retain the above copyright
   notice, this list of conditions and the following disclaimer.
 * Redistributions in binary form must reproduce the above copyright
   notice, this list of conditions and the following disclaimer in the
   documentation and/or other materials provided with the distribution.
 * Neither the name of the PartVTK nor the names of its contributors
   may be used to endorse or promote products derived from this software
   without specific prior written permission.

 THIS SOFTWARE IS PROVIDED BY THE COPYRIGHT HOLDERS AND CONTRIBUTORS "AS IS"
 AND ANY EXPRESS OR IMPLIED WARRANTIES, INCLUDING, BUT NOT LIMITED TO, THE
 IMPLIED WARRANTIES OF MERCHANTABILITY AND FITNESS FOR A PARTICULAR PURPOSE
 ARE DISCLAIMED. IN NO EVENT SHALL THE COPYRIGHT OWNER BE LIABLE FOR ANY
 DIRECT, INDIRECT, INCIDENTAL, SPECIAL, EXEMPLARY, OR CONSEQUENTIAL DAMAGES
 (INCLUDING, BUT NOT LIMITED TO, PROCUREMENT OF SUBSTITUTE GOODS OR SERVICES;
 LOSS OF USE, DATA, OR PROFITS; OR BUSINESS INTERRUPTION) HOWEVER CAUSED AND
 ON ANY THEORY OF LIABILITY, WHETHER IN CONTRACT, STRICT LIABILITY, OR TORT
 (INCLUDING NEGLIGENCE OR OTHERWISE) ARISING IN ANY WAY OUT OF THE USE OF
 THIS SOFTWARE, EVEN IF ADVISED OF THE POSSIBILITY OF SUCH DAMAGE.


PartVTK v5.0.206 (12-04-2023)
==============================
LoadDsphConfig> .../bin/windows/DsphConfig.xml
Threads for parallel execution: 20
LoadConfigData> CaseSelfWeightConsolidation_Stage1_out\data/Part_0000.bi4
LoadData> CaseSelfWeightConsolidation_Stage1_out\data/Part_0000.bi4
SaveVTK> ...\particles/PartBound_0000.vtk  np:1040
LoadData> CaseSelfWeightConsolidation_Stage1_out\data/Part_0001.bi4
SaveVTK> ...\particles/PartBound_0001.vtk  np:1040
LoadData> CaseSelfWeightConsolidation_Stage1_out\data/Part_0002.bi4
SaveVTK> ...\particles/PartBound_0002.vtk  np:1040
LoadData> CaseSelfWeightConsolidation_Stage1_out\data/Part_0003.bi4
SaveVTK> ...\particles/PartBound_0003.vtk  np:1040
LoadData> CaseSelfWeightConsolidation_Stage1_out\data/Part_0004.bi4
SaveVTK> ...\particles/PartBound_0004.vtk  np:1040
LoadData> CaseSelfWeightConsolidation_Stage1_out\data/Part_0005.bi4
SaveVTK> ...\particles/PartBound_0005.vtk  np:1040
LoadData> CaseSelfWeightConsolidation_Stage1_out\data/Part_0006.bi4
SaveVTK> ...\particles/PartBound_0006.vtk  np:1040
LoadData> CaseSelfWeightConsolidation_Stage1_out\data/Part_0007.bi4
SaveVTK> ...\particles/PartBound_0007.vtk  np:1040
LoadData> CaseSelfWeightConsolidation_Stage1_out\data/Part_0008.bi4
SaveVTK> ...\particles/PartBound_0008.vtk  np:1040
LoadData> CaseSelfWeightConsolidation_Stage1_out\data/Part_0009.bi4
SaveVTK> ...\particles/PartBound_0009.vtk  np:1040
LoadData> CaseSelfWeightConsolidation_Stage1_out\data/Part_0010.bi4
SaveVTK> ...\particles/PartBound_0010.vtk  np:1040
LoadData> CaseSelfWeightConsolidation_Stage1_out\data/Part_0011.bi4
SaveVTK> ...\particles/PartBound_0011.vtk  np:1040
LoadData> CaseSelfWeightConsolidation_Stage1_out\data/Part_0012.bi4
SaveVTK> ...\particles/PartBound_0012.vtk  np:1040
LoadData> CaseSelfWeightConsolidation_Stage1_out\data/Part_0013.bi4
SaveVTK> ...\particles/PartBound_0013.vtk  np:1040
LoadData> CaseSelfWeightConsolidation_Stage1_out\data/Part_0014.bi4
SaveVTK> ...\particles/PartBound_0014.vtk  np:1040
LoadData> CaseSelfWeightConsolidation_Stage1_out\data/Part_0015.bi4
SaveVTK> ...\particles/PartBound_0015.vtk  np:1040
LoadData> CaseSelfWeightConsolidation_Stage1_out\data/Part_0016.bi4
SaveVTK> ...\particles/PartBound_0016.vtk  np:1040
LoadData> CaseSelfWeightConsolidation_Stage1_out\data/Part_0017.bi4
SaveVTK> ...\particles/PartBound_0017.vtk  np:1040
LoadData> CaseSelfWeightConsolidation_Stage1_out\data/Part_0018.bi4
SaveVTK> ...\particles/PartBound_0018.vtk  np:1040
LoadData> CaseSelfWeightConsolidation_Stage1_out\data/Part_0019.bi4
SaveVTK> ...\particles/PartBound_0019.vtk  np:1040
LoadData> CaseSelfWeightConsolidation_Stage1_out\data/Part_0020.bi4
SaveVTK> ...\particles/PartBound_0020.vtk  np:1040
LoadData> CaseSelfWeightConsolidation_Stage1_out\data/Part_0021.bi4
SaveVTK> ...\particles/PartBound_0021.vtk  np:1040
LoadData> CaseSelfWeightConsolidation_Stage1_out\data/Part_0022.bi4
SaveVTK> ...\particles/PartBound_0022.vtk  np:1040
LoadData> CaseSelfWeightConsolidation_Stage1_out\data/Part_0023.bi4
SaveVTK> ...\particles/PartBound_0023.vtk  np:1040
LoadData> CaseSelfWeightConsolidation_Stage1_out\data/Part_0024.bi4
SaveVTK> ...\particles/PartBound_0024.vtk  np:1040
LoadData> CaseSelfWeightConsolidation_Stage1_out\data/Part_0025.bi4
SaveVTK> ...\particles/PartBound_0025.vtk  np:1040
LoadData> CaseSelfWeightConsolidation_Stage1_out\data/Part_0026.bi4
SaveVTK> ...\particles/PartBound_0026.vtk  np:1040
LoadData> CaseSelfWeightConsolidation_Stage1_out\data/Part_0027.bi4
SaveVTK> ...\particles/PartBound_0027.vtk  np:1040
LoadData> CaseSelfWeightConsolidation_Stage1_out\data/Part_0028.bi4
SaveVTK> ...\particles/PartBound_0028.vtk  np:1040
LoadData> CaseSelfWeightConsolidation_Stage1_out\data/Part_0029.bi4
SaveVTK> ...\particles/PartBound_0029.vtk  np:1040
LoadData> CaseSelfWeightConsolidation_Stage1_out\data/Part_0030.bi4
SaveVTK> ...\particles/PartBound_0030.vtk  np:1040
LoadData> CaseSelfWeightConsolidation_Stage1_out\data/Part_0031.bi4
SaveVTK> ...\particles/PartBound_0031.vtk  np:1040
LoadData> CaseSelfWeightConsolidation_Stage1_out\data/Part_0032.bi4
SaveVTK> ...\particles/PartBound_0032.vtk  np:1040
LoadData> CaseSelfWeightConsolidation_Stage1_out\data/Part_0033.bi4
SaveVTK> ...\particles/PartBound_0033.vtk  np:1040
LoadData> CaseSelfWeightConsolidation_Stage1_out\data/Part_0034.bi4
SaveVTK> ...\particles/PartBound_0034.vtk  np:1040
LoadData> CaseSelfWeightConsolidation_Stage1_out\data/Part_0035.bi4
SaveVTK> ...\particles/PartBound_0035.vtk  np:1040
LoadData> CaseSelfWeightConsolidation_Stage1_out\data/Part_0036.bi4
SaveVTK> ...\particles/PartBound_0036.vtk  np:1040
LoadData> CaseSelfWeightConsolidation_Stage1_out\data/Part_0037.bi4
SaveVTK> ...\particles/PartBound_0037.vtk  np:1040
LoadData> CaseSelfWeightConsolidation_Stage1_out\data/Part_0038.bi4
SaveVTK> ...\particles/PartBound_0038.vtk  np:1040
LoadData> CaseSelfWeightConsolidation_Stage1_out\data/Part_0039.bi4
SaveVTK> ...\particles/PartBound_0039.vtk  np:1040
LoadData> CaseSelfWeightConsolidation_Stage1_out\data/Part_0040.bi4
SaveVTK> ...\particles/PartBound_0040.vtk  np:1040
LoadData> CaseSelfWeightConsolidation_Stage1_out\data/Part_0041.bi4
SaveVTK> ...\particles/PartBound_0041.vtk  np:1040
LoadData> CaseSelfWeightConsolidation_Stage1_out\data/Part_0042.bi4
SaveVTK> ...\particles/PartBound_0042.vtk  np:1040
LoadData> CaseSelfWeightConsolidation_Stage1_out\data/Part_0043.bi4
SaveVTK> ...\particles/PartBound_0043.vtk  np:1040
LoadData> CaseSelfWeightConsolidation_Stage1_out\data/Part_0044.bi4
SaveVTK> ...\particles/PartBound_0044.vtk  np:1040
LoadData> CaseSelfWeightConsolidation_Stage1_out\data/Part_0045.bi4
SaveVTK> ...\particles/PartBound_0045.vtk  np:1040
LoadData> CaseSelfWeightConsolidation_Stage1_out\data/Part_0046.bi4
SaveVTK> ...\particles/PartBound_0046.vtk  np:1040
LoadData> CaseSelfWeightConsolidation_Stage1_out\data/Part_0047.bi4
SaveVTK> ...\particles/PartBound_0047.vtk  np:1040
LoadData> CaseSelfWeightConsolidation_Stage1_out\data/Part_0048.bi4
SaveVTK> ...\particles/PartBound_0048.vtk  np:1040
LoadData> CaseSelfWeightConsolidation_Stage1_out\data/Part_0049.bi4
SaveVTK> ...\particles/PartBound_0049.vtk  np:1040
LoadData> CaseSelfWeightConsolidation_Stage1_out\data/Part_0050.bi4
SaveVTK> ...\particles/PartBound_0050.vtk  np:1040
LoadData> CaseSelfWeightConsolidation_Stage1_out\data/Part_0051.bi4
SaveVTK> ...\particles/PartBound_0051.vtk  np:1040
LoadData> CaseSelfWeightConsolidation_Stage1_out\data/Part_0052.bi4
SaveVTK> ...\particles/PartBound_0052.vtk  np:1040
LoadData> CaseSelfWeightConsolidation_Stage1_out\data/Part_0053.bi4
SaveVTK> ...\particles/PartBound_0053.vtk  np:1040
LoadData> CaseSelfWeightConsolidation_Stage1_out\data/Part_0054.bi4
SaveVTK> ...\particles/PartBound_0054.vtk  np:1040
LoadData> CaseSelfWeightConsolidation_Stage1_out\data/Part_0055.bi4
SaveVTK> ...\particles/PartBound_0055.vtk  np:1040
LoadData> CaseSelfWeightConsolidation_Stage1_out\data/Part_0056.bi4
SaveVTK> ...\particles/PartBound_0056.vtk  np:1040
LoadData> CaseSelfWeightConsolidation_Stage1_out\data/Part_0057.bi4
SaveVTK> ...\particles/PartBound_0057.vtk  np:1040
LoadData> CaseSelfWeightConsolidation_Stage1_out\data/Part_0058.bi4
SaveVTK> ...\particles/PartBound_0058.vtk  np:1040
LoadData> CaseSelfWeightConsolidation_Stage1_out\data/Part_0059.bi4
SaveVTK> ...\particles/PartBound_0059.vtk  np:1040
LoadData> CaseSelfWeightConsolidation_Stage1_out\data/Part_0060.bi4
SaveVTK> ...\particles/PartBound_0060.vtk  np:1040
LoadData> CaseSelfWeightConsolidation_Stage1_out\data/Part_0061.bi4
SaveVTK> ...\particles/PartBound_0061.vtk  np:1040
LoadData> CaseSelfWeightConsolidation_Stage1_out\data/Part_0062.bi4
SaveVTK> ...\particles/PartBound_0062.vtk  np:1040
LoadData> CaseSelfWeightConsolidation_Stage1_out\data/Part_0063.bi4
SaveVTK> ...\particles/PartBound_0063.vtk  np:1040
LoadData> CaseSelfWeightConsolidation_Stage1_out\data/Part_0064.bi4
SaveVTK> ...\particles/PartBound_0064.vtk  np:1040
LoadData> CaseSelfWeightConsolidation_Stage1_out\data/Part_0065.bi4
SaveVTK> ...\particles/PartBound_0065.vtk  np:1040
LoadData> CaseSelfWeightConsolidation_Stage1_out\data/Part_0066.bi4
SaveVTK> ...\particles/PartBound_0066.vtk  np:1040
LoadData> CaseSelfWeightConsolidation_Stage1_out\data/Part_0067.bi4
SaveVTK> ...\particles/PartBound_0067.vtk  np:1040
LoadData> CaseSelfWeightConsolidation_Stage1_out\data/Part_0068.bi4
SaveVTK> ...\particles/PartBound_0068.vtk  np:1040
LoadData> CaseSelfWeightConsolidation_Stage1_out\data/Part_0069.bi4
SaveVTK> ...\particles/PartBound_0069.vtk  np:1040
LoadData> CaseSelfWeightConsolidation_Stage1_out\data/Part_0070.bi4
SaveVTK> ...\particles/PartBound_0070.vtk  np:1040
LoadData> CaseSelfWeightConsolidation_Stage1_out\data/Part_0071.bi4
SaveVTK> ...\particles/PartBound_0071.vtk  np:1040
LoadData> CaseSelfWeightConsolidation_Stage1_out\data/Part_0072.bi4
SaveVTK> ...\particles/PartBound_0072.vtk  np:1040
LoadData> CaseSelfWeightConsolidation_Stage1_out\data/Part_0073.bi4
SaveVTK> ...\particles/PartBound_0073.vtk  np:1040
LoadData> CaseSelfWeightConsolidation_Stage1_out\data/Part_0074.bi4
SaveVTK> ...\particles/PartBound_0074.vtk  np:1040
LoadData> CaseSelfWeightConsolidation_Stage1_out\data/Part_0075.bi4
SaveVTK> ...\particles/PartBound_0075.vtk  np:1040
LoadData> CaseSelfWeightConsolidation_Stage1_out\data/Part_0076.bi4
SaveVTK> ...\particles/PartBound_0076.vtk  np:1040
LoadData> CaseSelfWeightConsolidation_Stage1_out\data/Part_0077.bi4
SaveVTK> ...\particles/PartBound_0077.vtk  np:1040
LoadData> CaseSelfWeightConsolidation_Stage1_out\data/Part_0078.bi4
SaveVTK> ...\particles/PartBound_0078.vtk  np:1040
LoadData> CaseSelfWeightConsolidation_Stage1_out\data/Part_0079.bi4
SaveVTK> ...\particles/PartBound_0079.vtk  np:1040
LoadData> CaseSelfWeightConsolidation_Stage1_out\data/Part_0080.bi4
SaveVTK> ...\particles/PartBound_0080.vtk  np:1040
LoadData> CaseSelfWeightConsolidation_Stage1_out\data/Part_0081.bi4
SaveVTK> ...\particles/PartBound_0081.vtk  np:1040
LoadData> CaseSelfWeightConsolidation_Stage1_out\data/Part_0082.bi4
SaveVTK> ...\particles/PartBound_0082.vtk  np:1040
LoadData> CaseSelfWeightConsolidation_Stage1_out\data/Part_0083.bi4
SaveVTK> ...\particles/PartBound_0083.vtk  np:1040
LoadData> CaseSelfWeightConsolidation_Stage1_out\data/Part_0084.bi4
SaveVTK> ...\particles/PartBound_0084.vtk  np:1040
LoadData> CaseSelfWeightConsolidation_Stage1_out\data/Part_0085.bi4
SaveVTK> ...\particles/PartBound_0085.vtk  np:1040
LoadData> CaseSelfWeightConsolidation_Stage1_out\data/Part_0086.bi4
SaveVTK> ...\particles/PartBound_0086.vtk  np:1040
LoadData> CaseSelfWeightConsolidation_Stage1_out\data/Part_0087.bi4
SaveVTK> ...\particles/PartBound_0087.vtk  np:1040
LoadData> CaseSelfWeightConsolidation_Stage1_out\data/Part_0088.bi4
SaveVTK> ...\particles/PartBound_0088.vtk  np:1040
LoadData> CaseSelfWeightConsolidation_Stage1_out\data/Part_0089.bi4
SaveVTK> ...\particles/PartBound_0089.vtk  np:1040
LoadData> CaseSelfWeightConsolidation_Stage1_out\data/Part_0090.bi4
SaveVTK> ...\particles/PartBound_0090.vtk  np:1040
LoadData> CaseSelfWeightConsolidation_Stage1_out\data/Part_0091.bi4
SaveVTK> ...\particles/PartBound_0091.vtk  np:1040
LoadData> CaseSelfWeightConsolidation_Stage1_out\data/Part_0092.bi4
SaveVTK> ...\particles/PartBound_0092.vtk  np:1040
LoadData> CaseSelfWeightConsolidation_Stage1_out\data/Part_0093.bi4
SaveVTK> ...\particles/PartBound_0093.vtk  np:1040
LoadData> CaseSelfWeightConsolidation_Stage1_out\data/Part_0094.bi4
SaveVTK> ...\particles/PartBound_0094.vtk  np:1040
LoadData> CaseSelfWeightConsolidation_Stage1_out\data/Part_0095.bi4
SaveVTK> ...\particles/PartBound_0095.vtk  np:1040
LoadData> CaseSelfWeightConsolidation_Stage1_out\data/Part_0096.bi4
SaveVTK> ...\particles/PartBound_0096.vtk  np:1040
LoadData> CaseSelfWeightConsolidation_Stage1_out\data/Part_0097.bi4
SaveVTK> ...\particles/PartBound_0097.vtk  np:1040
LoadData> CaseSelfWeightConsolidation_Stage1_out\data/Part_0098.bi4
SaveVTK> ...\particles/PartBound_0098.vtk  np:1040
LoadData> CaseSelfWeightConsolidation_Stage1_out\data/Part_0099.bi4
SaveVTK> ...\particles/PartBound_0099.vtk  np:1040
LoadData> CaseSelfWeightConsolidation_Stage1_out\data/Part_0100.bi4
SaveVTK> ...\particles/PartBound_0100.vtk  np:1040
LoadData> CaseSelfWeightConsolidation_Stage1_out\data/Part_0101.bi4
SaveVTK> ...\particles/PartBound_0101.vtk  np:1040
LoadData> CaseSelfWeightConsolidation_Stage1_out\data/Part_0102.bi4
SaveVTK> ...\particles/PartBound_0102.vtk  np:1040
LoadData> CaseSelfWeightConsolidation_Stage1_out\data/Part_0103.bi4
SaveVTK> ...\particles/PartBound_0103.vtk  np:1040
LoadData> CaseSelfWeightConsolidation_Stage1_out\data/Part_0104.bi4
SaveVTK> ...\particles/PartBound_0104.vtk  np:1040
LoadData> CaseSelfWeightConsolidation_Stage1_out\data/Part_0105.bi4
SaveVTK> ...\particles/PartBound_0105.vtk  np:1040
LoadData> CaseSelfWeightConsolidation_Stage1_out\data/Part_0106.bi4
SaveVTK> ...\particles/PartBound_0106.vtk  np:1040
LoadData> CaseSelfWeightConsolidation_Stage1_out\data/Part_0107.bi4
SaveVTK> ...\particles/PartBound_0107.vtk  np:1040
LoadData> CaseSelfWeightConsolidation_Stage1_out\data/Part_0108.bi4
SaveVTK> ...\particles/PartBound_0108.vtk  np:1040
LoadData> CaseSelfWeightConsolidation_Stage1_out\data/Part_0109.bi4
SaveVTK> ...\particles/PartBound_0109.vtk  np:1040
LoadData> CaseSelfWeightConsolidation_Stage1_out\data/Part_0110.bi4
SaveVTK> ...\particles/PartBound_0110.vtk  np:1040
LoadData> CaseSelfWeightConsolidation_Stage1_out\data/Part_0111.bi4
SaveVTK> ...\particles/PartBound_0111.vtk  np:1040
LoadData> CaseSelfWeightConsolidation_Stage1_out\data/Part_0112.bi4
SaveVTK> ...\particles/PartBound_0112.vtk  np:1040
LoadData> CaseSelfWeightConsolidation_Stage1_out\data/Part_0113.bi4
SaveVTK> ...\particles/PartBound_0113.vtk  np:1040
LoadData> CaseSelfWeightConsolidation_Stage1_out\data/Part_0114.bi4
SaveVTK> ...\particles/PartBound_0114.vtk  np:1040
LoadData> CaseSelfWeightConsolidation_Stage1_out\data/Part_0115.bi4
SaveVTK> ...\particles/PartBound_0115.vtk  np:1040
LoadData> CaseSelfWeightConsolidation_Stage1_out\data/Part_0116.bi4
SaveVTK> ...\particles/PartBound_0116.vtk  np:1040
LoadData> CaseSelfWeightConsolidation_Stage1_out\data/Part_0117.bi4
SaveVTK> ...\particles/PartBound_0117.vtk  np:1040
LoadData> CaseSelfWeightConsolidation_Stage1_out\data/Part_0118.bi4
SaveVTK> ...\particles/PartBound_0118.vtk  np:1040
LoadData> CaseSelfWeightConsolidation_Stage1_out\data/Part_0119.bi4
SaveVTK> ...\particles/PartBound_0119.vtk  np:1040
LoadData> CaseSelfWeightConsolidation_Stage1_out\data/Part_0120.bi4
SaveVTK> ...\particles/PartBound_0120.vtk  np:1040
LoadData> CaseSelfWeightConsolidation_Stage1_out\data/Part_0121.bi4
SaveVTK> ...\particles/PartBound_0121.vtk  np:1040
LoadData> CaseSelfWeightConsolidation_Stage1_out\data/Part_0122.bi4
SaveVTK> ...\particles/PartBound_0122.vtk  np:1040
LoadData> CaseSelfWeightConsolidation_Stage1_out\data/Part_0123.bi4
SaveVTK> ...\particles/PartBound_0123.vtk  np:1040
LoadData> CaseSelfWeightConsolidation_Stage1_out\data/Part_0124.bi4
SaveVTK> ...\particles/PartBound_0124.vtk  np:1040
LoadData> CaseSelfWeightConsolidation_Stage1_out\data/Part_0125.bi4
SaveVTK> ...\particles/PartBound_0125.vtk  np:1040
LoadData> CaseSelfWeightConsolidation_Stage1_out\data/Part_0126.bi4
SaveVTK> ...\particles/PartBound_0126.vtk  np:1040
LoadData> CaseSelfWeightConsolidation_Stage1_out\data/Part_0127.bi4
SaveVTK> ...\particles/PartBound_0127.vtk  np:1040
LoadData> CaseSelfWeightConsolidation_Stage1_out\data/Part_0128.bi4
SaveVTK> ...\particles/PartBound_0128.vtk  np:1040
LoadData> CaseSelfWeightConsolidation_Stage1_out\data/Part_0129.bi4
SaveVTK> ...\particles/PartBound_0129.vtk  np:1040
LoadData> CaseSelfWeightConsolidation_Stage1_out\data/Part_0130.bi4
SaveVTK> ...\particles/PartBound_0130.vtk  np:1040
LoadData> CaseSelfWeightConsolidation_Stage1_out\data/Part_0131.bi4
SaveVTK> ...\particles/PartBound_0131.vtk  np:1040
LoadData> CaseSelfWeightConsolidation_Stage1_out\data/Part_0132.bi4
SaveVTK> ...\particles/PartBound_0132.vtk  np:1040
LoadData> CaseSelfWeightConsolidation_Stage1_out\data/Part_0133.bi4
SaveVTK> ...\particles/PartBound_0133.vtk  np:1040
LoadData> CaseSelfWeightConsolidation_Stage1_out\data/Part_0134.bi4
SaveVTK> ...\particles/PartBound_0134.vtk  np:1040
LoadData> CaseSelfWeightConsolidation_Stage1_out\data/Part_0135.bi4
SaveVTK> ...\particles/PartBound_0135.vtk  np:1040
LoadData> CaseSelfWeightConsolidation_Stage1_out\data/Part_0136.bi4
SaveVTK> ...\particles/PartBound_0136.vtk  np:1040
LoadData> CaseSelfWeightConsolidation_Stage1_out\data/Part_0137.bi4
SaveVTK> ...\particles/PartBound_0137.vtk  np:1040
LoadData> CaseSelfWeightConsolidation_Stage1_out\data/Part_0138.bi4
SaveVTK> ...\particles/PartBound_0138.vtk  np:1040
LoadData> CaseSelfWeightConsolidation_Stage1_out\data/Part_0139.bi4
SaveVTK> ...\particles/PartBound_0139.vtk  np:1040
LoadData> CaseSelfWeightConsolidation_Stage1_out\data/Part_0140.bi4
SaveVTK> ...\particles/PartBound_0140.vtk  np:1040
LoadData> CaseSelfWeightConsolidation_Stage1_out\data/Part_0141.bi4
SaveVTK> ...\particles/PartBound_0141.vtk  np:1040
LoadData> CaseSelfWeightConsolidation_Stage1_out\data/Part_0142.bi4
SaveVTK> ...\particles/PartBound_0142.vtk  np:1040
LoadData> CaseSelfWeightConsolidation_Stage1_out\data/Part_0143.bi4
SaveVTK> ...\particles/PartBound_0143.vtk  np:1040
LoadData> CaseSelfWeightConsolidation_Stage1_out\data/Part_0144.bi4
SaveVTK> ...\particles/PartBound_0144.vtk  np:1040
LoadData> CaseSelfWeightConsolidation_Stage1_out\data/Part_0145.bi4
SaveVTK> ...\particles/PartBound_0145.vtk  np:1040
LoadData> CaseSelfWeightConsolidation_Stage1_out\data/Part_0146.bi4
SaveVTK> ...\particles/PartBound_0146.vtk  np:1040
LoadData> CaseSelfWeightConsolidation_Stage1_out\data/Part_0147.bi4
SaveVTK> ...\particles/PartBound_0147.vtk  np:1040
LoadData> CaseSelfWeightConsolidation_Stage1_out\data/Part_0148.bi4
SaveVTK> ...\particles/PartBound_0148.vtk  np:1040
LoadData> CaseSelfWeightConsolidation_Stage1_out\data/Part_0149.bi4
SaveVTK> ...\particles/PartBound_0149.vtk  np:1040
LoadData> CaseSelfWeightConsolidation_Stage1_out\data/Part_0150.bi4
SaveVTK> ...\particles/PartBound_0150.vtk  np:1040
LoadData> CaseSelfWeightConsolidation_Stage1_out\data/Part_0151.bi4
SaveVTK> ...\particles/PartBound_0151.vtk  np:1040
LoadData> CaseSelfWeightConsolidation_Stage1_out\data/Part_0152.bi4
SaveVTK> ...\particles/PartBound_0152.vtk  np:1040
LoadData> CaseSelfWeightConsolidation_Stage1_out\data/Part_0153.bi4
SaveVTK> ...\particles/PartBound_0153.vtk  np:1040
LoadData> CaseSelfWeightConsolidation_Stage1_out\data/Part_0154.bi4
SaveVTK> ...\particles/PartBound_0154.vtk  np:1040
LoadData> CaseSelfWeightConsolidation_Stage1_out\data/Part_0155.bi4
SaveVTK> ...\particles/PartBound_0155.vtk  np:1040
LoadData> CaseSelfWeightConsolidation_Stage1_out\data/Part_0156.bi4
SaveVTK> ...\particles/PartBound_0156.vtk  np:1040
LoadData> CaseSelfWeightConsolidation_Stage1_out\data/Part_0157.bi4
SaveVTK> ...\particles/PartBound_0157.vtk  np:1040
LoadData> CaseSelfWeightConsolidation_Stage1_out\data/Part_0158.bi4
SaveVTK> ...\particles/PartBound_0158.vtk  np:1040
LoadData> CaseSelfWeightConsolidation_Stage1_out\data/Part_0159.bi4
SaveVTK> ...\particles/PartBound_0159.vtk  np:1040
LoadData> CaseSelfWeightConsolidation_Stage1_out\data/Part_0160.bi4
SaveVTK> ...\particles/PartBound_0160.vtk  np:1040
LoadData> CaseSelfWeightConsolidation_Stage1_out\data/Part_0161.bi4
SaveVTK> ...\particles/PartBound_0161.vtk  np:1040
LoadData> CaseSelfWeightConsolidation_Stage1_out\data/Part_0162.bi4
SaveVTK> ...\particles/PartBound_0162.vtk  np:1040
LoadData> CaseSelfWeightConsolidation_Stage1_out\data/Part_0163.bi4
SaveVTK> ...\particles/PartBound_0163.vtk  np:1040
LoadData> CaseSelfWeightConsolidation_Stage1_out\data/Part_0164.bi4
SaveVTK> ...\particles/PartBound_0164.vtk  np:1040
LoadData> CaseSelfWeightConsolidation_Stage1_out\data/Part_0165.bi4
SaveVTK> ...\particles/PartBound_0165.vtk  np:1040
LoadData> CaseSelfWeightConsolidation_Stage1_out\data/Part_0166.bi4
SaveVTK> ...\particles/PartBound_0166.vtk  np:1040
LoadData> CaseSelfWeightConsolidation_Stage1_out\data/Part_0167.bi4
SaveVTK> ...\particles/PartBound_0167.vtk  np:1040
LoadData> CaseSelfWeightConsolidation_Stage1_out\data/Part_0168.bi4
SaveVTK> ...\particles/PartBound_0168.vtk  np:1040
LoadData> CaseSelfWeightConsolidation_Stage1_out\data/Part_0169.bi4
SaveVTK> ...\particles/PartBound_0169.vtk  np:1040
LoadData> CaseSelfWeightConsolidation_Stage1_out\data/Part_0170.bi4
SaveVTK> ...\particles/PartBound_0170.vtk  np:1040
LoadData> CaseSelfWeightConsolidation_Stage1_out\data/Part_0171.bi4
SaveVTK> ...\particles/PartBound_0171.vtk  np:1040
LoadData> CaseSelfWeightConsolidation_Stage1_out\data/Part_0172.bi4
SaveVTK> ...\particles/PartBound_0172.vtk  np:1040
LoadData> CaseSelfWeightConsolidation_Stage1_out\data/Part_0173.bi4
SaveVTK> ...\particles/PartBound_0173.vtk  np:1040
LoadData> CaseSelfWeightConsolidation_Stage1_out\data/Part_0174.bi4
SaveVTK> ...\particles/PartBound_0174.vtk  np:1040
LoadData> CaseSelfWeightConsolidation_Stage1_out\data/Part_0175.bi4
SaveVTK> ...\particles/PartBound_0175.vtk  np:1040
LoadData> CaseSelfWeightConsolidation_Stage1_out\data/Part_0176.bi4
SaveVTK> ...\particles/PartBound_0176.vtk  np:1040
LoadData> CaseSelfWeightConsolidation_Stage1_out\data/Part_0177.bi4
SaveVTK> ...\particles/PartBound_0177.vtk  np:1040
LoadData> CaseSelfWeightConsolidation_Stage1_out\data/Part_0178.bi4
SaveVTK> ...\particles/PartBound_0178.vtk  np:1040
LoadData> CaseSelfWeightConsolidation_Stage1_out\data/Part_0179.bi4
SaveVTK> ...\particles/PartBound_0179.vtk  np:1040
LoadData> CaseSelfWeightConsolidation_Stage1_out\data/Part_0180.bi4
SaveVTK> ...\particles/PartBound_0180.vtk  np:1040
LoadData> CaseSelfWeightConsolidation_Stage1_out\data/Part_0181.bi4
SaveVTK> ...\particles/PartBound_0181.vtk  np:1040
LoadData> CaseSelfWeightConsolidation_Stage1_out\data/Part_0182.bi4
SaveVTK> ...\particles/PartBound_0182.vtk  np:1040
LoadData> CaseSelfWeightConsolidation_Stage1_out\data/Part_0183.bi4
SaveVTK> ...\particles/PartBound_0183.vtk  np:1040
LoadData> CaseSelfWeightConsolidation_Stage1_out\data/Part_0184.bi4
SaveVTK> ...\particles/PartBound_0184.vtk  np:1040
LoadData> CaseSelfWeightConsolidation_Stage1_out\data/Part_0185.bi4
SaveVTK> ...\particles/PartBound_0185.vtk  np:1040
LoadData> CaseSelfWeightConsolidation_Stage1_out\data/Part_0186.bi4
SaveVTK> ...\particles/PartBound_0186.vtk  np:1040
LoadData> CaseSelfWeightConsolidation_Stage1_out\data/Part_0187.bi4
SaveVTK> ...\particles/PartBound_0187.vtk  np:1040
LoadData> CaseSelfWeightConsolidation_Stage1_out\data/Part_0188.bi4
SaveVTK> ...\particles/PartBound_0188.vtk  np:1040
LoadData> CaseSelfWeightConsolidation_Stage1_out\data/Part_0189.bi4
SaveVTK> ...\particles/PartBound_0189.vtk  np:1040
LoadData> CaseSelfWeightConsolidation_Stage1_out\data/Part_0190.bi4
SaveVTK> ...\particles/PartBound_0190.vtk  np:1040
LoadData> CaseSelfWeightConsolidation_Stage1_out\data/Part_0191.bi4
SaveVTK> ...\particles/PartBound_0191.vtk  np:1040
LoadData> CaseSelfWeightConsolidation_Stage1_out\data/Part_0192.bi4
SaveVTK> ...\particles/PartBound_0192.vtk  np:1040
LoadData> CaseSelfWeightConsolidation_Stage1_out\data/Part_0193.bi4
SaveVTK> ...\particles/PartBound_0193.vtk  np:1040
LoadData> CaseSelfWeightConsolidation_Stage1_out\data/Part_0194.bi4
SaveVTK> ...\particles/PartBound_0194.vtk  np:1040
LoadData> CaseSelfWeightConsolidation_Stage1_out\data/Part_0195.bi4
SaveVTK> ...\particles/PartBound_0195.vtk  np:1040
LoadData> CaseSelfWeightConsolidation_Stage1_out\data/Part_0196.bi4
SaveVTK> ...\particles/PartBound_0196.vtk  np:1040
LoadData> CaseSelfWeightConsolidation_Stage1_out\data/Part_0197.bi4
SaveVTK> ...\particles/PartBound_0197.vtk  np:1040
LoadData> CaseSelfWeightConsolidation_Stage1_out\data/Part_0198.bi4
SaveVTK> ...\particles/PartBound_0198.vtk  np:1040
LoadData> CaseSelfWeightConsolidation_Stage1_out\data/Part_0199.bi4
SaveVTK> ...\particles/PartBound_0199.vtk  np:1040
LoadData> CaseSelfWeightConsolidation_Stage1_out\data/Part_0200.bi4
SaveVTK> ...\particles/PartBound_0200.vtk  np:1040

Time of operation: 0.962 sec. (20 threads)
Saved Stage1 history: D:\MYF\SPH\GeoDualSPHysics_redevelop_f66777b\examples\Hydromechanic coupling\01_SelfWeightConsolidation_PR\figures\self_weight_stage1_history.png
Saved Stage1 metrics: D:\MYF\SPH\GeoDualSPHysics_redevelop_f66777b\examples\Hydromechanic coupling\01_SelfWeightConsolidation_PR\figures\self_weight_stage1_metrics.csv
Best Stage1 by excess-profile RMS: PartFluid_0020.vtk t=0.02s, bottom excess=11.1419 kPa (theory 10.6939 kPa), RMS excess=231.798 Pa, max speed=0.00154604 m/s
Final Stage1: PartFluid_0200.vtk t=0.2s, bottom excess=11.1856 kPa, RMS excess=262.357 Pa, max speed=2.286e-07 m/s
Stage 1 done
