

 <GENCASE>  Copyright (c) 2020 by Dr Jose M. Dominguez
 All rights reserved.

 GenCase is a free tool for DualSPHysics simulations.
 DualSPHysics project is an international collaboration between
 University of Vigo (Spain) and University of Manchester (UK).

 Redistribution and use in source and binary forms, with or without
 modification, are permitted provided that the following conditions
 are met:
 * Redistributions of source code must retain the above copyright
   notice, this list of conditions and the following disclaimer.
 * Redistributions in binary form must reproduce the above copyright
   notice, this list of conditions and the following disclaimer in the
   documentation and/or other materials provided with the distribution.
 * Neither the name of the GenCase nor the names of its contributors
   may be used to endorse or promote products derived from this software
   without specific prior written permission.

 THIS SOFTWARE IS PROVIDED BY THE COPYRIGHT HOLDERS AND CONTRIBUTORS "AS IS"
 AND ANY EXPRESS OR IMPLIED WARRANTIES, INCLUDING, BUT NOT LIMITED TO, THE
 IMPLIED WARRANTIES OF MERCHANTABILITY AND FITNESS FOR A PARTICULAR PURPOSE
 ARE DISCLAIMED. IN NO EVENT SHALL THE COPYRIGHT OWNER BE LIABLE FOR ANY
 DIRECT, INDIRECT, INCIDENTAL, SPECIAL, EXEMPLARY, OR CONSEQUENTIAL DAMAGES
 (INCLUDING, BUT NOT LIMITED TO, PROCUREMENT OF SUBSTITUTE GOODS OR SERVICES;
 LOSS OF USE, DATA, OR PROFITS; OR BUSINESS INTERRUPTION) HOWEVER CAUSED AND
 ON ANY THEORY OF LIABILITY, WHETHER IN CONTRACT, STRICT LIABILITY, OR TORT
 (INCLUDING NEGLIGENCE OR OTHERWISE) ARISING IN ANY WAY OUT OF THE USE OF
 THIS SOFTWARE, EVEN IF ADVISED OF THE POSSIBILITY OF SUCH DAMAGE.


GenCase v5.0.278c (30-10-2023)
===============================
LoadDsphConfig> .../bin/windows/DsphConfig.xml
OmpThreads: 16

[LoadXMLInit]
List: MAIN

Total operations: 31
[LoadXMLInit-End  time:0.001s]

[Draw]
List of available variables: Gravity_x=[0]  Gravity_y=[0]  Gravity_z=[-9.81]  Rhop0=[2100]  MResId=[0]  sizefx=[0.1]  sizefz=[1]  sizebx=[0.1]  sizebz=[1.2]  Dp=[0.01]  PosMin_x=[-0.495]  PosMin_y=[0]  PosMin_z=[-0.495]  PosMax_x=[1.505]  PosMax_y=[0]  PosMax_z=[1.805]  CaseName=["CaseSelfWeightConsolidation_Stage1"]  Data2D=[1]  Data2DPosy=[0]  H=[0.018]  MassBound=[0.21]  MassFluid=[0.21]

Mk size: 1 bytes
Case limits: (-0.495,0,-0.495) - (1.505,0,1.805)
Distance between points (Dp): 0.01
Case domain: (0,0,0)-(199,0,228)
Domain points: 200 x 1 x 229 = 45800
Case parts: 1 x 229z
Memory: 0.00Gb 0.04Mb (45800)

> MAIN
FileShapes> hdp_Actual.vtk  shapes:3  points:8   (time:0.003s)
FileShapes> Boundary_Actual.vtk  shapes:3  points:8   (time:0.003s)
FileDbgDomains> CaseSelfWeightConsolidation_Stage1_out/CaseSelfWeightConsolidation_Stage1_dbg-fillbox.vtk  domains:1
FileDbgDomains> CaseSelfWeightConsolidation_Stage1_out/CaseSelfWeightConsolidation_Stage1_dbg-fillbox.vtk  domains:2
FileDbgDomains> CaseSelfWeightConsolidation_Stage1_out/CaseSelfWeightConsolidation_Stage1_dbg-fillbox.vtk  domains:3
FileDbgDomains> CaseSelfWeightConsolidation_Stage1_out/CaseSelfWeightConsolidation_Stage1_dbg-fillbox.vtk  domains:4
<MAIN (Operations= 22+9+2 = 33)

Triangles: 12 (0 ignored)
[Draw-End  time:0.019s]

[LoadsXMLConfig]
Execution parameters.
Initials configuration.
Floating bodies configuration.
Properties configuration.
Predefined motion configuration.
[LoadsXMLConfig-End  time:0.000s]

[PreparePoints]
Computing Vtk-Cells data...  (time:0.000s)
BitSizeTot: 13 (1 + 4+1+7)
Points loaded: 1040
Sorting points by Z...
Sorting points by Mk...

List of Points:
Points -> Fixed-Boundary particles:
  block[  0] (mk: 10):     40  -->      40
Points -> Fluid particles:
  block[  1] (mk:  1):   1000  -->    1000

Particle summary:
  Fixed....: 40  id:(0-39)   MKs:1 (10)
  Moving...: 0
  Floating.: 0
  Fluid....: 1000  id:(40-1039)   MKs:1 (1)

Total particles: 1040 (bound=40 (fx=40 mv=0 ft=0) fluid=1000)
Total MK blocks: 2 (bound=1 (fx=1 mv=0 ft=0) fluid=1)

Maximum depth: 0.99 (automatic)
Speed of system: 3.11639 (automatic)
Speed of sound: max(coefsound*speedsystem,10*sqrt(g*depth))
Speed of sound: 62.3278 max(62.3278,31.1639)
Speed of sound: 62.3278 (automatic)

Coefh:1.272792 (hdp:1.800000)

[PreparePoints-End  time:0.013s]

[SaveCase2D]
CaseSelfWeightConsolidation_Stage1_out/CaseSelfWeightConsolidation_Stage1_MkCells.vtk  (time:0.003s, shapes:2, points:8)
CaseSelfWeightConsolidation_Stage1_out/CaseSelfWeightConsolidation_Stage1.bi4<double>  (time:0.004s)
CaseSelfWeightConsolidation_Stage1_out/CaseSelfWeightConsolidation_Stage1_All.vtk  (time: 0.003s)
CaseSelfWeightConsolidation_Stage1_out/CaseSelfWeightConsolidation_Stage1_Bound.vtk  (time: 0.004s)
CaseSelfWeightConsolidation_Stage1_out/CaseSelfWeightConsolidation_Stage1_Fluid.vtk  (time: 0.004s)
CaseSelfWeightConsolidation_Stage1_out/CaseSelfWeightConsolidation_Stage1.xml  (time:0.006s)
Computing normals data...
  Evaluating 40 particles with 3 shapes (distance 2x H = 0.036).
  Time for computing 40 normals: 0.000s.
  Non-zero particle normals: 40/40    Normals size range: (0.005000 - 0.035000).
  Saving results files...
  CaseSelfWeightConsolidation_Stage1_out/CaseSelfWeightConsolidation_Stage1_Normals.vtk
  CaseSelfWeightConsolidation_Stage1_out/CaseSelfWeightConsolidation_Stage1_Normals.nbi4  (time:0.018s)

Save files time: 0.036s

Particle limits:
  X range: 0.005 to 0.095 [m]
  Y range: 0 to 0 [m]
  Z range: -0.035 to 0.995 [m]

[SaveCase2D-End  time:0.037s]


Time of execution: 0.073 sec. (16 threads)

Finished execution (code=0).



 <DUALSPHYSICS5> Copyright (c) 2023 by
 Dr Jose M. Dominguez Alonso, Dr Alejandro Crespo,
 Prof. Moncho Gomez Gesteira, Prof. Benedict Rogers,
 Dr Georgios Fourtakas, Prof. Peter Stansby,
 Dr Renato Vacondio, Dr Corrado Altomare, Dr Angelo Tafuni,
 Dr Orlando Garcia Feal, Ivan Martinez Estevez,
 Dr Joseph O'Connor, Dr Aaron English

 EPHYSLAB Environmental Physics Laboratory, Universidade de Vigo
 School of Mechanical, Aerospace and Civil Engineering, University of Manchester

 DualSPHysics is free software: you can redistribute it and/or
 modify it under the terms of the GNU Lesser General Public License
 as published by the Free Software Foundation, either version 2.1 of
 the License, or (at your option) any later version.

 DualSPHysics is distributed in the hope that it will be useful,
 but WITHOUT ANY WARRANTY; without even the implied warranty of
 MERCHANTABILITY or FITNESS FOR A PARTICULAR PURPOSE.  See the
 GNU Lesser General Public License for more details.

 You should have received a copy of the GNU Lesser General Public License
 along with DualSPHysics. If not, see <http://www.gnu.org/licenses/>.

 Free download source files and documentation from DualSPHysics website (http://dual.sphysics.org).
 Full list of developers and contributors is available at https://dual.sphysics.org/developers
 Properly cite the use of DualSPHysics (Dominguez et al., 2022) (https://dual.sphysics.org/references).


DualSPHysics5 v5.2.274 (02-02-2024)
====================================
LoadDsphConfig> .../bin/windows/DsphConfig.xml
Threads by host for parallel execution: 20

[Initialising JSphCpuSingle  03-06-2026 16:45:54]
ProgramFile=".../bin/windows/DualSPHysics5.2CPU_win64.exe"
ExecutionDir=".../examples/Hydromechanic coupling/01_SelfWeightConsolidation_PR"
XmlFile=".../01_SelfWeightConsolidation_PR/CaseSelfWeightConsolidation_Stage1_out/CaseSelfWeightConsolidation_Stage1.xml"
OutputDir=".../Hydromechanic coupling/01_SelfWeightConsolidation_PR/CaseSelfWeightConsolidation_Stage1_out"
OutputDataDir=".../01_SelfWeightConsolidation_PR/CaseSelfWeightConsolidation_Stage1_out/data"
XML-App: GenCase v5.0.278c (30-10-2023)
XML-Vars (uservars + ctes): MResId=[0]  sizebx=[0.1]  sizebz=[1.2]  sizefx=[0.1]  sizefz=[1]  CaseName=["CaseSelfWeightConsolidation_Stage1"]  Data2D=[1]  Data2DPosy=[0]  H=[0.018]  KernelSize=[0.036]  B=[1.16543e+06]  Gamma=[7]  Rhop0=[2100]  Dp=[0.01]  Gravity_x=[0]  Gravity_y=[0]  Gravity_z=[-9.81]  MassFluid=[0.21]  MassBound=[0.21]
XML-Vars (parameters): TimeMax=[0.2]  TimeOut=[0.005]

[Soil modelling configuration]

  DP Constants="Plain Strain DP"
  Strain Softening="Disabled"
  Hydromechanics="Enabled"
  WaterTableMode="None"
  PoreWaterRho: 1000.000000
  PoreWaterBulkModulus: 2e+08
  Porosity: 0.300000
  HydraulicConductivity: 0
  PoreDtSafety: 0.100000
  PoreShepardRegularization="Enabled"
  PoreShepardInterval: 40
  Cohesion: 100000.000000
  Trigger Strength Reduction Factor: 1.650000
  Frictional Angle: 0.575959
  Bulk Modulus: 1666666.750000
  Shear Modulus: 769230.812500

**Basic case configuration is loaded
**Special case configuration is loaded
Loading initial state of particles...
Loaded particles: 1040
MapRealPos(border)=(4.33681e-18,-0.0009,-0.0359)-(0.1,0.0009,0.9959)
MapRealPos(final)=(4.33681e-18,-0.0009,-0.0359)-(0.1,0.0009,0.9959)
**Initial state of particles is loaded
**2D-Simulation parameters:
CaseName="CaseSelfWeightConsolidation_Stage1"
RunName="CaseSelfWeightConsolidation_Stage1"
Simulate2DPosY=0
Symmetry=False
SavePosDouble=False
SvExtraParts="1"
SaveFtAce=False
SvTimers=True
Boundary="mDBC"
  SlipMode="DBC vel=0"
  mDBC-Corrector=True
  mDBC-FastSingle=False
  mDBC-Threshold=0
StepAlgorithm="Symplectic"
Kernel="Wendland"
  Wendland.awen=1719.136
  Wendland.bwen=-477572.1
Viscosity="Artificial"
  Visco=0.4
  ViscoBoundFactor=1
ArtificialStress="None"
SoilStressRateGradCorr="None"
SoilDamping="BuiFukagawa2013"
  SoilDampingCoef=0.04
  SoilDampingBoundary="Excluded"
DensityDiffusion="None"
Shifting="None"
RigidAlgorithm="None"
FloatingCount=0
CaseNp=1040
CaseNbound=40
CaseNfixed=40
CaseNmoving=0
CaseNfloat=0
CaseNfluid=1000
PeriodicActive="Axis-X"
PeriodicXinc=(-0.1,0,0)
Dp=0.01
KernelH=0.018000  (CoefficientH=1.27279; H/Dp=1.8)
KernelSize=0.036
CteB=1165428
Gamma=7
RhopZero=2100
Cs0=35.80574417114258
CFLnumber=0.2
DtIni=0.000001
DtMin=0.00000001
DtAllParticles=False
FixedDt=0.000001
MassFluid=0.21
MassBound=0.21
TimeMax=0.2000000029802322
TimePart=0.004999999888241291
Gravity=(0,0,-9.81)
NpMinimum=40
RhopOut=True
RhopOutMin=700
RhopOutMax=3000
WrnPartsOut=True
CellMode="Full"
ScellDiv=1
MapCells=(5,1,29)
CellDomFixed=False
**Requested CPU memory for 1168 particles: 0.5 MB.
NormalDataFile="CaseSelfWeightConsolidation_Stage1_out/CaseSelfWeightConsolidation_Stage1_Normals.nbi4"
DomCells=(5,1,29)
DomCellCode="1+10_9_12"
**JSphCpu: Requesting cpu memory for 1253 particles: 0.5 MB.
**JSphCpu: Requesting cpu memory for 2093 particles: 0.8 MB.
**CellDiv: Requested cpu memory for 2093 particles: 0.1 MB.
**CellDiv: Requested cpu memory for 360 cells (CellMode=Full): 0.0 MB.
 
RunMode="Pos-Double - OpenMP(Threads:20)"
 
Particle summary:
  Fixed....: 40  id:(0-39)   MKs:1 (10)
  Moving...: 0
  Floating.: 0
  Fluid....: 1000  id:(40-1039)   MKs:1 (1)

Total particles: 1040 (bound=40 (fx=40 mv=0 ft=0) fluid=1000)
Total MK blocks: 2 (bound=1 (fx=1 mv=0 ft=0) fluid=1)
 
Allocated memory in CPU: 964432 (0.92 MB)
Part_0000        1040 particles successfully stored

[Initialising simulation (l4f5918z)  03-06-2026 16:45:54]
PART       PartTime      TotalSteps    Steps    Time/Sec   Finish time        
=========  ============  ============  =======  =========  ===================
**JSphCpu: Requesting cpu memory for 2967 particles: 1.1 MB.
**CellDiv: Requested cpu memory for 2967 particles: 0.1 MB.
Part_0001      0.005000          5000     5000    2055.20  03-06-2026 16:52:44
Part_0002      0.010000         10000     5000    1637.82  03-06-2026 16:52:02
Part_0003      0.015000         15000     5000    1882.92  03-06-2026 16:52:05
Part_0004      0.020000         20000     5000    2009.90  03-06-2026 16:52:13
Part_0005      0.025000         25000     5000    1902.71  03-06-2026 16:52:13
Part_0006      0.030000         30000     5000    1921.40  03-06-2026 16:52:14
Part_0007      0.035000         35000     5000    1903.72  03-06-2026 16:52:13
Part_0008      0.040000         40000     5000    1893.14  03-06-2026 16:52:14
Part_0009      0.045000         45000     5000    1927.62  03-06-2026 16:52:14
Part_0010      0.050000         50000     5000    1935.20  03-06-2026 16:52:15
Part_0011      0.055000         55000     5000    1939.15  03-06-2026 16:52:16
Part_0012      0.060000         60000     5000    1905.12  03-06-2026 16:52:15
Part_0013      0.065000         65000     5000    1932.37  03-06-2026 16:52:16
Part_0014      0.070000         70000     5000    1968.43  03-06-2026 16:52:17
Part_0015      0.075000         75000     5000    2029.80  03-06-2026 16:52:18
Part_0016      0.080000         80000     5000    1965.90  03-06-2026 16:52:19
Part_0017      0.085000         85000     5000    1889.52  03-06-2026 16:52:18
Part_0018      0.090000         90000     5000    1906.15  03-06-2026 16:52:18
Part_0019      0.095000         95000     5000    1882.70  03-06-2026 16:52:17
Part_0020      0.100000        100000     5000    2841.36  03-06-2026 16:52:26
Part_0021      0.105000        105000     5000    1792.68  03-06-2026 16:52:25
Part_0022      0.110000        110000     5000    1923.98  03-06-2026 16:52:25
Part_0023      0.115000        115000     5000    1920.25  03-06-2026 16:52:25
Part_0024      0.120000        120000     5000    1921.99  03-06-2026 16:52:24
Part_0025      0.125000        125000     5000    1965.61  03-06-2026 16:52:24
Part_0026      0.130000        130000     5000    1941.79  03-06-2026 16:52:24
Part_0027      0.135000        135000     5000    1899.52  03-06-2026 16:52:23
Part_0028      0.140000        140000     5000    1908.35  03-06-2026 16:52:24
Part_0029      0.145000        145000     5000    1894.10  03-06-2026 16:52:23
Part_0030      0.150000        150000     5000    1902.96  03-06-2026 16:52:23
Part_0031      0.155000        155000     5000    1951.05  03-06-2026 16:52:22
Part_0032      0.160000        160000     5000    1902.61  03-06-2026 16:52:22
Part_0033      0.165000        165000     5000    1894.33  03-06-2026 16:52:22
Part_0034      0.170000        170000     5000    1885.87  03-06-2026 16:52:22
Part_0035      0.175000        175000     5000    1923.38  03-06-2026 16:52:22
Part_0036      0.180000        180000     5000    1887.01  03-06-2026 16:52:21
Part_0037      0.185000        185000     5000    1903.06  03-06-2026 16:52:21
Part_0038      0.190000        190000     5000    1933.70  03-06-2026 16:52:21
Part_0039      0.195000        195000     5000    1865.75  03-06-2026 16:52:20
Part_0040      0.200000        200000     5000    1913.02  03-06-2026 16:52:21

[Simulation finished  03-06-2026 16:52:21]
Particles of simulation (initial): 1040
DTs adjusted to DtMin............: 0
Excluded particles...............: 0
Total Runtime....................: 387.452423 sec.
Simulation Runtime...............: 387.420319 sec.
Runtime per physical second......: 1937.091919 sec.
Steps per second.................: 516.237793
Steps of simulation..............: 200001
PART files.......................: 41
Maximum number of particles......: 1872
Maximum number of cells..........: 145
CPU Memory.......................: 1345496 (1.28 MB)
 
[CPU Timers]
VA-Init..........................: 0.032100 sec.
NL-Limits........................: 3.675380 sec.
NL-MakeSort......................: 6.863040 sec.
NL-SortData......................: 80.900984 sec.
NL-OutCheck......................: 0.021492 sec.
CF-PreForces.....................: 22.976428 sec.
CF-Forces........................: 160.934784 sec.
SU-Shifting......................: 0 sec.
SU-ComputeStep...................: 51.501703 sec.
SU-Floating......................: 0 sec.
SU-Motion........................: 0 sec.
SU-Periodic......................: 10.247251 sec.
SU-ResizeNp......................: 0.000766 sec.
SU-SavePart......................: 0.396856 sec.
SU-Chrono........................: 0 sec.
SU-Moorings......................: 0 sec.
SU-InOut.........................: 0 sec.
SU-Gauges........................: 0.000000 sec.
 
[Output files]
- CfgInit_Domain.vtk......: Saves the limits of the case and the simulation domain limits.
- CfgInit_MapCells.vtk....: Saves the cell division of the simulation domain.
- CfgInit_Normals.vtk.....: Saves VTK file with initial normals (from boundary particles to boundary limit).
- CfgInit_NormalsGhost.vtk: Saves VTK file with initial normals (from boundary particles to ghost node).
- Run.csv.................: One line CSV file with execution parameters and other simulation data.
- Run.out.................: Log file of the simulation.
- data/PartInfo.ibi4......: Binary file with execution information for each instant (input for PartInfo program).
- data/PartOut_???.obi4...: Binary file with particles excluded during simulation (input for PartVtkOut program).
- data/Part_????.bi4......: Binary file with particle data in different instants.
- data/Part_Head.ibi4.....: Binary file with basic information of simulation data.
 
[References]
- Official solver reference DualSPHysics v5.0: J.M. Dominguez, G. Fourtakas,
    C. Altomare, R.B. Canelas, A. Tafuni, O. Garcia-Feal, I. Martinez-Estevez,
    A. Mokos, R. Vacondio, A.J.C. Crespo, B.D. Rogers, P.K. Stansby, M. Gomez-Gesteira.
    2022. DualSPHysics: from fluid dynamics to multiphysics problems.
    Computational Particle Mechanics, 9:867-895. doi: https://doi.org/10.1007/s40571-021-00404-2

- Optimised CPU multi-core and GPU implementation (Dominguez et al., 2013  https://doi.org/10.1016/j.cpc.2012.10.015)
- Modified Dynamic boundary conditions (English et al., 2021  https://doi.org/10.1007/s40571-021-00403-3)
- Viscosity: Artificial (Monaghan, 1992  https://doi.org/10.1146/annurev.aa.30.090192.002551)
- Kernel: Quintic Wendland (Wendland, 1995  https://doi.org/10.1007/BF02123482)
- Time integration scheme: Symplectic (Leimkhuler, 1996  https://doi.org/10.1007/978-3-319-16375-8_1)
- Periodic open boundaries (Gomez-Gesteira et al., 2012  https://doi.org/10.1016/j.cageo.2012.02.029)

Finished execution (code=0).



 <PARTVTK>  Copyright (c) 2020 by Dr Jose M. Dominguez
 All rights reserved.

 PartVTK is a free tool for DualSPHysics simulations.
 DualSPHysics project is an international collaboration between
 University of Vigo (Spain) and University of Manchester (UK).

 Redistribution and use in source and binary forms, with or without
 modification, are permitted provided that the following conditions
 are met:
 * Redistributions of source code must retain the above copyright
   notice, this list of conditions and the following disclaimer.
 * Redistributions in binary form must reproduce the above copyright
   notice, this list of conditions and the following disclaimer in the
   documentation and/or other materials provided with the distribution.
 * Neither the name of the PartVTK nor the names of its contributors
   may be used to endorse or promote products derived from this software
   without specific prior written permission.

 THIS SOFTWARE IS PROVIDED BY THE COPYRIGHT HOLDERS AND CONTRIBUTORS "AS IS"
 AND ANY EXPRESS OR IMPLIED WARRANTIES, INCLUDING, BUT NOT LIMITED TO, THE
 IMPLIED WARRANTIES OF MERCHANTABILITY AND FITNESS FOR A PARTICULAR PURPOSE
 ARE DISCLAIMED. IN NO EVENT SHALL THE COPYRIGHT OWNER BE LIABLE FOR ANY
 DIRECT, INDIRECT, INCIDENTAL, SPECIAL, EXEMPLARY, OR CONSEQUENTIAL DAMAGES
 (INCLUDING, BUT NOT LIMITED TO, PROCUREMENT OF SUBSTITUTE GOODS OR SERVICES;
 LOSS OF USE, DATA, OR PROFITS; OR BUSINESS INTERRUPTION) HOWEVER CAUSED AND
 ON ANY THEORY OF LIABILITY, WHETHER IN CONTRACT, STRICT LIABILITY, OR TORT
 (INCLUDING NEGLIGENCE OR OTHERWISE) ARISING IN ANY WAY OUT OF THE USE OF
 THIS SOFTWARE, EVEN IF ADVISED OF THE POSSIBILITY OF SUCH DAMAGE.


PartVTK v5.0.206 (12-04-2023)
==============================
LoadDsphConfig> .../bin/windows/DsphConfig.xml
Threads for parallel execution: 20
LoadConfigData> CaseSelfWeightConsolidation_Stage1_out\data/Part_0000.bi4
LoadData> CaseSelfWeightConsolidation_Stage1_out\data/Part_0000.bi4
SaveVTK> ...\particles/PartFluid_0000.vtk  np:1000
LoadData> CaseSelfWeightConsolidation_Stage1_out\data/Part_0001.bi4
SaveVTK> ...\particles/PartFluid_0001.vtk  np:1000
LoadData> CaseSelfWeightConsolidation_Stage1_out\data/Part_0002.bi4
SaveVTK> ...\particles/PartFluid_0002.vtk  np:1000
LoadData> CaseSelfWeightConsolidation_Stage1_out\data/Part_0003.bi4
SaveVTK> ...\particles/PartFluid_0003.vtk  np:1000
LoadData> CaseSelfWeightConsolidation_Stage1_out\data/Part_0004.bi4
SaveVTK> ...\particles/PartFluid_0004.vtk  np:1000
LoadData> CaseSelfWeightConsolidation_Stage1_out\data/Part_0005.bi4
SaveVTK> ...\particles/PartFluid_0005.vtk  np:1000
LoadData> CaseSelfWeightConsolidation_Stage1_out\data/Part_0006.bi4
SaveVTK> ...\particles/PartFluid_0006.vtk  np:1000
LoadData> CaseSelfWeightConsolidation_Stage1_out\data/Part_0007.bi4
SaveVTK> ...\particles/PartFluid_0007.vtk  np:1000
LoadData> CaseSelfWeightConsolidation_Stage1_out\data/Part_0008.bi4
SaveVTK> ...\particles/PartFluid_0008.vtk  np:1000
LoadData> CaseSelfWeightConsolidation_Stage1_out\data/Part_0009.bi4
SaveVTK> ...\particles/PartFluid_0009.vtk  np:1000
LoadData> CaseSelfWeightConsolidation_Stage1_out\data/Part_0010.bi4
SaveVTK> ...\particles/PartFluid_0010.vtk  np:1000
LoadData> CaseSelfWeightConsolidation_Stage1_out\data/Part_0011.bi4
SaveVTK> ...\particles/PartFluid_0011.vtk  np:1000
LoadData> CaseSelfWeightConsolidation_Stage1_out\data/Part_0012.bi4
SaveVTK> ...\particles/PartFluid_0012.vtk  np:1000
LoadData> CaseSelfWeightConsolidation_Stage1_out\data/Part_0013.bi4
SaveVTK> ...\particles/PartFluid_0013.vtk  np:1000
LoadData> CaseSelfWeightConsolidation_Stage1_out\data/Part_0014.bi4
SaveVTK> ...\particles/PartFluid_0014.vtk  np:1000
LoadData> CaseSelfWeightConsolidation_Stage1_out\data/Part_0015.bi4
SaveVTK> ...\particles/PartFluid_0015.vtk  np:1000
LoadData> CaseSelfWeightConsolidation_Stage1_out\data/Part_0016.bi4
SaveVTK> ...\particles/PartFluid_0016.vtk  np:1000
LoadData> CaseSelfWeightConsolidation_Stage1_out\data/Part_0017.bi4
SaveVTK> ...\particles/PartFluid_0017.vtk  np:1000
LoadData> CaseSelfWeightConsolidation_Stage1_out\data/Part_0018.bi4
SaveVTK> ...\particles/PartFluid_0018.vtk  np:1000
LoadData> CaseSelfWeightConsolidation_Stage1_out\data/Part_0019.bi4
SaveVTK> ...\particles/PartFluid_0019.vtk  np:1000
LoadData> CaseSelfWeightConsolidation_Stage1_out\data/Part_0020.bi4
SaveVTK> ...\particles/PartFluid_0020.vtk  np:1000
LoadData> CaseSelfWeightConsolidation_Stage1_out\data/Part_0021.bi4
SaveVTK> ...\particles/PartFluid_0021.vtk  np:1000
LoadData> CaseSelfWeightConsolidation_Stage1_out\data/Part_0022.bi4
SaveVTK> ...\particles/PartFluid_0022.vtk  np:1000
LoadData> CaseSelfWeightConsolidation_Stage1_out\data/Part_0023.bi4
SaveVTK> ...\particles/PartFluid_0023.vtk  np:1000
LoadData> CaseSelfWeightConsolidation_Stage1_out\data/Part_0024.bi4
SaveVTK> ...\particles/PartFluid_0024.vtk  np:1000
LoadData> CaseSelfWeightConsolidation_Stage1_out\data/Part_0025.bi4
SaveVTK> ...\particles/PartFluid_0025.vtk  np:1000
LoadData> CaseSelfWeightConsolidation_Stage1_out\data/Part_0026.bi4
SaveVTK> ...\particles/PartFluid_0026.vtk  np:1000
LoadData> CaseSelfWeightConsolidation_Stage1_out\data/Part_0027.bi4
SaveVTK> ...\particles/PartFluid_0027.vtk  np:1000
LoadData> CaseSelfWeightConsolidation_Stage1_out\data/Part_0028.bi4
SaveVTK> ...\particles/PartFluid_0028.vtk  np:1000
LoadData> CaseSelfWeightConsolidation_Stage1_out\data/Part_0029.bi4
SaveVTK> ...\particles/PartFluid_0029.vtk  np:1000
LoadData> CaseSelfWeightConsolidation_Stage1_out\data/Part_0030.bi4
SaveVTK> ...\particles/PartFluid_0030.vtk  np:1000
LoadData> CaseSelfWeightConsolidation_Stage1_out\data/Part_0031.bi4
SaveVTK> ...\particles/PartFluid_0031.vtk  np:1000
LoadData> CaseSelfWeightConsolidation_Stage1_out\data/Part_0032.bi4
SaveVTK> ...\particles/PartFluid_0032.vtk  np:1000
LoadData> CaseSelfWeightConsolidation_Stage1_out\data/Part_0033.bi4
SaveVTK> ...\particles/PartFluid_0033.vtk  np:1000
LoadData> CaseSelfWeightConsolidation_Stage1_out\data/Part_0034.bi4
SaveVTK> ...\particles/PartFluid_0034.vtk  np:1000
LoadData> CaseSelfWeightConsolidation_Stage1_out\data/Part_0035.bi4
SaveVTK> ...\particles/PartFluid_0035.vtk  np:1000
LoadData> CaseSelfWeightConsolidation_Stage1_out\data/Part_0036.bi4
SaveVTK> ...\particles/PartFluid_0036.vtk  np:1000
LoadData> CaseSelfWeightConsolidation_Stage1_out\data/Part_0037.bi4
SaveVTK> ...\particles/PartFluid_0037.vtk  np:1000
LoadData> CaseSelfWeightConsolidation_Stage1_out\data/Part_0038.bi4
SaveVTK> ...\particles/PartFluid_0038.vtk  np:1000
LoadData> CaseSelfWeightConsolidation_Stage1_out\data/Part_0039.bi4
SaveVTK> ...\particles/PartFluid_0039.vtk  np:1000
LoadData> CaseSelfWeightConsolidation_Stage1_out\data/Part_0040.bi4
SaveVTK> ...\particles/PartFluid_0040.vtk  np:1000

Time of operation: 0.168 sec. (20 threads)


 <PARTVTK>  Copyright (c) 2020 by Dr Jose M. Dominguez
 All rights reserved.

 PartVTK is a free tool for DualSPHysics simulations.
 DualSPHysics project is an international collaboration between
 University of Vigo (Spain) and University of Manchester (UK).

 Redistribution and use in source and binary forms, with or without
 modification, are permitted provided that the following conditions
 are met:
 * Redistributions of source code must retain the above copyright
   notice, this list of conditions and the following disclaimer.
 * Redistributions in binary form must reproduce the above copyright
   notice, this list of conditions and the following disclaimer in the
   documentation and/or other materials provided with the distribution.
 * Neither the name of the PartVTK nor the names of its contributors
   may be used to endorse or promote products derived from this software
   without specific prior written permission.

 THIS SOFTWARE IS PROVIDED BY THE COPYRIGHT HOLDERS AND CONTRIBUTORS "AS IS"
 AND ANY EXPRESS OR IMPLIED WARRANTIES, INCLUDING, BUT NOT LIMITED TO, THE
 IMPLIED WARRANTIES OF MERCHANTABILITY AND FITNESS FOR A PARTICULAR PURPOSE
 ARE DISCLAIMED. IN NO EVENT SHALL THE COPYRIGHT OWNER BE LIABLE FOR ANY
 DIRECT, INDIRECT, INCIDENTAL, SPECIAL, EXEMPLARY, OR CONSEQUENTIAL DAMAGES
 (INCLUDING, BUT NOT LIMITED TO, PROCUREMENT OF SUBSTITUTE GOODS OR SERVICES;
 LOSS OF USE, DATA, OR PROFITS; OR BUSINESS INTERRUPTION) HOWEVER CAUSED AND
 ON ANY THEORY OF LIABILITY, WHETHER IN CONTRACT, STRICT LIABILITY, OR TORT
 (INCLUDING NEGLIGENCE OR OTHERWISE) ARISING IN ANY WAY OUT OF THE USE OF
 THIS SOFTWARE, EVEN IF ADVISED OF THE POSSIBILITY OF SUCH DAMAGE.


PartVTK v5.0.206 (12-04-2023)
==============================
LoadDsphConfig> .../bin/windows/DsphConfig.xml
Threads for parallel execution: 20
LoadConfigData> CaseSelfWeightConsolidation_Stage1_out\data/Part_0000.bi4
LoadData> CaseSelfWeightConsolidation_Stage1_out\data/Part_0000.bi4
SaveVTK> ...\particles/PartBound_0000.vtk  np:1040
LoadData> CaseSelfWeightConsolidation_Stage1_out\data/Part_0001.bi4
SaveVTK> ...\particles/PartBound_0001.vtk  np:1040
LoadData> CaseSelfWeightConsolidation_Stage1_out\data/Part_0002.bi4
SaveVTK> ...\particles/PartBound_0002.vtk  np:1040
LoadData> CaseSelfWeightConsolidation_Stage1_out\data/Part_0003.bi4
SaveVTK> ...\particles/PartBound_0003.vtk  np:1040
LoadData> CaseSelfWeightConsolidation_Stage1_out\data/Part_0004.bi4
SaveVTK> ...\particles/PartBound_0004.vtk  np:1040
LoadData> CaseSelfWeightConsolidation_Stage1_out\data/Part_0005.bi4
SaveVTK> ...\particles/PartBound_0005.vtk  np:1040
LoadData> CaseSelfWeightConsolidation_Stage1_out\data/Part_0006.bi4
SaveVTK> ...\particles/PartBound_0006.vtk  np:1040
LoadData> CaseSelfWeightConsolidation_Stage1_out\data/Part_0007.bi4
SaveVTK> ...\particles/PartBound_0007.vtk  np:1040
LoadData> CaseSelfWeightConsolidation_Stage1_out\data/Part_0008.bi4
SaveVTK> ...\particles/PartBound_0008.vtk  np:1040
LoadData> CaseSelfWeightConsolidation_Stage1_out\data/Part_0009.bi4
SaveVTK> ...\particles/PartBound_0009.vtk  np:1040
LoadData> CaseSelfWeightConsolidation_Stage1_out\data/Part_0010.bi4
SaveVTK> ...\particles/PartBound_0010.vtk  np:1040
LoadData> CaseSelfWeightConsolidation_Stage1_out\data/Part_0011.bi4
SaveVTK> ...\particles/PartBound_0011.vtk  np:1040
LoadData> CaseSelfWeightConsolidation_Stage1_out\data/Part_0012.bi4
SaveVTK> ...\particles/PartBound_0012.vtk  np:1040
LoadData> CaseSelfWeightConsolidation_Stage1_out\data/Part_0013.bi4
SaveVTK> ...\particles/PartBound_0013.vtk  np:1040
LoadData> CaseSelfWeightConsolidation_Stage1_out\data/Part_0014.bi4
SaveVTK> ...\particles/PartBound_0014.vtk  np:1040
LoadData> CaseSelfWeightConsolidation_Stage1_out\data/Part_0015.bi4
SaveVTK> ...\particles/PartBound_0015.vtk  np:1040
LoadData> CaseSelfWeightConsolidation_Stage1_out\data/Part_0016.bi4
SaveVTK> ...\particles/PartBound_0016.vtk  np:1040
LoadData> CaseSelfWeightConsolidation_Stage1_out\data/Part_0017.bi4
SaveVTK> ...\particles/PartBound_0017.vtk  np:1040
LoadData> CaseSelfWeightConsolidation_Stage1_out\data/Part_0018.bi4
SaveVTK> ...\particles/PartBound_0018.vtk  np:1040
LoadData> CaseSelfWeightConsolidation_Stage1_out\data/Part_0019.bi4
SaveVTK> ...\particles/PartBound_0019.vtk  np:1040
LoadData> CaseSelfWeightConsolidation_Stage1_out\data/Part_0020.bi4
SaveVTK> ...\particles/PartBound_0020.vtk  np:1040
LoadData> CaseSelfWeightConsolidation_Stage1_out\data/Part_0021.bi4
SaveVTK> ...\particles/PartBound_0021.vtk  np:1040
LoadData> CaseSelfWeightConsolidation_Stage1_out\data/Part_0022.bi4
SaveVTK> ...\particles/PartBound_0022.vtk  np:1040
LoadData> CaseSelfWeightConsolidation_Stage1_out\data/Part_0023.bi4
SaveVTK> ...\particles/PartBound_0023.vtk  np:1040
LoadData> CaseSelfWeightConsolidation_Stage1_out\data/Part_0024.bi4
SaveVTK> ...\particles/PartBound_0024.vtk  np:1040
LoadData> CaseSelfWeightConsolidation_Stage1_out\data/Part_0025.bi4
SaveVTK> ...\particles/PartBound_0025.vtk  np:1040
LoadData> CaseSelfWeightConsolidation_Stage1_out\data/Part_0026.bi4
SaveVTK> ...\particles/PartBound_0026.vtk  np:1040
LoadData> CaseSelfWeightConsolidation_Stage1_out\data/Part_0027.bi4
SaveVTK> ...\particles/PartBound_0027.vtk  np:1040
LoadData> CaseSelfWeightConsolidation_Stage1_out\data/Part_0028.bi4
SaveVTK> ...\particles/PartBound_0028.vtk  np:1040
LoadData> CaseSelfWeightConsolidation_Stage1_out\data/Part_0029.bi4
SaveVTK> ...\particles/PartBound_0029.vtk  np:1040
LoadData> CaseSelfWeightConsolidation_Stage1_out\data/Part_0030.bi4
SaveVTK> ...\particles/PartBound_0030.vtk  np:1040
LoadData> CaseSelfWeightConsolidation_Stage1_out\data/Part_0031.bi4
SaveVTK> ...\particles/PartBound_0031.vtk  np:1040
LoadData> CaseSelfWeightConsolidation_Stage1_out\data/Part_0032.bi4
SaveVTK> ...\particles/PartBound_0032.vtk  np:1040
LoadData> CaseSelfWeightConsolidation_Stage1_out\data/Part_0033.bi4
SaveVTK> ...\particles/PartBound_0033.vtk  np:1040
LoadData> CaseSelfWeightConsolidation_Stage1_out\data/Part_0034.bi4
SaveVTK> ...\particles/PartBound_0034.vtk  np:1040
LoadData> CaseSelfWeightConsolidation_Stage1_out\data/Part_0035.bi4
SaveVTK> ...\particles/PartBound_0035.vtk  np:1040
LoadData> CaseSelfWeightConsolidation_Stage1_out\data/Part_0036.bi4
SaveVTK> ...\particles/PartBound_0036.vtk  np:1040
LoadData> CaseSelfWeightConsolidation_Stage1_out\data/Part_0037.bi4
SaveVTK> ...\particles/PartBound_0037.vtk  np:1040
LoadData> CaseSelfWeightConsolidation_Stage1_out\data/Part_0038.bi4
SaveVTK> ...\particles/PartBound_0038.vtk  np:1040
LoadData> CaseSelfWeightConsolidation_Stage1_out\data/Part_0039.bi4
SaveVTK> ...\particles/PartBound_0039.vtk  np:1040
LoadData> CaseSelfWeightConsolidation_Stage1_out\data/Part_0040.bi4
SaveVTK> ...\particles/PartBound_0040.vtk  np:1040

Time of operation: 0.738 sec. (20 threads)
Saved Stage1 history: D:\MYF\SPH\GeoDualSPHysics_redevelop_f66777b\examples\Hydromechanic coupling\01_SelfWeightConsolidation_PR\figures\self_weight_stage1_history.png
Saved Stage1 profiles: D:\MYF\SPH\GeoDualSPHysics_redevelop_f66777b\examples\Hydromechanic coupling\01_SelfWeightConsolidation_PR\figures\self_weight_stage1_profiles.png
Saved Stage1 metrics: D:\MYF\SPH\GeoDualSPHysics_redevelop_f66777b\examples\Hydromechanic coupling\01_SelfWeightConsolidation_PR\figures\self_weight_stage1_metrics.csv
Best Stage1 by excess-profile RMS: PartFluid_0022.vtk t=0.11s, bottom excess=20.002 kPa (theory 20.4158 kPa), RMS excess=65.0414 Pa, max speed=0.000457145 m/s
Final Stage1: PartFluid_0040.vtk t=0.2s, bottom excess=19.8345 kPa, RMS excess=89.9989 Pa, max speed=3.33107e-05 m/s
Stage 1 done
