{
  "case": "r0110_drain0_short",
  "ramp": 0.011,
  "snapshots": 17,
  "post_ramp_snapshots": 6,
  "peak_center": 1.1104327171688988,
  "peak_time": 0.011,
  "peak_tv": 0.0,
  "theory_at_peak": 1.0,
  "peak_abs_error": 0.1104327171688988,
  "final_center": 0.9475208077566963,
  "final_time": 0.016,
  "final_tv": 0.05488904571473379,
  "final_theory": 1.079535155782177,
  "final_abs_error": 0.13201434802548073,
  "max_abs_error": 0.13201434802548073,
  "max_abs_error_time": 0.016,
  "max_abs_error_tv": 0.05488904571473379,
  "rmse": 0.08836228349881348,
  "mae": 0.07759153902956134,
  "max_speed": 0.006749081409128359,
  "final_max_speed": 0.0029934429209606903,
  "max_global_std": 0.32983941842138703,
  "final_global_std": 0.257882469761078,
  "min_pore": 0.0,
  "max_pore": 1.11463173828125
}
Saved D:\MYF\SPH\GeoDualSPHysics_redevelop_f66777b\examples\Hydromechanic coupling\04_CryerProblem_PR\refinement\ramp_refine_20260620\r0110_drain0_short\analysis\r0110_drain0_short_center_pressure.png
