{
  "case": "r0115_drain0_full",
  "ramp": 0.0115,
  "snapshots": 41,
  "post_ramp_snapshots": 36,
  "peak_center": 1.085995125325521,
  "peak_time": 0.0125,
  "peak_tv": 0.010977809142946765,
  "theory_at_peak": 1.06445879215785,
  "peak_abs_error": 0.021536333167670785,
  "final_center": 0.002905781042008173,
  "final_time": 0.1,
  "final_tv": 0.9715361091507879,
  "final_theory": 0.000487622535711251,
  "final_abs_error": 0.002418158506296922,
  "max_abs_error": 0.15393768852176748,
  "max_abs_error_time": 0.0175,
  "max_abs_error_tv": 0.06586685485768055,
  "rmse": 0.04528133921300275,
  "mae": 0.028703683052360613,
  "max_speed": 0.004634749938445958,
  "final_max_speed": 3.415844930026213e-05,
  "max_global_std": 0.31731883273238354,
  "final_global_std": 0.000960287353330184,
  "min_pore": -0.000870699691772461,
  "max_pore": 1.0915044921875
}
Saved D:\MYF\SPH\GeoDualSPHysics_redevelop_f66777b\examples\Hydromechanic coupling\04_CryerProblem_PR\refinement\ramp_refine_20260620\r0115_drain0_full\analysis\r0115_drain0_full_center_pressure.png
Saved D:\MYF\SPH\GeoDualSPHysics_redevelop_f66777b\examples\Hydromechanic coupling\04_CryerProblem_PR\figures\cryer_r0115_drain0_full_center_pressure.png
