

 <GENCASE>  Copyright (c) 2020 by Dr Jose M. Dominguez
 All rights reserved.

 GenCase is a free tool for DualSPHysics simulations.
 DualSPHysics project is an international collaboration between
 University of Vigo (Spain) and University of Manchester (UK).

 Redistribution and use in source and binary forms, with or without
 modification, are permitted provided that the following conditions
 are met:
 * Redistributions of source code must retain the above copyright
   notice, this list of conditions and the following disclaimer.
 * Redistributions in binary form must reproduce the above copyright
   notice, this list of conditions and the following disclaimer in the
   documentation and/or other materials provided with the distribution.
 * Neither the name of the GenCase nor the names of its contributors
   may be used to endorse or promote products derived from this software
   without specific prior written permission.

 THIS SOFTWARE IS PROVIDED BY THE COPYRIGHT HOLDERS AND CONTRIBUTORS "AS IS"
 AND ANY EXPRESS OR IMPLIED WARRANTIES, INCLUDING, BUT NOT LIMITED TO, THE
 IMPLIED WARRANTIES OF MERCHANTABILITY AND FITNESS FOR A PARTICULAR PURPOSE
 ARE DISCLAIMED. IN NO EVENT SHALL THE COPYRIGHT OWNER BE LIABLE FOR ANY
 DIRECT, INDIRECT, INCIDENTAL, SPECIAL, EXEMPLARY, OR CONSEQUENTIAL DAMAGES
 (INCLUDING, BUT NOT LIMITED TO, PROCUREMENT OF SUBSTITUTE GOODS OR SERVICES;
 LOSS OF USE, DATA, OR PROFITS; OR BUSINESS INTERRUPTION) HOWEVER CAUSED AND
 ON ANY THEORY OF LIABILITY, WHETHER IN CONTRACT, STRICT LIABILITY, OR TORT
 (INCLUDING NEGLIGENCE OR OTHERWISE) ARISING IN ANY WAY OUT OF THE USE OF
 THIS SOFTWARE, EVEN IF ADVISED OF THE POSSIBILITY OF SUCH DAMAGE.


GenCase v5.0.278c (30-10-2023)
===============================
LoadDsphConfig> .../bin/windows/DsphConfig.xml
OmpThreads: 16

[LoadXMLInit]
List: MAIN

Total operations: 8
[LoadXMLInit-End  time:0.001s]

[Draw]
List of available variables: Gravity_x=[0]  Gravity_y=[0]  Gravity_z=[0]  Rhop0=[2100]  MResId=[0]  radius=[0.05]  Dp=[0.003]  dummyb=[0.09]  PosMin_x=[-0.062]  PosMin_y=[-0.062]  PosMin_z=[-0.062]  PosMax_x=[0.096]  PosMax_y=[0.096]  PosMax_z=[0.096]  CaseName=["Case_r010_drain0_full"]  Data2D=[0]  Data2DPosy=[0]  H=[0.0054]  MassBound=[5.67e-05]  MassFluid=[5.67e-05]

Mk size: 1 bytes
Case limits: (-0.062,-0.062,-0.062) - (0.096,0.096,0.096)
Distance between points (Dp): 0.003
Case domain: (0,0,0)-(51,51,51)
Domain points: 52 x 52 x 52 = 140608
Case parts: 1 x 52z
Memory: 0.00Gb 0.13Mb (140608)

> MAIN
<MAIN (Operations= 6+2+0 = 8)

Triangles: 12 (0 ignored)
[Draw-End  time:0.003s]

[LoadsXMLConfig]
Execution parameters.
Initials configuration.
Floating bodies configuration.
Properties configuration.
Predefined motion configuration.
[LoadsXMLConfig-End  time:0.000s]

[PrepareFreeParticles]

*** WARNING: Free-particles feature is not finished so it can present some problems in combination with other XML operations.

Checking free-particles according grid-points...
Removing overlaped free-particles...
Updating grid-points with free-particles...
Sorting free-particles according to axis orientation...
 
List of Free-Particles:
  (mk=    1):     22483
  Total.....:     22483
 
[PrepareFreeParticles-End  time:0.012s]

[PreparePoints]
Computing Vtk-Cells data...  (time:0.003s)
BitSizeTot: 19 (1 + 6+6+6)
Points loaded: 21633
Sorting points by Mk...

List of Points:
Points -> Fixed-Boundary particles:
  block[  0] (mk: 10):      1  -->       1
Points -> Fluid particles:
  block[  1] (mk:  1):  22483  -->   22483

Particle summary:
  Fixed....: 1  id:(0-0)   MKs:1 (10)
  Moving...: 0
  Floating.: 0
  Fluid....: 22483  id:(1-22483)   MKs:1 (1)

Total particles: 22484 (bound=1 (fx=1 mv=0 ft=0) fluid=22483)
Total MK blocks: 2 (bound=1 (fx=1 mv=0 ft=0) fluid=1)

*** WARNING: Automatic maximum depth is zero since gravity is zero.


Maximum depth: 0 (automatic)
Speed of system: 0 (automatic)
Speed of sound: max(coefsound*speedsystem,10*sqrt(g*depth))
Speed of sound: 0 max(0,0)
Speed of sound: 100 (fixed)

Coefh:1.039230 (hdp:1.800000)

[PreparePoints-End  time:0.026s]

[SaveCase3D]
out/Case_r010_drain0_full_MkCells.vtk  (time:0.005s, shapes:2572, points:10288)

*** WARNING: Free-particles are also included in Vtk-Cells file but it present some issues since this file format was not conceived for Free-particles.

out/Case_r010_drain0_full_FreePt.vtk  (time:0.008s, points:22483)
out/Case_r010_drain0_full.bi4<double>  (time:0.047s)
out/Case_r010_drain0_full_All.vtk  (time: 0.036s)
out/Case_r010_drain0_full_Bound.vtk  (time: 0.003s)
out/Case_r010_drain0_full_Fluid.vtk  (time: 0.011s)
out/Case_r010_drain0_full.xml  (time:0.006s)

Save files time: 0.116s

Particle limits:
  X range: -0.0499776 to 0.091 [m]
  Y range: -0.0499944 to 0.091 [m]
  Z range: -0.0499154 to 0.091 [m]

[SaveCase3D-End  time:0.117s]

[WARNINGS]
1. Free-particles feature is not finished so it can present some problems in combination with other XML operations.
2. Automatic maximum depth is zero since gravity is zero.
3. Free-particles are also included in Vtk-Cells file but it present some issues since this file format was not conceived for Free-particles.

Time of execution: 0.149 sec. (16 threads)

Finished execution (code=0).



 <DUALSPHYSICS5> Copyright (c) 2023 by
 Dr Jose M. Dominguez Alonso, Dr Alejandro Crespo,
 Prof. Moncho Gomez Gesteira, Prof. Benedict Rogers,
 Dr Georgios Fourtakas, Prof. Peter Stansby,
 Dr Renato Vacondio, Dr Corrado Altomare, Dr Angelo Tafuni,
 Dr Orlando Garcia Feal, Ivan Martinez Estevez,
 Dr Joseph O'Connor, Dr Aaron English

 EPHYSLAB Environmental Physics Laboratory, Universidade de Vigo
 School of Mechanical, Aerospace and Civil Engineering, University of Manchester

 DualSPHysics is free software: you can redistribute it and/or
 modify it under the terms of the GNU Lesser General Public License
 as published by the Free Software Foundation, either version 2.1 of
 the License, or (at your option) any later version.

 DualSPHysics is distributed in the hope that it will be useful,
 but WITHOUT ANY WARRANTY; without even the implied warranty of
 MERCHANTABILITY or FITNESS FOR A PARTICULAR PURPOSE.  See the
 GNU Lesser General Public License for more details.

 You should have received a copy of the GNU Lesser General Public License
 along with DualSPHysics. If not, see <http://www.gnu.org/licenses/>.

 Free download source files and documentation from DualSPHysics website (http://dual.sphysics.org).
 Full list of developers and contributors is available at https://dual.sphysics.org/developers
 Properly cite the use of DualSPHysics (Dominguez et al., 2022) (https://dual.sphysics.org/references).


DualSPHysics5 v5.2.274 (02-02-2024)
====================================
LoadDsphConfig> .../bin/windows/DsphConfig.xml
[CUDA Capable device(s)]
  Detected 1 CUDA Capable device(s)
  CUDA Driver Version / Runtime Version: 13.1 / 11.7
 
Device 0: "NVIDIA GeForce RTX 3050"
  CUDA Capability Major....: 8.6
  Global memory............: 8192 MBytes
  CUDA Cores...............: 2560 (20 Multiprocessors, 128 CUDA Cores/MP)
  GPU Max Clock rate.......: 1777 MHz (1.78 GHz)
  Memory Clock rate........: 7001 Mhz
  Memory Bus Width.........: 128-bit
  L2 Cache Size............: 1536 KBytes
  Constant memory..........: 64 KBytes
  Shared memory per block..: 48 KBytes
  Registers per block......: 65536
  Maximum threads per MP...: 1536
  Maximum threads per block: 1024
  Concurrent copy and kernel execution....: Yes with 1 copy engine(s)
  Run time limit on kernels...............: Yes
  Integrated GPU sharing Host Memory......: No
  Support host page-locked memory mapping.: Yes
  Device has ECC support..................: Disabled
  CUDA Device Driver Mode (TCC or WDDM)...: WDDM (Windows Display Driver Model)
  Device supports Unified Addressing (UVA): Yes
  Device PCI (Domain / Bus / location)....: 0 / 1 / 0
  Device supports P2P and RDMA............: No
 
[GPU Hardware]
Device default: 0 "NVIDIA GeForce RTX 3050"
Compute capability: 8.6
Memory global: 8191 MB
Memory shared: 49152 Bytes
 

[Initialising JSphGpuSingle  20-06-2026 10:05:34]
ProgramFile=".../bin/windows/DualSPHysics5.2_GEO_win64.exe"
ExecutionDir=".../04_CryerProblem_PR/refinement/r010_drain0_full_20260620"
XmlFile=".../r010_drain0_full_20260620/out/Case_r010_drain0_full.xml"
OutputDir=".../refinement/r010_drain0_full_20260620/out"
OutputDataDir=".../r010_drain0_full_20260620/out/data"
XML-App: GenCase v5.0.278c (30-10-2023)
XML-Vars (uservars + ctes): MResId=[0]  dummyb=[0.09]  radius=[0.05]  CaseName=["Case_r010_drain0_full"]  Data2D=[0]  Data2DPosy=[0]  H=[0.0054]  KernelSize=[0.0108]  B=[3e+06]  Gamma=[7]  Rhop0=[2100]  Dp=[0.003]  Gravity_x=[0]  Gravity_y=[0]  Gravity_z=[0]  MassFluid=[5.67e-05]  MassBound=[5.67e-05]
XML-Vars (parameters): TimeMax=[0.1011]  TimeOut=[0.0025]

[Soil modelling configuration]

  DP Constants="3D DP Circumscribed"
  Strain Softening="Disabled"
  Cohesion: 1000000000.000000
  Trigger Strength Reduction Factor: 1.650000
  Frictional Angle: 0.575959
  Bulk Modulus: 1666666.750000
  Shear Modulus: 769230.812500
  Hydromechanics="Enabled"
  HydroMechInitMode="None"
  HydroMechDrainage="Enabled"
  HydroMechDrainageStartTime: 0
  HydroMechDrainageBoundary: FreeSurface
  HydroMechTopLoadMode="FlexibleConfinement"
  HydroMechTopLoadDiscretization: Zhao-style kernel-truncation confinement (GPU validation branch)
  HydroMechTopLoadQ0: 10000
  HydroMechTopLoadRampTime: 0.01
  PoreWaterRho: 1000.000000
  PoreWaterBulkModulus: 2e+08
  Porosity: 0.300000
  HydraulicConductivity: 0.0001
  PoreDtSafety: 0.100000
  PoreShepardRegularization="Disabled"
  PoreShepardInterval: 30

**Basic case configuration is loaded
**Special case configuration is loaded
Loading initial state of particles...
Loaded particles: 22484
MapRealPos(border)=(-0.0502476,-0.0502644,-0.0501854)-(0.09127,0.09127,0.09127)
MapRealPos(final)=(-0.0502476,-0.0502644,-0.0501854)-(0.09127,0.09127,0.09127)
**Initial state of particles is loaded
PosCellCode="13_10_9 (8192,1024,512)"
PosCellSize=0.010800  (1 x KernelSize)
**3D-Simulation parameters:
CaseName="Case_r010_drain0_full"
RunName="Case_r010_drain0_full"
Symmetry=False
SavePosDouble=False
SvExtraParts="1"
SaveFtAce=False
SvTimers=True
Boundary="DBC"
StepAlgorithm="Symplectic"
Kernel="Wendland"
  Wendland.awen=2653178
  Wendland.bwen=-2.456658e+09
Viscosity="Artificial"
  Visco=0.1
  ViscoBoundFactor=1
ArtificialStress="None"
SoilStressRateGradCorr="None"
SoilDamping="BuiFukagawa2013"
  SoilDampingCoef=0.02
  SoilDampingBoundary="Excluded"
DensityDiffusion="None"
Shifting="None"
RigidAlgorithm="None"
FloatingCount=0
CaseNp=22484
CaseNbound=1
CaseNfixed=1
CaseNmoving=0
CaseNfloat=0
CaseNfluid=22483
PeriodicActive="None"
Dp=0.003
KernelH=0.005400  (CoefficientH=1.03923; H/Dp=1.8)
KernelSize=0.0108
CteB=384615.4
Gamma=7
RhopZero=2100
Cs0=35.80574408560461
CFLnumber=0.2
DtIni=0.000001
DtMin=0.00000001
DtAllParticles=False
FixedDt=0.000001
MassFluid=0.0000567
MassBound=0.0000567
TimeMax=0.1010999977588654
TimePart=0.002499999944120646
Gravity=(0,0,0)
NpMinimum=1
RhopOut=True
RhopOutMin=700
RhopOutMax=3000
WrnPartsOut=True
CellMode="Full"
ScellDiv=1
MapCells=(14,14,14)
CellDomFixed=False
**Requested GPU memory for 22612 particles: 8.7 MB (0 times).
DomCells=(14,14,14)
DomCellCode="1+11_10_10"
 
BlockSize calculation mode: Fixed.
  BsForcesBound=128 (39 regs)
  BsForcesFluid=128 (74 regs)
 
**CellDiv: Requested gpu memory for 23736 particles: 0.2 MB.
**CellDiv: Requested gpu memory for 1728 cells (CellMode=Full): 0.0 MB.
 
RunMode="Pos-Cell - Single-GPU"
 
Particle summary:
  Fixed....: 1  id:(0-0)   MKs:1 (10)
  Moving...: 0
  Floating.: 0
  Fluid....: 22483  id:(1-22483)   MKs:1 (1)

Total particles: 22484 (bound=1 (fx=1 mv=0 ft=0) fluid=22483)
Total MK blocks: 2 (bound=1 (fx=1 mv=0 ft=0) fluid=1)
 
Allocated memory in CPU: 4523256 (4.31 MB)
Allocated memory in GPU: 9356104 (8.92 MB)
Part_0000        22484 particles successfully stored

[Initialising simulation (k4y737vy)  20-06-2026 10:05:34]
PART       PartTime      TotalSteps    Steps    Time/Sec   Finish time        
=========  ============  ============  =======  =========  ===================
  Progress 0.19% in 30.0s. Estimated finish time: 20-06-2026 14:34:12
  Progress 0.37% in 60.0s. Estimated finish time: 20-06-2026 14:34:51
  Progress 1.84% in 300.1s. Estimated finish time: 20-06-2026 14:37:12
Part_0001      0.002500          5827     5827  160302.20  20-06-2026 14:35:40
Part_0002      0.005000         11656     5829  157551.67  20-06-2026 14:33:21
Part_0003      0.007500         17484     5828  156499.05  20-06-2026 14:31:59
Part_0004      0.010000         23312     5828  155572.54  20-06-2026 14:30:55
Part_0005      0.012500         29141     5829  158468.67  20-06-2026 14:31:15
Part_0006      0.015000         34969     5828  157267.38  20-06-2026 14:31:08
Part_0007      0.017500         40797     5828  155610.75  20-06-2026 14:30:39
Part_0008      0.020000         46625     5828  155962.15  20-06-2026 14:30:22
Part_0009      0.022500         52454     5829  156546.28  20-06-2026 14:30:15
Part_0010      0.025000         58282     5828  156483.20  20-06-2026 14:30:09
Part_0011      0.027500         64110     5828  156766.83  20-06-2026 14:30:07
Part_0012      0.030000         69939     5829  156801.41  20-06-2026 14:30:05
Part_0013      0.032500         75767     5828  156729.37  20-06-2026 14:30:02
Part_0014      0.035000         81595     5828  156896.03  20-06-2026 14:30:03
Part_0015      0.037500         87423     5828  156911.15  20-06-2026 14:30:02
Part_0016      0.040000         93252     5829  156776.19  20-06-2026 14:30:01
Part_0017      0.042500         99080     5828  156392.68  20-06-2026 14:29:58
Part_0018      0.045000        104908     5828  157180.27  20-06-2026 14:29:59
Part_0019      0.047500        110737     5829  156926.58  20-06-2026 14:29:59
Part_0020      0.050000        116565     5828  157019.78  20-06-2026 14:30:00
Part_0021      0.052500        122393     5828  157010.22  20-06-2026 14:30:00
Part_0022      0.055000        128221     5828  156854.54  20-06-2026 14:29:59
Part_0023      0.057500        134050     5829  157116.26  20-06-2026 14:30:00
Part_0024      0.060000        139878     5828  156951.48  20-06-2026 14:30:01
Part_0025      0.062500        145706     5828  156674.10  20-06-2026 14:29:59
Part_0026      0.065000        151534     5828  156895.96  20-06-2026 14:29:59
Part_0027      0.067500        157363     5829  157400.13  20-06-2026 14:30:01
Part_0028      0.070000        163191     5828  156767.92  20-06-2026 14:30:00
Part_0029      0.072500        169019     5828  158853.97  20-06-2026 14:30:07
Part_0030      0.075000        174848     5829  157029.23  20-06-2026 14:30:07
Part_0031      0.077500        180676     5828  157334.39  20-06-2026 14:30:08
Part_0032      0.080000        186504     5828  157117.35  20-06-2026 14:30:09
Part_0033      0.082500        192332     5828  156873.28  20-06-2026 14:30:08
Part_0034      0.085000        198161     5829  157009.05  20-06-2026 14:30:07
Part_0035      0.087500        203989     5828  157302.55  20-06-2026 14:30:09
Part_0036      0.090000        209817     5828  157503.19  20-06-2026 14:30:10
Part_0037      0.092500        215646     5829  157900.33  20-06-2026 14:30:12
Part_0038      0.095000        221474     5828  157555.72  20-06-2026 14:30:14
Part_0039      0.097500        227302     5828  157282.68  20-06-2026 14:30:14
Part_0040      0.100000        233130     5828  157227.78  20-06-2026 14:30:14

[Simulation finished  20-06-2026 14:30:15]
Particles of simulation (initial): 22484
DTs adjusted to DtMin............: 0
Excluded particles...............: 0
Total Runtime....................: 15881.302734 sec.
Simulation Runtime...............: 15881.258789 sec.
Runtime per physical second......: 157084.234375 sec.
Steps per second.................: 14.841078
Steps of simulation..............: 235695
PART files.......................: 41
Maximum number of particles......: 22484
Maximum number of cells..........: 1331
CPU Memory.......................: 4523256 (4.31 MB)
GPU Memory.......................: 9356104 (8.92 MB)
 
[GPU Timers]
VA-Init..........................: 0.045276 sec.
NL-Limits........................: 42.463290 sec.
NL-PreSort.......................: 3.563115 sec.
NL-RadixSort.....................: 61.480839 sec.
NL-CellBegin.....................: 31.613635 sec.
NL-SortData......................: 30.308302 sec.
NL-OutCheck......................: 3887.765691 sec.
CF-PreForces.....................: 59.334576 sec.
CF-Forces........................: 7842.160667 sec.
SU-Shifting......................: 0 sec.
SU-ComputeStep...................: 15.681730 sec.
SU-Floating......................: 0 sec.
SU-Motion........................: 0 sec.
SU-Periodic......................: 0 sec.
SU-ResizeNp......................: 0 sec.
SU-DownData......................: 0.356608 sec.
SU-SavePart......................: 0.331973 sec.
SU-Chrono........................: 0 sec.
SU-Moorings......................: 0 sec.
SU-InOut.........................: 0 sec.
SU-Gauges........................: 0.000000 sec.
 
[Output files]
- CfgInit_Domain.vtk...: Saves the limits of the case and the simulation domain limits.
- CfgInit_MapCells.vtk.: Saves the cell division of the simulation domain.
- Run.csv..............: One line CSV file with execution parameters and other simulation data.
- Run.out..............: Log file of the simulation.
- data/PartInfo.ibi4...: Binary file with execution information for each instant (input for PartInfo program).
- data/PartOut_???.obi4: Binary file with particles excluded during simulation (input for PartVtkOut program).
- data/Part_????.bi4...: Binary file with particle data in different instants.
- data/Part_Head.ibi4..: Binary file with basic information of simulation data.
 
[References]
- Official solver reference DualSPHysics v5.0: J.M. Dominguez, G. Fourtakas,
    C. Altomare, R.B. Canelas, A. Tafuni, O. Garcia-Feal, I. Martinez-Estevez,
    A. Mokos, R. Vacondio, A.J.C. Crespo, B.D. Rogers, P.K. Stansby, M. Gomez-Gesteira.
    2022. DualSPHysics: from fluid dynamics to multiphysics problems.
    Computational Particle Mechanics, 9:867-895. doi: https://doi.org/10.1007/s40571-021-00404-2

- Optimised CPU multi-core and GPU implementation (Dominguez et al., 2013  https://doi.org/10.1016/j.cpc.2012.10.015)
- Dynamic boundary conditions (Crespo et al., 2007  https://doi.org/10.3970/cmc.2007.005.173)
- Viscosity: Artificial (Monaghan, 1992  https://doi.org/10.1146/annurev.aa.30.090192.002551)
- Kernel: Quintic Wendland (Wendland, 1995  https://doi.org/10.1007/BF02123482)
- Time integration scheme: Symplectic (Leimkhuler, 1996  https://doi.org/10.1007/978-3-319-16375-8_1)

Finished execution (code=0).



 <PARTVTK>  Copyright (c) 2020 by Dr Jose M. Dominguez
 All rights reserved.

 PartVTK is a free tool for DualSPHysics simulations.
 DualSPHysics project is an international collaboration between
 University of Vigo (Spain) and University of Manchester (UK).

 Redistribution and use in source and binary forms, with or without
 modification, are permitted provided that the following conditions
 are met:
 * Redistributions of source code must retain the above copyright
   notice, this list of conditions and the following disclaimer.
 * Redistributions in binary form must reproduce the above copyright
   notice, this list of conditions and the following disclaimer in the
   documentation and/or other materials provided with the distribution.
 * Neither the name of the PartVTK nor the names of its contributors
   may be used to endorse or promote products derived from this software
   without specific prior written permission.

 THIS SOFTWARE IS PROVIDED BY THE COPYRIGHT HOLDERS AND CONTRIBUTORS "AS IS"
 AND ANY EXPRESS OR IMPLIED WARRANTIES, INCLUDING, BUT NOT LIMITED TO, THE
 IMPLIED WARRANTIES OF MERCHANTABILITY AND FITNESS FOR A PARTICULAR PURPOSE
 ARE DISCLAIMED. IN NO EVENT SHALL THE COPYRIGHT OWNER BE LIABLE FOR ANY
 DIRECT, INDIRECT, INCIDENTAL, SPECIAL, EXEMPLARY, OR CONSEQUENTIAL DAMAGES
 (INCLUDING, BUT NOT LIMITED TO, PROCUREMENT OF SUBSTITUTE GOODS OR SERVICES;
 LOSS OF USE, DATA, OR PROFITS; OR BUSINESS INTERRUPTION) HOWEVER CAUSED AND
 ON ANY THEORY OF LIABILITY, WHETHER IN CONTRACT, STRICT LIABILITY, OR TORT
 (INCLUDING NEGLIGENCE OR OTHERWISE) ARISING IN ANY WAY OUT OF THE USE OF
 THIS SOFTWARE, EVEN IF ADVISED OF THE POSSIBILITY OF SUCH DAMAGE.


PartVTK v5.0.206 (12-04-2023)
==============================
LoadDsphConfig> .../bin/windows/DsphConfig.xml
Threads for parallel execution: 20
LoadConfigData> out\data/Part_0000.bi4
LoadData> out\data/Part_0000.bi4
SaveVTK> out\particles\PartFluid_0000.vtk  np:22483
LoadData> out\data/Part_0001.bi4
SaveVTK> out\particles\PartFluid_0001.vtk  np:22483
LoadData> out\data/Part_0002.bi4
SaveVTK> out\particles\PartFluid_0002.vtk  np:22483
LoadData> out\data/Part_0003.bi4
SaveVTK> out\particles\PartFluid_0003.vtk  np:22483
LoadData> out\data/Part_0004.bi4
SaveVTK> out\particles\PartFluid_0004.vtk  np:22483
LoadData> out\data/Part_0005.bi4
SaveVTK> out\particles\PartFluid_0005.vtk  np:22483
LoadData> out\data/Part_0006.bi4
SaveVTK> out\particles\PartFluid_0006.vtk  np:22483
LoadData> out\data/Part_0007.bi4
SaveVTK> out\particles\PartFluid_0007.vtk  np:22483
LoadData> out\data/Part_0008.bi4
SaveVTK> out\particles\PartFluid_0008.vtk  np:22483
LoadData> out\data/Part_0009.bi4
SaveVTK> out\particles\PartFluid_0009.vtk  np:22483
LoadData> out\data/Part_0010.bi4
SaveVTK> out\particles\PartFluid_0010.vtk  np:22483
LoadData> out\data/Part_0011.bi4
SaveVTK> out\particles\PartFluid_0011.vtk  np:22483
LoadData> out\data/Part_0012.bi4
SaveVTK> out\particles\PartFluid_0012.vtk  np:22483
LoadData> out\data/Part_0013.bi4
SaveVTK> out\particles\PartFluid_0013.vtk  np:22483
LoadData> out\data/Part_0014.bi4
SaveVTK> out\particles\PartFluid_0014.vtk  np:22483
LoadData> out\data/Part_0015.bi4
SaveVTK> out\particles\PartFluid_0015.vtk  np:22483
LoadData> out\data/Part_0016.bi4
SaveVTK> out\particles\PartFluid_0016.vtk  np:22483
LoadData> out\data/Part_0017.bi4
SaveVTK> out\particles\PartFluid_0017.vtk  np:22483
LoadData> out\data/Part_0018.bi4
SaveVTK> out\particles\PartFluid_0018.vtk  np:22483
LoadData> out\data/Part_0019.bi4
SaveVTK> out\particles\PartFluid_0019.vtk  np:22483
LoadData> out\data/Part_0020.bi4
SaveVTK> out\particles\PartFluid_0020.vtk  np:22483
LoadData> out\data/Part_0021.bi4
SaveVTK> out\particles\PartFluid_0021.vtk  np:22483
LoadData> out\data/Part_0022.bi4
SaveVTK> out\particles\PartFluid_0022.vtk  np:22483
LoadData> out\data/Part_0023.bi4
SaveVTK> out\particles\PartFluid_0023.vtk  np:22483
LoadData> out\data/Part_0024.bi4
SaveVTK> out\particles\PartFluid_0024.vtk  np:22483
LoadData> out\data/Part_0025.bi4
SaveVTK> out\particles\PartFluid_0025.vtk  np:22483
LoadData> out\data/Part_0026.bi4
SaveVTK> out\particles\PartFluid_0026.vtk  np:22483
LoadData> out\data/Part_0027.bi4
SaveVTK> out\particles\PartFluid_0027.vtk  np:22483
LoadData> out\data/Part_0028.bi4
SaveVTK> out\particles\PartFluid_0028.vtk  np:22483
LoadData> out\data/Part_0029.bi4
SaveVTK> out\particles\PartFluid_0029.vtk  np:22483
LoadData> out\data/Part_0030.bi4
SaveVTK> out\particles\PartFluid_0030.vtk  np:22483
LoadData> out\data/Part_0031.bi4
SaveVTK> out\particles\PartFluid_0031.vtk  np:22483
LoadData> out\data/Part_0032.bi4
SaveVTK> out\particles\PartFluid_0032.vtk  np:22483
LoadData> out\data/Part_0033.bi4
SaveVTK> out\particles\PartFluid_0033.vtk  np:22483
LoadData> out\data/Part_0034.bi4
SaveVTK> out\particles\PartFluid_0034.vtk  np:22483
LoadData> out\data/Part_0035.bi4
SaveVTK> out\particles\PartFluid_0035.vtk  np:22483
LoadData> out\data/Part_0036.bi4
SaveVTK> out\particles\PartFluid_0036.vtk  np:22483
LoadData> out\data/Part_0037.bi4
SaveVTK> out\particles\PartFluid_0037.vtk  np:22483
LoadData> out\data/Part_0038.bi4
SaveVTK> out\particles\PartFluid_0038.vtk  np:22483
LoadData> out\data/Part_0039.bi4
SaveVTK> out\particles\PartFluid_0039.vtk  np:22483
LoadData> out\data/Part_0040.bi4
SaveVTK> out\particles\PartFluid_0040.vtk  np:22483

Time of operation: 0.467 sec. (20 threads)
Loaded snapshots: 41
Peak p/q0=1.12614 at t=0.01, Tv=0
Final p/q0=0.00290867; theory=0.000423091; abs error=0.00248558
RMSE=0.0415715; MAE=0.0286625
Saved analysis\r010_drain0_full_history.csv
Saved analysis\r010_drain0_full_summary.json
Saved analysis\r010_drain0_full_center_pressure.png
Saved D:\MYF\SPH\GeoDualSPHysics_redevelop_f66777b\examples\Hydromechanic coupling\04_CryerProblem_PR\figures\cryer_r010_drain0_full_center_pressure.png
r010 drain-from-start full-cycle validation done.
VTK: out\particles
Analysis: analysis
