COMMAND: D:\MYF\SPH\GeoDualSPHysics_redevelop_f66777b\bin\windows\DualSPHysics5.2_GEO_win64.exe -gpu D:\MYF\SPH\GeoDualSPHysics_redevelop_f66777b\examples\Hydromechanic coupling\04_CryerProblem_PR\refinement\sweep_corrected_20260621\k1e5_tv008_toutTv001\out\k1e5_tv008_toutTv001 D:\MYF\SPH\GeoDualSPHysics_redevelop_f66777b\examples\Hydromechanic coupling\04_CryerProblem_PR\refinement\sweep_corrected_20260621\k1e5_tv008_toutTv001\out -dirdataout data -svres -svextraparts:1 -tmax:0.07287428571428571 -tout:0.0009109285714285714



 <DUALSPHYSICS5> Copyright (c) 2023 by
 Dr Jose M. Dominguez Alonso, Dr Alejandro Crespo,
 Prof. Moncho Gomez Gesteira, Prof. Benedict Rogers,
 Dr Georgios Fourtakas, Prof. Peter Stansby,
 Dr Renato Vacondio, Dr Corrado Altomare, Dr Angelo Tafuni,
 Dr Orlando Garcia Feal, Ivan Martinez Estevez,
 Dr Joseph O'Connor, Dr Aaron English

 EPHYSLAB Environmental Physics Laboratory, Universidade de Vigo
 School of Mechanical, Aerospace and Civil Engineering, University of Manchester

 DualSPHysics is free software: you can redistribute it and/or
 modify it under the terms of the GNU Lesser General Public License
 as published by the Free Software Foundation, either version 2.1 of
 the License, or (at your option) any later version.

 DualSPHysics is distributed in the hope that it will be useful,
 but WITHOUT ANY WARRANTY; without even the implied warranty of
 MERCHANTABILITY or FITNESS FOR A PARTICULAR PURPOSE.  See the
 GNU Lesser General Public License for more details.

 You should have received a copy of the GNU Lesser General Public License
 along with DualSPHysics. If not, see <http://www.gnu.org/licenses/>.

 Free download source files and documentation from DualSPHysics website (http://dual.sphysics.org).
 Full list of developers and contributors is available at https://dual.sphysics.org/developers
 Properly cite the use of DualSPHysics (Dominguez et al., 2022) (https://dual.sphysics.org/references).


DualSPHysics5 v5.2.274 (02-02-2024)
====================================
LoadDsphConfig> .../bin/windows/DsphConfig.xml
[CUDA Capable device(s)]
  Detected 1 CUDA Capable device(s)
  CUDA Driver Version / Runtime Version: 13.1 / 11.7
 
Device 0: "NVIDIA GeForce RTX 3050"
  CUDA Capability Major....: 8.6
  Global memory............: 8192 MBytes
  CUDA Cores...............: 2560 (20 Multiprocessors, 128 CUDA Cores/MP)
  GPU Max Clock rate.......: 1777 MHz (1.78 GHz)
  Memory Clock rate........: 7001 Mhz
  Memory Bus Width.........: 128-bit
  L2 Cache Size............: 1536 KBytes
  Constant memory..........: 64 KBytes
  Shared memory per block..: 48 KBytes
  Registers per block......: 65536
  Maximum threads per MP...: 1536
  Maximum threads per block: 1024
  Concurrent copy and kernel execution....: Yes with 1 copy engine(s)
  Run time limit on kernels...............: Yes
  Integrated GPU sharing Host Memory......: No
  Support host page-locked memory mapping.: Yes
  Device has ECC support..................: Disabled
  CUDA Device Driver Mode (TCC or WDDM)...: WDDM (Windows Display Driver Model)
  Device supports Unified Addressing (UVA): Yes
  Device PCI (Domain / Bus / location)....: 0 / 1 / 0
  Device supports P2P and RDMA............: No
 
[GPU Hardware]
Device default: 0 "NVIDIA GeForce RTX 3050"
Compute capability: 8.6
Memory global: 8191 MB
Memory shared: 49152 Bytes
 

[Initialising JSphGpuSingle  21-06-2026 17:33:40]
ProgramFile=".../bin/windows/DualSPHysics5.2_GEO_win64.exe"
ExecutionDir=".../refinement/sweep_corrected_20260621/k1e5_tv008_toutTv001"
XmlFile=".../k1e5_tv008_toutTv001/out/k1e5_tv008_toutTv001.xml"
OutputDir=".../sweep_corrected_20260621/k1e5_tv008_toutTv001/out"
OutputDataDir=".../k1e5_tv008_toutTv001/out/data"
XML-App: GenCase v5.0.278c (30-10-2023)
XML-Vars (uservars + ctes): MResId=[0]  dummyb=[0.09]  radius=[0.05]  CaseName=["k1e5_tv008_toutTv001"]  Data2D=[0]  Data2DPosy=[0]  H=[0.0054]  KernelSize=[0.0108]  B=[3e+06]  Gamma=[7]  Rhop0=[2100]  Dp=[0.003]  Gravity_x=[0]  Gravity_y=[0]  Gravity_z=[0]  MassFluid=[5.67e-05]  MassBound=[5.67e-05]
XML-Vars (parameters): TimeMax=[0.0728743]  TimeOut=[0.000910929]

[Soil modelling configuration]

  DP Constants="3D DP Circumscribed"
  Strain Softening="Disabled"
  Cohesion: 1000000000.000000
  Trigger Strength Reduction Factor: 1.650000
  Frictional Angle: 0.575959
  Bulk Modulus: 1666666.750000
  Shear Modulus: 769230.812500
  Hydromechanics="Enabled"
  HydroMechInitMode="None"
  HydroMechDrainage="Enabled"
  HydroMechDrainageStartTime: 0
  HydroMechDrainageBoundary: FreeSurface
  HydroMechTopLoadMode="FlexibleConfinement"
  HydroMechTopLoadDiscretization: Zhao-style kernel-truncation confinement (GPU validation branch)
  HydroMechTopLoadQ0: 10000
  HydroMechTopLoadRampTime: 0
  PoreWaterRho: 1000.000000
  PoreWaterBulkModulus: 2e+08
  Porosity: 0.300000
  HydraulicConductivity: 1e-05
  PoreDtSafety: 0.100000
  PoreShepardRegularization="Disabled"
  PoreShepardInterval: 30

**Basic case configuration is loaded
**Special case configuration is loaded
Loading initial state of particles...
Loaded particles: 22484
MapRealPos(border)=(-0.0502476,-0.0502644,-0.0501854)-(0.09127,0.09127,0.09127)
MapRealPos(final)=(-0.0502476,-0.0502644,-0.0501854)-(0.09127,0.09127,0.09127)
**Initial state of particles is loaded
PosCellCode="13_10_9 (8192,1024,512)"
PosCellSize=0.010800  (1 x KernelSize)
**3D-Simulation parameters:
CaseName="k1e5_tv008_toutTv001"
RunName="k1e5_tv008_toutTv001"
Symmetry=False
SavePosDouble=False
SvExtraParts="1"
SaveFtAce=False
SvTimers=True
Boundary="DBC"
StepAlgorithm="Symplectic"
Kernel="Wendland"
  Wendland.awen=2653178
  Wendland.bwen=-2.456658e+09
Viscosity="Artificial"
  Visco=0.1
  ViscoBoundFactor=1
ArtificialStress="None"
SoilStressRateGradCorr="None"
SoilDamping="BuiFukagawa2013"
  SoilDampingCoef=0.02
  SoilDampingBoundary="Excluded"
DensityDiffusion="None"
Shifting="None"
RigidAlgorithm="None"
FloatingCount=0
CaseNp=22484
CaseNbound=1
CaseNfixed=1
CaseNmoving=0
CaseNfloat=0
CaseNfluid=22483
PeriodicActive="None"
Dp=0.003
KernelH=0.005400  (CoefficientH=1.03923; H/Dp=1.8)
KernelSize=0.0108
CteB=384615.4
Gamma=7
RhopZero=2100
Cs0=35.80574408560461
CFLnumber=0.2
DtIni=0.000001
DtMin=0.00000001
DtAllParticles=False
FixedDt=0.000001
MassFluid=0.0000567
MassBound=0.0000567
TimeMax=0.0728742852807045
TimePart=0.0009109285892918706
Gravity=(0,0,0)
NpMinimum=1
RhopOut=True
RhopOutMin=700
RhopOutMax=3000
WrnPartsOut=True
CellMode="Full"
ScellDiv=1
MapCells=(14,14,14)
CellDomFixed=False
**Requested GPU memory for 22612 particles: 8.7 MB (0 times).
DomCells=(14,14,14)
DomCellCode="1+11_10_10"
 
BlockSize calculation mode: Fixed.
  BsForcesBound=128 (39 regs)
  BsForcesFluid=128 (74 regs)
 
**CellDiv: Requested gpu memory for 23736 particles: 0.2 MB.
**CellDiv: Requested gpu memory for 1728 cells (CellMode=Full): 0.0 MB.
 
RunMode="Pos-Cell - Single-GPU"
 
Particle summary:
  Fixed....: 1  id:(0-0)   MKs:1 (10)
  Moving...: 0
  Floating.: 0
  Fluid....: 22483  id:(1-22483)   MKs:1 (1)

Total particles: 22484 (bound=1 (fx=1 mv=0 ft=0) fluid=22483)
Total MK blocks: 2 (bound=1 (fx=1 mv=0 ft=0) fluid=1)
 
Allocated memory in CPU: 4523256 (4.31 MB)
Allocated memory in GPU: 9356104 (8.92 MB)
Part_0000        22484 particles successfully stored

[Initialising simulation (un88sraq)  21-06-2026 17:33:40]
PART       PartTime      TotalSteps    Steps    Time/Sec   Finish time        
=========  ============  ============  =======  =========  ===================
  Progress 0.61% in 30.1s. Estimated finish time: 21-06-2026 18:56:16
  Progress 1.21% in 60.0s. Estimated finish time: 21-06-2026 18:56:20
Part_0001      0.000911           911      911   68093.53  21-06-2026 18:56:22
Part_0002      0.001822          1822      911   67951.14  21-06-2026 18:56:17
Part_0003      0.002733          2733      911   67649.15  21-06-2026 18:56:08
Part_0004      0.003644          3644      911   67600.21  21-06-2026 18:56:02
Part_0005      0.004555          4555      911   67918.47  21-06-2026 18:56:03
Part_0006      0.005466          5466      911   69164.47  21-06-2026 18:56:20
Part_0007      0.006377          6377      911   68646.64  21-06-2026 18:56:26
Part_0008      0.007288          7288      911   70082.09  21-06-2026 18:56:44
Part_0009      0.008199          8199      911   70135.34  21-06-2026 18:56:57
Part_0010      0.009110          9110      911   69571.54  21-06-2026 18:57:05
Part_0011      0.010021         10021      911   70436.59  21-06-2026 18:57:16
Part_0012      0.010932         10932      911   68775.08  21-06-2026 18:57:16
Part_0013      0.011843         11843      911   68528.69  21-06-2026 18:57:14
Part_0014      0.012754         12754      911   68240.57  21-06-2026 18:57:11
Part_0015      0.013664         13664      910   68322.25  21-06-2026 18:57:09
Part_0016      0.014575         14575      911   68456.27  21-06-2026 18:57:08
Part_0017      0.015486         15486      911   68749.49  21-06-2026 18:57:08
Part_0018      0.016397         16397      911   69147.43  21-06-2026 18:57:09
Part_0019      0.017308         17308      911   69227.83  21-06-2026 18:57:11
Part_0020      0.018219         18219      911   68320.00  21-06-2026 18:57:10
Part_0021      0.019130         19130      911   68175.51  21-06-2026 18:57:08
Part_0022      0.020041         20041      911   68074.18  21-06-2026 18:57:06
Part_0023      0.020952         20952      911   67453.06  21-06-2026 18:57:01
Part_0024      0.021863         21863      911   67345.52  21-06-2026 18:56:58
Part_0025      0.022774         22774      911   67383.89  21-06-2026 18:56:54
Part_0026      0.023685         23685      911   67236.38  21-06-2026 18:56:50
Part_0027      0.024596         24596      911   67313.40  21-06-2026 18:56:48
Part_0028      0.025507         25507      911   67395.13  21-06-2026 18:56:45
Part_0029      0.026417         26417      910   67126.51  21-06-2026 18:56:41
Part_0030      0.027328         27328      911   67106.10  21-06-2026 18:56:38
Part_0031      0.028239         28239      911   67168.90  21-06-2026 18:56:35
Part_0032      0.029150         29150      911   67631.25  21-06-2026 18:56:34
Part_0033      0.030061         30061      911   67740.35  21-06-2026 18:56:33
Part_0034      0.030972         30972      911   66780.37  21-06-2026 18:56:30
Part_0035      0.031883         31883      911   66721.50  21-06-2026 18:56:27
Part_0036      0.032794         32794      911   66722.53  21-06-2026 18:56:24
Part_0037      0.033705         33705      911   66685.72  21-06-2026 18:56:21
Part_0038      0.034616         34616      911   66711.72  21-06-2026 18:56:19
Part_0039      0.035527         35527      911   68189.32  21-06-2026 18:56:19
Part_0040      0.036438         36438      911   67813.80  21-06-2026 18:56:19
Part_0041      0.037349         37349      911   68422.97  21-06-2026 18:56:19
Part_0042      0.038260         38260      911   68648.55  21-06-2026 18:56:20
Part_0043      0.039170         39170      910   68944.15  21-06-2026 18:56:21
Part_0044      0.040081         40081      911   68657.24  21-06-2026 18:56:23
Part_0045      0.040992         40992      911   69294.13  21-06-2026 18:56:25
Part_0046      0.041903         41903      911   69196.88  21-06-2026 18:56:26
Part_0047      0.042814         42814      911   69606.20  21-06-2026 18:56:28
Part_0048      0.043725         43725      911   70093.32  21-06-2026 18:56:31
Part_0049      0.044636         44636      911   70814.81  21-06-2026 18:56:35
Part_0050      0.045547         45547      911   70600.61  21-06-2026 18:56:39
Part_0051      0.046458         46458      911   70671.60  21-06-2026 18:56:42
Part_0052      0.047369         47369      911   69444.35  21-06-2026 18:56:44
Part_0053      0.048280         48280      911   68860.92  21-06-2026 18:56:44
Part_0054      0.049191         49191      911   68809.79  21-06-2026 18:56:45
Part_0055      0.050102         50102      911   70961.11  21-06-2026 18:56:48
Part_0056      0.051013         51013      911   70898.53  21-06-2026 18:56:51
Part_0057      0.051923         51923      910   68933.23  21-06-2026 18:56:52
Part_0058      0.052834         52834      911   68733.51  21-06-2026 18:56:52
Part_0059      0.053745         53745      911   68846.50  21-06-2026 18:56:52
Part_0060      0.054656         54656      911   68883.78  21-06-2026 18:56:53
Part_0061      0.055567         55567      911   68844.36  21-06-2026 18:56:53
Part_0062      0.056478         56478      911   69008.56  21-06-2026 18:56:54
Part_0063      0.057389         57389      911   68883.70  21-06-2026 18:56:54
Part_0064      0.058300         58300      911   68829.71  21-06-2026 18:56:54
Part_0065      0.059211         59211      911   68692.78  21-06-2026 18:56:55
Part_0066      0.060122         60122      911   68676.68  21-06-2026 18:56:55
Part_0067      0.061033         61033      911   68758.46  21-06-2026 18:56:55
Part_0068      0.061944         61944      911   68947.86  21-06-2026 18:56:56
Part_0069      0.062855         62855      911   68729.12  21-06-2026 18:56:55
Part_0070      0.063766         63766      911   68993.82  21-06-2026 18:56:56
Part_0071      0.064676         64676      910   69266.67  21-06-2026 18:56:57
Part_0072      0.065587         65587      911   71008.63  21-06-2026 18:56:59
Part_0073      0.066498         66498      911   70394.52  21-06-2026 18:57:01
Part_0074      0.067409         67409      911   70233.50  21-06-2026 18:57:03
Part_0075      0.068320         68320      911   70924.39  21-06-2026 18:57:05
Part_0076      0.069231         69231      911   70580.70  21-06-2026 18:57:07
Part_0077      0.070142         70142      911   70823.13  21-06-2026 18:57:08
Part_0078      0.071053         71053      911   69984.23  21-06-2026 18:57:10
Part_0079      0.071964         71964      911   69485.82  21-06-2026 18:57:11
Part_0080      0.072875         72875      911   69719.04  21-06-2026 18:57:12

[Simulation finished  21-06-2026 18:57:12]
Particles of simulation (initial): 22484
DTs adjusted to DtMin............: 0
Excluded particles...............: 0
Total Runtime....................: 5011.940918 sec.
Simulation Runtime...............: 5011.900391 sec.
Runtime per physical second......: 68773.929688 sec.
Steps per second.................: 14.540393
Steps of simulation..............: 72875
PART files.......................: 81
Maximum number of particles......: 22484
Maximum number of cells..........: 1331
CPU Memory.......................: 4523256 (4.31 MB)
GPU Memory.......................: 9356104 (8.92 MB)
 
[GPU Timers]
VA-Init..........................: 0.040955 sec.
NL-Limits........................: 13.116731 sec.
NL-PreSort.......................: 1.500614 sec.
NL-RadixSort.....................: 22.823219 sec.
NL-CellBegin.....................: 10.976428 sec.
NL-SortData......................: 15.466595 sec.
NL-OutCheck......................: 1224.346156 sec.
CF-PreForces.....................: 22.400712 sec.
CF-Forces........................: 2451.704045 sec.
SU-Shifting......................: 0 sec.
SU-ComputeStep...................: 7.125321 sec.
SU-Floating......................: 0 sec.
SU-Motion........................: 0 sec.
SU-Periodic......................: 0 sec.
SU-ResizeNp......................: 0 sec.
SU-DownData......................: 0.742567 sec.
SU-SavePart......................: 0.763904 sec.
SU-Chrono........................: 0 sec.
SU-Moorings......................: 0 sec.
SU-InOut.........................: 0 sec.
SU-Gauges........................: 0.000000 sec.
 
[Output files]
- CfgInit_Domain.vtk...: Saves the limits of the case and the simulation domain limits.
- CfgInit_MapCells.vtk.: Saves the cell division of the simulation domain.
- Run.csv..............: One line CSV file with execution parameters and other simulation data.
- Run.out..............: Log file of the simulation.
- data/PartInfo.ibi4...: Binary file with execution information for each instant (input for PartInfo program).
- data/PartOut_???.obi4: Binary file with particles excluded during simulation (input for PartVtkOut program).
- data/Part_????.bi4...: Binary file with particle data in different instants.
- data/Part_Head.ibi4..: Binary file with basic information of simulation data.
 
[References]
- Official solver reference DualSPHysics v5.0: J.M. Dominguez, G. Fourtakas,
    C. Altomare, R.B. Canelas, A. Tafuni, O. Garcia-Feal, I. Martinez-Estevez,
    A. Mokos, R. Vacondio, A.J.C. Crespo, B.D. Rogers, P.K. Stansby, M. Gomez-Gesteira.
    2022. DualSPHysics: from fluid dynamics to multiphysics problems.
    Computational Particle Mechanics, 9:867-895. doi: https://doi.org/10.1007/s40571-021-00404-2

- Optimised CPU multi-core and GPU implementation (Dominguez et al., 2013  https://doi.org/10.1016/j.cpc.2012.10.015)
- Dynamic boundary conditions (Crespo et al., 2007  https://doi.org/10.3970/cmc.2007.005.173)
- Viscosity: Artificial (Monaghan, 1992  https://doi.org/10.1146/annurev.aa.30.090192.002551)
- Kernel: Quintic Wendland (Wendland, 1995  https://doi.org/10.1007/BF02123482)
- Time integration scheme: Symplectic (Leimkhuler, 1996  https://doi.org/10.1007/978-3-319-16375-8_1)

Finished execution (code=0).

