COMMAND: D:\MYF\SPH\GeoDualSPHysics_redevelop_f66777b\bin\windows\DualSPHysics5.2_GEO_win64.exe -gpu D:\MYF\SPH\GeoDualSPHysics_redevelop_f66777b\examples\Hydromechanic coupling\04_CryerProblem_PR\refinement\sweep_corrected_20260621\r0000_d0_full_tout0250\out\r0000_d0_full_tout0250 D:\MYF\SPH\GeoDualSPHysics_redevelop_f66777b\examples\Hydromechanic coupling\04_CryerProblem_PR\refinement\sweep_corrected_20260621\r0000_d0_full_tout0250\out -dirdataout data -svres -svextraparts:1 -tmax:0.09109285714285716 -tout:0.00025



 <DUALSPHYSICS5> Copyright (c) 2023 by
 Dr Jose M. Dominguez Alonso, Dr Alejandro Crespo,
 Prof. Moncho Gomez Gesteira, Prof. Benedict Rogers,
 Dr Georgios Fourtakas, Prof. Peter Stansby,
 Dr Renato Vacondio, Dr Corrado Altomare, Dr Angelo Tafuni,
 Dr Orlando Garcia Feal, Ivan Martinez Estevez,
 Dr Joseph O'Connor, Dr Aaron English

 EPHYSLAB Environmental Physics Laboratory, Universidade de Vigo
 School of Mechanical, Aerospace and Civil Engineering, University of Manchester

 DualSPHysics is free software: you can redistribute it and/or
 modify it under the terms of the GNU Lesser General Public License
 as published by the Free Software Foundation, either version 2.1 of
 the License, or (at your option) any later version.

 DualSPHysics is distributed in the hope that it will be useful,
 but WITHOUT ANY WARRANTY; without even the implied warranty of
 MERCHANTABILITY or FITNESS FOR A PARTICULAR PURPOSE.  See the
 GNU Lesser General Public License for more details.

 You should have received a copy of the GNU Lesser General Public License
 along with DualSPHysics. If not, see <http://www.gnu.org/licenses/>.

 Free download source files and documentation from DualSPHysics website (http://dual.sphysics.org).
 Full list of developers and contributors is available at https://dual.sphysics.org/developers
 Properly cite the use of DualSPHysics (Dominguez et al., 2022) (https://dual.sphysics.org/references).


DualSPHysics5 v5.2.274 (02-02-2024)
====================================
LoadDsphConfig> .../bin/windows/DsphConfig.xml
[CUDA Capable device(s)]
  Detected 1 CUDA Capable device(s)
  CUDA Driver Version / Runtime Version: 13.1 / 11.7
 
Device 0: "NVIDIA GeForce RTX 3050"
  CUDA Capability Major....: 8.6
  Global memory............: 8192 MBytes
  CUDA Cores...............: 2560 (20 Multiprocessors, 128 CUDA Cores/MP)
  GPU Max Clock rate.......: 1777 MHz (1.78 GHz)
  Memory Clock rate........: 7001 Mhz
  Memory Bus Width.........: 128-bit
  L2 Cache Size............: 1536 KBytes
  Constant memory..........: 64 KBytes
  Shared memory per block..: 48 KBytes
  Registers per block......: 65536
  Maximum threads per MP...: 1536
  Maximum threads per block: 1024
  Concurrent copy and kernel execution....: Yes with 1 copy engine(s)
  Run time limit on kernels...............: Yes
  Integrated GPU sharing Host Memory......: No
  Support host page-locked memory mapping.: Yes
  Device has ECC support..................: Disabled
  CUDA Device Driver Mode (TCC or WDDM)...: WDDM (Windows Display Driver Model)
  Device supports Unified Addressing (UVA): Yes
  Device PCI (Domain / Bus / location)....: 0 / 1 / 0
  Device supports P2P and RDMA............: No
 
[GPU Hardware]
Device default: 0 "NVIDIA GeForce RTX 3050"
Compute capability: 8.6
Memory global: 8191 MB
Memory shared: 49152 Bytes
 

[Initialising JSphGpuSingle  21-06-2026 13:00:31]
ProgramFile=".../bin/windows/DualSPHysics5.2_GEO_win64.exe"
ExecutionDir=".../refinement/sweep_corrected_20260621/r0000_d0_full_tout0250"
XmlFile=".../r0000_d0_full_tout0250/out/r0000_d0_full_tout0250.xml"
OutputDir=".../sweep_corrected_20260621/r0000_d0_full_tout0250/out"
OutputDataDir=".../r0000_d0_full_tout0250/out/data"
XML-App: GenCase v5.0.278c (30-10-2023)
XML-Vars (uservars + ctes): MResId=[0]  dummyb=[0.09]  radius=[0.05]  CaseName=["r0000_d0_full_tout0250"]  Data2D=[0]  Data2DPosy=[0]  H=[0.0054]  KernelSize=[0.0108]  B=[3e+06]  Gamma=[7]  Rhop0=[2100]  Dp=[0.003]  Gravity_x=[0]  Gravity_y=[0]  Gravity_z=[0]  MassFluid=[5.67e-05]  MassBound=[5.67e-05]
XML-Vars (parameters): TimeMax=[0.0910929]  TimeOut=[0.00025]

[Soil modelling configuration]

  DP Constants="3D DP Circumscribed"
  Strain Softening="Disabled"
  Cohesion: 1000000000.000000
  Trigger Strength Reduction Factor: 1.650000
  Frictional Angle: 0.575959
  Bulk Modulus: 1666666.750000
  Shear Modulus: 769230.812500
  Hydromechanics="Enabled"
  HydroMechInitMode="None"
  HydroMechDrainage="Enabled"
  HydroMechDrainageStartTime: 0
  HydroMechDrainageBoundary: FreeSurface
  HydroMechTopLoadMode="FlexibleConfinement"
  HydroMechTopLoadDiscretization: Zhao-style kernel-truncation confinement (GPU validation branch)
  HydroMechTopLoadQ0: 10000
  HydroMechTopLoadRampTime: 0
  PoreWaterRho: 1000.000000
  PoreWaterBulkModulus: 2e+08
  Porosity: 0.300000
  HydraulicConductivity: 0.0001
  PoreDtSafety: 0.100000
  PoreShepardRegularization="Disabled"
  PoreShepardInterval: 30

**Basic case configuration is loaded
**Special case configuration is loaded
Loading initial state of particles...
Loaded particles: 22484
MapRealPos(border)=(-0.0502476,-0.0502644,-0.0501854)-(0.09127,0.09127,0.09127)
MapRealPos(final)=(-0.0502476,-0.0502644,-0.0501854)-(0.09127,0.09127,0.09127)
**Initial state of particles is loaded
PosCellCode="13_10_9 (8192,1024,512)"
PosCellSize=0.010800  (1 x KernelSize)
**3D-Simulation parameters:
CaseName="r0000_d0_full_tout0250"
RunName="r0000_d0_full_tout0250"
Symmetry=False
SavePosDouble=False
SvExtraParts="1"
SaveFtAce=False
SvTimers=True
Boundary="DBC"
StepAlgorithm="Symplectic"
Kernel="Wendland"
  Wendland.awen=2653178
  Wendland.bwen=-2.456658e+09
Viscosity="Artificial"
  Visco=0.1
  ViscoBoundFactor=1
ArtificialStress="None"
SoilStressRateGradCorr="None"
SoilDamping="BuiFukagawa2013"
  SoilDampingCoef=0.02
  SoilDampingBoundary="Excluded"
DensityDiffusion="None"
Shifting="None"
RigidAlgorithm="None"
FloatingCount=0
CaseNp=22484
CaseNbound=1
CaseNfixed=1
CaseNmoving=0
CaseNfloat=0
CaseNfluid=22483
PeriodicActive="None"
Dp=0.003
KernelH=0.005400  (CoefficientH=1.03923; H/Dp=1.8)
KernelSize=0.0108
CteB=384615.4
Gamma=7
RhopZero=2100
Cs0=35.80574408560461
CFLnumber=0.2
DtIni=0.000001
DtMin=0.00000001
DtAllParticles=False
FixedDt=0.000001
MassFluid=0.0000567
MassBound=0.0000567
TimeMax=0.09109285473823547
TimePart=0.0002500000118743628
Gravity=(0,0,0)
NpMinimum=1
RhopOut=True
RhopOutMin=700
RhopOutMax=3000
WrnPartsOut=True
CellMode="Full"
ScellDiv=1
MapCells=(14,14,14)
CellDomFixed=False
**Requested GPU memory for 22612 particles: 8.7 MB (0 times).
DomCells=(14,14,14)
DomCellCode="1+11_10_10"
 
BlockSize calculation mode: Fixed.
  BsForcesBound=128 (39 regs)
  BsForcesFluid=128 (74 regs)
 
**CellDiv: Requested gpu memory for 23736 particles: 0.2 MB.
**CellDiv: Requested gpu memory for 1728 cells (CellMode=Full): 0.0 MB.
 
RunMode="Pos-Cell - Single-GPU"
 
Particle summary:
  Fixed....: 1  id:(0-0)   MKs:1 (10)
  Moving...: 0
  Floating.: 0
  Fluid....: 22483  id:(1-22483)   MKs:1 (1)

Total particles: 22484 (bound=1 (fx=1 mv=0 ft=0) fluid=22483)
Total MK blocks: 2 (bound=1 (fx=1 mv=0 ft=0) fluid=1)
 
Allocated memory in CPU: 4523256 (4.31 MB)
Allocated memory in GPU: 9356104 (8.92 MB)
Part_0000        22484 particles successfully stored

[Initialising simulation (8tewxslt)  21-06-2026 13:00:31]
PART       PartTime      TotalSteps    Steps    Time/Sec   Finish time        
=========  ============  ============  =======  =========  ===================
  Progress 0.19% in 30.1s. Estimated finish time: 21-06-2026 17:25:40
Part_0001      0.000250           582      582  174932.49  21-06-2026 17:26:06
Part_0002      0.000500          1165      583  173809.40  21-06-2026 17:25:15
Part_0003      0.000750          1748      583  171802.22  21-06-2026 17:23:56
Part_0004      0.001000          2330      582  159319.02  21-06-2026 17:18:34
Part_0005      0.001250          2913      583  159126.94  21-06-2026 17:15:16
Part_0006      0.001500          3496      583  159482.77  21-06-2026 17:13:10
Part_0007      0.001750          4079      583  159227.39  21-06-2026 17:11:37
Part_0008      0.002000          4662      583  159279.58  21-06-2026 17:10:27
Part_0009      0.002250          5245      583  156970.91  21-06-2026 17:09:10
Part_0010      0.002500          5827      582  157814.22  21-06-2026 17:08:15
Part_0011      0.002750          6410      583  158016.99  21-06-2026 17:07:33
Part_0012      0.003000          6993      583  157584.11  21-06-2026 17:06:53
Part_0013      0.003250          7576      583  157259.13  21-06-2026 17:06:18
Part_0014      0.003500          8159      583  157406.25  21-06-2026 17:05:49
Part_0015      0.003750          8742      583  157014.75  21-06-2026 17:05:21
Part_0016      0.004000          9324      582  157050.32  21-06-2026 17:04:57
Part_0017      0.004250          9907      583  157097.77  21-06-2026 17:04:37
Part_0018      0.004500         10490      583  156943.43  21-06-2026 17:04:17
Part_0019      0.004750         11073      583  165039.28  21-06-2026 17:04:38
Part_0020      0.005000         11656      583  173638.20  21-06-2026 17:05:37
Part_0021      0.005250         12239      583  160053.13  21-06-2026 17:05:31
Part_0022      0.005500         12821      582  159796.79  21-06-2026 17:05:24
Part_0023      0.005750         13404      583  159887.96  21-06-2026 17:05:18
Part_0024      0.006000         13987      583  159954.15  21-06-2026 17:05:14
Part_0025      0.006250         14570      583  160045.77  21-06-2026 17:05:09
Part_0026      0.006500         15153      583  160096.14  21-06-2026 17:05:07
Part_0027      0.006750         15736      583  160283.06  21-06-2026 17:05:04
Part_0028      0.007000         16318      582  160365.11  21-06-2026 17:05:01
Part_0029      0.007250         16901      583  160922.96  21-06-2026 17:05:01
Part_0030      0.007500         17484      583  160803.68  21-06-2026 17:05:00
Part_0031      0.007750         18067      583  159608.47  21-06-2026 17:04:56
Part_0032      0.008000         18650      583  159458.82  21-06-2026 17:04:52
Part_0033      0.008250         19232      582  159768.35  21-06-2026 17:04:48
Part_0034      0.008500         19815      583  159459.21  21-06-2026 17:04:45
Part_0035      0.008750         20398      583  159475.68  21-06-2026 17:04:41
Part_0036      0.009000         20981      583  159019.82  21-06-2026 17:04:36
Part_0037      0.009250         21564      583  158586.98  21-06-2026 17:04:31
Part_0038      0.009500         22147      583  157936.59  21-06-2026 17:04:24
Part_0039      0.009750         22729      582  158080.26  21-06-2026 17:04:18
Part_0040      0.010000         23312      583  157602.04  21-06-2026 17:04:11
Part_0041      0.010250         23895      583  160137.89  21-06-2026 17:04:10
Part_0042      0.010500         24478      583  172565.47  21-06-2026 17:04:37
Part_0043      0.010750         25061      583  158113.77  21-06-2026 17:04:31
Part_0044      0.011000         25644      583  155729.91  21-06-2026 17:04:21
Part_0045      0.011250         26226      582  155520.45  21-06-2026 17:04:11
Part_0046      0.011500         26809      583  155658.09  21-06-2026 17:04:01
Part_0047      0.011750         27392      583  167925.34  21-06-2026 17:04:16
Part_0048      0.012000         27975      583  157238.49  21-06-2026 17:04:09
Part_0049      0.012250         28558      583  156937.27  21-06-2026 17:04:02
Part_0050      0.012500         29141      583  156866.58  21-06-2026 17:03:57
Part_0051      0.012750         29723      582  156581.60  21-06-2026 17:03:50
Part_0052      0.013000         30306      583  156617.47  21-06-2026 17:03:43
Part_0053      0.013250         30889      583  156692.10  21-06-2026 17:03:37
Part_0054      0.013500         31472      583  156692.09  21-06-2026 17:03:31
Part_0055      0.013750         32055      583  156617.63  21-06-2026 17:03:25
Part_0056      0.014000         32638      583  157888.49  21-06-2026 17:03:22
Part_0057      0.014250         33220      582  168076.66  21-06-2026 17:03:35
Part_0058      0.014500         33803      583  173923.42  21-06-2026 17:03:57
Part_0059      0.014750         34386      583  174264.18  21-06-2026 17:04:18
Part_0060      0.015000         34969      583  159223.70  21-06-2026 17:04:17
Part_0061      0.015250         35552      583  157767.58  21-06-2026 17:04:12
Part_0062      0.015500         36135      583  157813.63  21-06-2026 17:04:09
Part_0063      0.015750         36717      582  157791.94  21-06-2026 17:04:04
Part_0064      0.016000         37300      583  158404.28  21-06-2026 17:04:02
Part_0065      0.016250         37883      583  158294.39  21-06-2026 17:03:58
Part_0066      0.016500         38466      583  157983.51  21-06-2026 17:03:56
Part_0067      0.016750         39049      583  157709.45  21-06-2026 17:03:52
Part_0068      0.017000         39631      582  157986.12  21-06-2026 17:03:49
Part_0069      0.017250         40214      583  157954.37  21-06-2026 17:03:45
Part_0070      0.017500         40797      583  157764.52  21-06-2026 17:03:43
Part_0071      0.017750         41380      583  157822.44  21-06-2026 17:03:39
Part_0072      0.018000         41963      583  157807.34  21-06-2026 17:03:36
Part_0073      0.018250         42546      583  157761.95  21-06-2026 17:03:34
Part_0074      0.018500         43128      582  157773.86  21-06-2026 17:03:30
Part_0075      0.018750         43711      583  157597.87  21-06-2026 17:03:28
Part_0076      0.019000         44294      583  157639.87  21-06-2026 17:03:25
Part_0077      0.019250         44877      583  157551.79  21-06-2026 17:03:22
Part_0078      0.019500         45460      583  157648.84  21-06-2026 17:03:19
Part_0079      0.019750         46043      583  157588.43  21-06-2026 17:03:16
Part_0080      0.020000         46625      582  157638.13  21-06-2026 17:03:14
Part_0081      0.020250         47208      583  157789.08  21-06-2026 17:03:11
Part_0082      0.020500         47791      583  158160.55  21-06-2026 17:03:10
Part_0083      0.020750         48374      583  158224.70  21-06-2026 17:03:08
Part_0084      0.021000         48957      583  158152.31  21-06-2026 17:03:06
Part_0085      0.021250         49540      583  158195.95  21-06-2026 17:03:04
Part_0086      0.021500         50122      582  158081.74  21-06-2026 17:03:03
Part_0087      0.021750         50705      583  157932.39  21-06-2026 17:03:00
Part_0088      0.022000         51288      583  157979.41  21-06-2026 17:02:59
Part_0089      0.022250         51871      583  157943.99  21-06-2026 17:02:57
Part_0090      0.022500         52454      583  158231.66  21-06-2026 17:02:56
Part_0091      0.022750         53037      583  158244.16  21-06-2026 17:02:55
Part_0092      0.023000         53619      582  158127.31  21-06-2026 17:02:53
Part_0093      0.023250         54202      583  158125.93  21-06-2026 17:02:52
Part_0094      0.023500         54785      583  158349.60  21-06-2026 17:02:50
Part_0095      0.023750         55368      583  157985.62  21-06-2026 17:02:49
Part_0096      0.024000         55951      583  158015.69  21-06-2026 17:02:47
Part_0097      0.024250         56533      582  157681.87  21-06-2026 17:02:46
Part_0098      0.024500         57116      583  157492.89  21-06-2026 17:02:43
Part_0099      0.024750         57699      583  157771.27  21-06-2026 17:02:41
Part_0100      0.025000         58282      583  157731.67  21-06-2026 17:02:40
Part_0101      0.025250         58865      583  157792.84  21-06-2026 17:02:38
Part_0102      0.025500         59448      583  158418.93  21-06-2026 17:02:38
Part_0103      0.025750         60030      582  157693.00  21-06-2026 17:02:36
Part_0104      0.026000         60613      583  157469.74  21-06-2026 17:02:35
Part_0105      0.026250         61196      583  157633.53  21-06-2026 17:02:33
Part_0106      0.026500         61779      583  157633.02  21-06-2026 17:02:31
Part_0107      0.026750         62362      583  157649.72  21-06-2026 17:02:30
Part_0108      0.027000         62945      583  157740.33  21-06-2026 17:02:28
Part_0109      0.027250         63527      582  157940.45  21-06-2026 17:02:27
Part_0110      0.027500         64110      583  157768.42  21-06-2026 17:02:26
Part_0111      0.027750         64693      583  158265.51  21-06-2026 17:02:25
Part_0112      0.028000         65276      583  157808.65  21-06-2026 17:02:23
Part_0113      0.028250         65859      583  157501.05  21-06-2026 17:02:22
Part_0114      0.028500         66442      583  157548.24  21-06-2026 17:02:21
Part_0115      0.028750         67024      582  157733.14  21-06-2026 17:02:19
Part_0116      0.029000         67607      583  157403.81  21-06-2026 17:02:18
Part_0117      0.029250         68190      583  157568.56  21-06-2026 17:02:17
Part_0118      0.029500         68773      583  157761.71  21-06-2026 17:02:16
Part_0119      0.029750         69356      583  157700.25  21-06-2026 17:02:14
Part_0120      0.030000         69939      583  158069.58  21-06-2026 17:02:14
Part_0121      0.030250         70521      582  158079.76  21-06-2026 17:02:13
Part_0122      0.030500         71104      583  157659.56  21-06-2026 17:02:11
Part_0123      0.030750         71687      583  157986.81  21-06-2026 17:02:11
Part_0124      0.031000         72270      583  157501.74  21-06-2026 17:02:09
Part_0125      0.031250         72853      583  157576.97  21-06-2026 17:02:08
Part_0126      0.031500         73436      583  157867.13  21-06-2026 17:02:07
Part_0127      0.031750         74018      582  157902.16  21-06-2026 17:02:07
Part_0128      0.032000         74601      583  173533.55  21-06-2026 17:02:17
Part_0129      0.032250         75184      583  160824.30  21-06-2026 17:02:18
Part_0130      0.032500         75767      583  159412.74  21-06-2026 17:02:18
Part_0131      0.032750         76350      583  159414.89  21-06-2026 17:02:18
Part_0132      0.033000         76932      582  159224.71  21-06-2026 17:02:18
Part_0133      0.033250         77515      583  159190.46  21-06-2026 17:02:18
Part_0134      0.033500         78098      583  159297.63  21-06-2026 17:02:18
Part_0135      0.033750         78681      583  159629.29  21-06-2026 17:02:18
Part_0136      0.034000         79264      583  159519.92  21-06-2026 17:02:18
Part_0137      0.034250         79847      583  159085.11  21-06-2026 17:02:18
Part_0138      0.034500         80429      582  159392.60  21-06-2026 17:02:19
Part_0139      0.034750         81012      583  159514.43  21-06-2026 17:02:19
Part_0140      0.035000         81595      583  159367.23  21-06-2026 17:02:19
Part_0141      0.035250         82178      583  158855.80  21-06-2026 17:02:18
Part_0142      0.035500         82761      583  158933.94  21-06-2026 17:02:18
Part_0143      0.035750         83344      583  159206.20  21-06-2026 17:02:18
Part_0144      0.036000         83926      582  159287.60  21-06-2026 17:02:19
Part_0145      0.036250         84509      583  159535.15  21-06-2026 17:02:19
Part_0146      0.036500         85092      583  159771.10  21-06-2026 17:02:18
Part_0147      0.036750         85675      583  159488.53  21-06-2026 17:02:18
Part_0148      0.037000         86258      583  159558.82  21-06-2026 17:02:19
Part_0149      0.037250         86841      583  159360.88  21-06-2026 17:02:19
Part_0150      0.037500         87423      582  159496.80  21-06-2026 17:02:19
Part_0151      0.037750         88006      583  159316.75  21-06-2026 17:02:19
Part_0152      0.038000         88589      583  159221.26  21-06-2026 17:02:20
Part_0153      0.038250         89172      583  158989.62  21-06-2026 17:02:19
Part_0154      0.038500         89755      583  158677.98  21-06-2026 17:02:19
Part_0155      0.038750         90338      583  158698.06  21-06-2026 17:02:19
Part_0156      0.039000         90920      582  159692.46  21-06-2026 17:02:19
Part_0157      0.039250         91503      583  159252.56  21-06-2026 17:02:18
Part_0158      0.039500         92086      583  159314.46  21-06-2026 17:02:18
Part_0159      0.039750         92669      583  159021.53  21-06-2026 17:02:18
Part_0160      0.040000         93252      583  158890.95  21-06-2026 17:02:18
Part_0161      0.040250         93835      583  158936.59  21-06-2026 17:02:18
Part_0162      0.040500         94417      582  158999.58  21-06-2026 17:02:18
Part_0163      0.040750         95000      583  158909.92  21-06-2026 17:02:18
Part_0164      0.041000         95583      583  159554.68  21-06-2026 17:02:18
Part_0165      0.041250         96166      583  160263.91  21-06-2026 17:02:19
Part_0166      0.041500         96749      583  159964.36  21-06-2026 17:02:19
Part_0167      0.041750         97331      582  159361.78  21-06-2026 17:02:19
Part_0168      0.042000         97914      583  159390.74  21-06-2026 17:02:19
Part_0169      0.042250         98497      583  159351.70  21-06-2026 17:02:19
Part_0170      0.042500         99080      583  159401.37  21-06-2026 17:02:19
Part_0171      0.042750         99663      583  159380.47  21-06-2026 17:02:19
Part_0172      0.043000        100246      583  159419.66  21-06-2026 17:02:19
Part_0173      0.043250        100828      582  159379.16  21-06-2026 17:02:19
Part_0174      0.043500        101411      583  160012.26  21-06-2026 17:02:20
Part_0175      0.043750        101994      583  160215.30  21-06-2026 17:02:20
Part_0176      0.044000        102577      583  159489.21  21-06-2026 17:02:20
Part_0177      0.044250        103160      583  159348.39  21-06-2026 17:02:21
Part_0178      0.044500        103743      583  159259.69  21-06-2026 17:02:20
Part_0179      0.044750        104325      582  159510.62  21-06-2026 17:02:20
Part_0180      0.045000        104908      583  159722.40  21-06-2026 17:02:20
Part_0181      0.045250        105491      583  159267.66  21-06-2026 17:02:21
Part_0182      0.045500        106074      583  159240.72  21-06-2026 17:02:21
Part_0183      0.045750        106657      583  160042.02  21-06-2026 17:02:21
Part_0184      0.046000        107240      583  159881.49  21-06-2026 17:02:21
Part_0185      0.046250        107822      582  159585.09  21-06-2026 17:02:22
Part_0186      0.046500        108405      583  159441.56  21-06-2026 17:02:22
Part_0187      0.046750        108988      583  159290.89  21-06-2026 17:02:21
Part_0188      0.047000        109571      583  159392.36  21-06-2026 17:02:21
Part_0189      0.047250        110154      583  159366.48  21-06-2026 17:02:21
Part_0190      0.047500        110737      583  159285.74  21-06-2026 17:02:22
Part_0191      0.047750        111319      582  159270.76  21-06-2026 17:02:22
Part_0192      0.048000        111902      583  159646.88  21-06-2026 17:02:22
Part_0193      0.048250        112485      583  160201.15  21-06-2026 17:02:22
Part_0194      0.048500        113068      583  159485.83  21-06-2026 17:02:23
Part_0195      0.048750        113651      583  159350.90  21-06-2026 17:02:22
Part_0196      0.049000        114233      582  159300.23  21-06-2026 17:02:22
Part_0197      0.049250        114816      583  159433.61  21-06-2026 17:02:22
Part_0198      0.049500        115399      583  159602.40  21-06-2026 17:02:22
Part_0199      0.049750        115982      583  159622.19  21-06-2026 17:02:23
Part_0200      0.050000        116565      583  159497.18  21-06-2026 17:02:23
Part_0201      0.050250        117148      583  160037.10  21-06-2026 17:02:23
Part_0202      0.050500        117730      582  160360.39  21-06-2026 17:02:24
Part_0203      0.050750        118313      583  159397.22  21-06-2026 17:02:24
Part_0204      0.051000        118896      583  159275.72  21-06-2026 17:02:23
Part_0205      0.051250        119479      583  159260.84  21-06-2026 17:02:23
Part_0206      0.051500        120062      583  159370.64  21-06-2026 17:02:23
Part_0207      0.051750        120645      583  159544.86  21-06-2026 17:02:23
Part_0208      0.052000        121227      582  159336.08  21-06-2026 17:02:24
Part_0209      0.052250        121810      583  159656.66  21-06-2026 17:02:24
Part_0210      0.052500        122393      583  159637.34  21-06-2026 17:02:24
Part_0211      0.052750        122976      583  160034.07  21-06-2026 17:02:24
Part_0212      0.053000        123559      583  159850.44  21-06-2026 17:02:25
Part_0213      0.053250        124142      583  159628.10  21-06-2026 17:02:25
Part_0214      0.053500        124724      582  159725.87  21-06-2026 17:02:24
Part_0215      0.053750        125307      583  159518.25  21-06-2026 17:02:24
Part_0216      0.054000        125890      583  159746.61  21-06-2026 17:02:25
Part_0217      0.054250        126473      583  159783.37  21-06-2026 17:02:25
Part_0218      0.054500        127056      583  163641.33  21-06-2026 17:02:27
Part_0219      0.054750        127639      583  161110.06  21-06-2026 17:02:28
Part_0220      0.055000        128221      582  166602.44  21-06-2026 17:02:31
Part_0221      0.055250        128804      583  162689.00  21-06-2026 17:02:32
Part_0222      0.055500        129387      583  161034.18  21-06-2026 17:02:33
Part_0223      0.055750        129970      583  161622.64  21-06-2026 17:02:33
Part_0224      0.056000        130553      583  161153.77  21-06-2026 17:02:35
Part_0225      0.056250        131136      583  164943.35  21-06-2026 17:02:36
Part_0226      0.056500        131718      582  161971.54  21-06-2026 17:02:37
Part_0227      0.056750        132301      583  162872.55  21-06-2026 17:02:39
Part_0228      0.057000        132884      583  161818.43  21-06-2026 17:02:40
Part_0229      0.057250        133467      583  166634.93  21-06-2026 17:02:42
Part_0230      0.057500        134050      583  165227.53  21-06-2026 17:02:45
Part_0231      0.057750        134632      582  163835.69  21-06-2026 17:02:47
Part_0232      0.058000        135215      583  161761.26  21-06-2026 17:02:47
Part_0233      0.058250        135798      583  161335.93  21-06-2026 17:02:48
Part_0234      0.058500        136381      583  160870.46  21-06-2026 17:02:49
Part_0235      0.058750        136964      583  162344.49  21-06-2026 17:02:50
Part_0236      0.059000        137547      583  161153.89  21-06-2026 17:02:50
Part_0237      0.059250        138129      582  160562.24  21-06-2026 17:02:51
Part_0238      0.059500        138712      583  162464.03  21-06-2026 17:02:52
Part_0239      0.059750        139295      583  161077.64  21-06-2026 17:02:52
Part_0240      0.060000        139878      583  159996.21  21-06-2026 17:02:52
Part_0241      0.060250        140461      583  163530.61  21-06-2026 17:02:54
Part_0242      0.060500        141044      583  160797.35  21-06-2026 17:02:55
Part_0243      0.060750        141626      582  161507.38  21-06-2026 17:02:55
Part_0244      0.061000        142209      583  160726.04  21-06-2026 17:02:55
Part_0245      0.061250        142792      583  161335.02  21-06-2026 17:02:56
Part_0246      0.061500        143375      583  160399.65  21-06-2026 17:02:57
Part_0247      0.061750        143958      583  161248.80  21-06-2026 17:02:57
Part_0248      0.062000        144541      583  161257.59  21-06-2026 17:02:57
Part_0249      0.062250        145123      582  161606.98  21-06-2026 17:02:59
Part_0250      0.062500        145706      583  163681.27  21-06-2026 17:02:59
Part_0251      0.062750        146289      583  164766.19  21-06-2026 17:03:02
Part_0252      0.063000        146872      583  167103.48  21-06-2026 17:03:04
Part_0253      0.063250        147455      583  165357.42  21-06-2026 17:03:06
Part_0254      0.063500        148038      583  162639.65  21-06-2026 17:03:07
Part_0255      0.063750        148620      582  162712.05  21-06-2026 17:03:08
Part_0256      0.064000        149203      583  162828.83  21-06-2026 17:03:09
Part_0257      0.064250        149786      583  161469.36  21-06-2026 17:03:10
Part_0258      0.064500        150369      583  161960.61  21-06-2026 17:03:11
Part_0259      0.064750        150952      583  161482.34  21-06-2026 17:03:11
Part_0260      0.065000        151534      582  160453.12  21-06-2026 17:03:11
Part_0261      0.065250        152117      583  161045.56  21-06-2026 17:03:11
Part_0262      0.065500        152700      583  161384.87  21-06-2026 17:03:13
Part_0263      0.065750        153283      583  160637.18  21-06-2026 17:03:13
Part_0264      0.066000        153866      583  161001.29  21-06-2026 17:03:13
Part_0265      0.066250        154449      583  162133.44  21-06-2026 17:03:14
Part_0266      0.066500        155031      582  162090.03  21-06-2026 17:03:14
Part_0267      0.066750        155614      583  162651.56  21-06-2026 17:03:16
Part_0268      0.067000        156197      583  160938.30  21-06-2026 17:03:16
Part_0269      0.067250        156780      583  161554.75  21-06-2026 17:03:17
Part_0270      0.067500        157363      583  161587.77  21-06-2026 17:03:17
Part_0271      0.067750        157946      583  160930.42  21-06-2026 17:03:17
Part_0272      0.068000        158528      582  160928.89  21-06-2026 17:03:17
Part_0273      0.068250        159111      583  160358.56  21-06-2026 17:03:17
Part_0274      0.068500        159694      583  161460.79  21-06-2026 17:03:19
Part_0275      0.068750        160277      583  162799.48  21-06-2026 17:03:20
Part_0276      0.069000        160860      583  161508.63  21-06-2026 17:03:20
Part_0277      0.069250        161443      583  162838.76  21-06-2026 17:03:21
Part_0278      0.069500        162025      582  164510.70  21-06-2026 17:03:23
Part_0279      0.069750        162608      583  164052.20  21-06-2026 17:03:24
Part_0280      0.070000        163191      583  163607.83  21-06-2026 17:03:25
Part_0281      0.070250        163774      583  164434.87  21-06-2026 17:03:26
Part_0282      0.070500        164357      583  164133.91  21-06-2026 17:03:28
Part_0283      0.070750        164940      583  163444.53  21-06-2026 17:03:29
Part_0284      0.071000        165522      582  163718.99  21-06-2026 17:03:30
Part_0285      0.071250        166105      583  163950.24  21-06-2026 17:03:32
Part_0286      0.071500        166688      583  162736.13  21-06-2026 17:03:32
Part_0287      0.071750        167271      583  162690.68  21-06-2026 17:03:33
Part_0288      0.072000        167854      583  163108.46  21-06-2026 17:03:34
Part_0289      0.072250        168437      583  163786.16  21-06-2026 17:03:35
Part_0290      0.072500        169019      582  162588.33  21-06-2026 17:03:35
Part_0291      0.072750        169602      583  162753.59  21-06-2026 17:03:37
Part_0292      0.073000        170185      583  163402.76  21-06-2026 17:03:38
Part_0293      0.073250        170768      583  163431.00  21-06-2026 17:03:39
Part_0294      0.073500        171351      583  163692.60  21-06-2026 17:03:40
Part_0295      0.073750        171933      582  163271.69  21-06-2026 17:03:40
Part_0296      0.074000        172516      583  163324.74  21-06-2026 17:03:41
Part_0297      0.074250        173099      583  163203.07  21-06-2026 17:03:42
Part_0298      0.074500        173682      583  163343.80  21-06-2026 17:03:44
Part_0299      0.074750        174265      583  163202.50  21-06-2026 17:03:45
Part_0300      0.075000        174848      583  163476.49  21-06-2026 17:03:46
Part_0301      0.075250        175430      582  166927.53  21-06-2026 17:03:47
Part_0302      0.075500        176013      583  163834.45  21-06-2026 17:03:48
Part_0303      0.075750        176596      583  163964.40  21-06-2026 17:03:49
Part_0304      0.076000        177179      583  165133.35  21-06-2026 17:03:52
Part_0305      0.076250        177762      583  164247.10  21-06-2026 17:03:53
Part_0306      0.076500        178345      583  164235.30  21-06-2026 17:03:54
Part_0307      0.076750        178927      582  163825.13  21-06-2026 17:03:55
Part_0308      0.077000        179510      583  164118.39  21-06-2026 17:03:56
Part_0309      0.077250        180093      583  163689.06  21-06-2026 17:03:57
Part_0310      0.077500        180676      583  163909.68  21-06-2026 17:03:58
Part_0311      0.077750        181259      583  164994.84  21-06-2026 17:03:59
Part_0312      0.078000        181842      583  164754.98  21-06-2026 17:04:00
Part_0313      0.078250        182424      582  164157.43  21-06-2026 17:04:01
Part_0314      0.078500        183007      583  164938.44  21-06-2026 17:04:02
Part_0315      0.078750        183590      583  164331.12  21-06-2026 17:04:04
Part_0316      0.079000        184173      583  163214.48  21-06-2026 17:04:04
Part_0317      0.079250        184756      583  162705.86  21-06-2026 17:04:05
Part_0318      0.079500        185339      583  163760.02  21-06-2026 17:04:06
Part_0319      0.079750        185921      582  163073.10  21-06-2026 17:04:08
Part_0320      0.080000        186504      583  163358.76  21-06-2026 17:04:07
Part_0321      0.080250        187087      583  163316.79  21-06-2026 17:04:08
Part_0322      0.080500        187670      583  164657.68  21-06-2026 17:04:09
Part_0323      0.080750        188253      583  164409.00  21-06-2026 17:04:11
Part_0324      0.081000        188835      582  164236.78  21-06-2026 17:04:12
Part_0325      0.081250        189418      583  160310.51  21-06-2026 17:04:12
Part_0326      0.081500        190001      583  162055.77  21-06-2026 17:04:12
Part_0327      0.081750        190584      583  163280.06  21-06-2026 17:04:13
Part_0328      0.082000        191167      583  163962.85  21-06-2026 17:04:14
Part_0329      0.082250        191750      583  164004.75  21-06-2026 17:04:15
Part_0330      0.082500        192332      582  166211.86  21-06-2026 17:04:16
Part_0331      0.082750        192915      583  168416.39  21-06-2026 17:04:19
Part_0332      0.083000        193498      583  170885.70  21-06-2026 17:04:21
Part_0333      0.083250        194081      583  166567.96  21-06-2026 17:04:23
Part_0334      0.083500        194664      583  164836.34  21-06-2026 17:04:24
Part_0335      0.083750        195247      583  165064.50  21-06-2026 17:04:26
Part_0336      0.084000        195829      582  173891.78  21-06-2026 17:04:29
Part_0337      0.084250        196412      583  163539.32  21-06-2026 17:04:30
Part_0338      0.084500        196995      583  162608.32  21-06-2026 17:04:30
Part_0339      0.084750        197578      583  163062.65  21-06-2026 17:04:31
Part_0340      0.085000        198161      583  164749.69  21-06-2026 17:04:32
Part_0341      0.085250        198744      583  164338.59  21-06-2026 17:04:34
Part_0342      0.085500        199326      582  163962.77  21-06-2026 17:04:34
Part_0343      0.085750        199909      583  164028.11  21-06-2026 17:04:35
Part_0344      0.086000        200492      583  159729.01  21-06-2026 17:04:34
Part_0345      0.086250        201075      583  159824.25  21-06-2026 17:04:34
Part_0346      0.086500        201658      583  162443.29  21-06-2026 17:04:35
Part_0347      0.086750        202241      583  161710.37  21-06-2026 17:04:35
Part_0348      0.087000        202823      582  164150.92  21-06-2026 17:04:36
Part_0349      0.087250        203406      583  161537.46  21-06-2026 17:04:36
Part_0350      0.087500        203989      583  160833.58  21-06-2026 17:04:36
Part_0351      0.087750        204572      583  160466.75  21-06-2026 17:04:36
Part_0352      0.088000        205155      583  159014.65  21-06-2026 17:04:36
Part_0353      0.088250        205738      583  159686.13  21-06-2026 17:04:35
Part_0354      0.088500        206320      582  160226.60  21-06-2026 17:04:35
Part_0355      0.088750        206903      583  160929.06  21-06-2026 17:04:35
Part_0356      0.089000        207486      583  162731.84  21-06-2026 17:04:36
Part_0357      0.089250        208069      583  163479.90  21-06-2026 17:04:37
Part_0358      0.089500        208652      583  163945.36  21-06-2026 17:04:38
Part_0359      0.089750        209234      582  164688.16  21-06-2026 17:04:38
Part_0360      0.090000        209817      583  163949.95  21-06-2026 17:04:39
Part_0361      0.090250        210400      583  165301.21  21-06-2026 17:04:40
Part_0362      0.090500        210983      583  163562.12  21-06-2026 17:04:41
Part_0363      0.090750        211566      583  163116.06  21-06-2026 17:04:42
Part_0364      0.091000        212149      583  163816.99  21-06-2026 17:04:42

[Simulation finished  21-06-2026 17:04:43]
Particles of simulation (initial): 22484
DTs adjusted to DtMin............: 0
Excluded particles...............: 0
Total Runtime....................: 14651.694336 sec.
Simulation Runtime...............: 14651.650391 sec.
Runtime per physical second......: 160842.703125 sec.
Steps per second.................: 14.494271
Steps of simulation..............: 212365
PART files.......................: 365
Maximum number of particles......: 22484
Maximum number of cells..........: 1331
CPU Memory.......................: 4523256 (4.31 MB)
GPU Memory.......................: 9356104 (8.92 MB)
 
[GPU Timers]
VA-Init..........................: 0.043315 sec.
NL-Limits........................: 41.345306 sec.
NL-PreSort.......................: 5.156727 sec.
NL-RadixSort.....................: 72.364753 sec.
NL-CellBegin.....................: 34.115290 sec.
NL-SortData......................: 45.356143 sec.
NL-OutCheck......................: 3549.364020 sec.
CF-PreForces.....................: 74.132085 sec.
CF-Forces........................: 7198.076534 sec.
SU-Shifting......................: 0 sec.
SU-ComputeStep...................: 22.954005 sec.
SU-Floating......................: 0 sec.
SU-Motion........................: 0 sec.
SU-Periodic......................: 0 sec.
SU-ResizeNp......................: 0 sec.
SU-DownData......................: 3.394078 sec.
SU-SavePart......................: 2.713081 sec.
SU-Chrono........................: 0 sec.
SU-Moorings......................: 0 sec.
SU-InOut.........................: 0 sec.
SU-Gauges........................: 0.000000 sec.
 
[Output files]
- CfgInit_Domain.vtk...: Saves the limits of the case and the simulation domain limits.
- CfgInit_MapCells.vtk.: Saves the cell division of the simulation domain.
- Run.csv..............: One line CSV file with execution parameters and other simulation data.
- Run.out..............: Log file of the simulation.
- data/PartInfo.ibi4...: Binary file with execution information for each instant (input for PartInfo program).
- data/PartOut_???.obi4: Binary file with particles excluded during simulation (input for PartVtkOut program).
- data/Part_????.bi4...: Binary file with particle data in different instants.
- data/Part_Head.ibi4..: Binary file with basic information of simulation data.
 
[References]
- Official solver reference DualSPHysics v5.0: J.M. Dominguez, G. Fourtakas,
    C. Altomare, R.B. Canelas, A. Tafuni, O. Garcia-Feal, I. Martinez-Estevez,
    A. Mokos, R. Vacondio, A.J.C. Crespo, B.D. Rogers, P.K. Stansby, M. Gomez-Gesteira.
    2022. DualSPHysics: from fluid dynamics to multiphysics problems.
    Computational Particle Mechanics, 9:867-895. doi: https://doi.org/10.1007/s40571-021-00404-2

- Optimised CPU multi-core and GPU implementation (Dominguez et al., 2013  https://doi.org/10.1016/j.cpc.2012.10.015)
- Dynamic boundary conditions (Crespo et al., 2007  https://doi.org/10.3970/cmc.2007.005.173)
- Viscosity: Artificial (Monaghan, 1992  https://doi.org/10.1146/annurev.aa.30.090192.002551)
- Kernel: Quintic Wendland (Wendland, 1995  https://doi.org/10.1007/BF02123482)
- Time integration scheme: Symplectic (Leimkhuler, 1996  https://doi.org/10.1007/978-3-319-16375-8_1)

Finished execution (code=0).

